[1/480] dts-v4           fhnw-binpack4-48             s1 Time limit reached   wall=300.1
[2/480] dev              gen-ip002                    s1 Time limit reached   wall=300.2
[3/480] dts-v4           academictimetablesmall       s1 Time limit reached   wall=300.6
[4/480] dts-v4           glass-sc                     s1 Time limit reached   wall=300.1
[5/480] dev              academictimetablesmall       s1 Time limit reached   wall=300.5
[6/480] dts-v4           fhnw-binpack4-4              s1 Time limit reached   wall=300.1
[7/480] dts-v4           gen-ip002                    s1 Time limit reached   wall=300.2
[8/480] dev              fhnw-binpack4-4              s1 Time limit reached   wall=300.1
[9/480] dev              glass-sc                     s1 Time limit reached   wall=300.1
[10/480] dev              fhnw-binpack4-48             s1 Time limit reached   wall=300.1
[11/480] dev              h80x6320d                    s1 Optimal              wall=10.0
[12/480] dts-v4           h80x6320d                    s1 Optimal              wall=9.6
[13/480] dts-v4           brazil3                      s1 Optimal              wall=125.8
[14/480] dts-v4           gmu-35-40                    s1 Optimal              wall=139.3
[15/480] dev              gmu-35-40                    s1 Optimal              wall=268.1
[16/480] dev              glass4                       s1 Time limit reached   wall=300.1
[17/480] dts-v4           glass4                       s1 Time limit reached   wall=300.1
[18/480] dts-v4           graph20-20-1rand             s1 Time limit reached   wall=300.1
[19/480] dev              graph20-20-1rand             s1 Time limit reached   wall=300.1
[20/480] dev              brazil3                      s1 Time limit reached   wall=300.2
[21/480] dts-v4           gmu-35-50                    s1 Time limit reached   wall=300.1
[22/480] dev              gmu-35-50                    s1 Time limit reached   wall=300.1
[23/480] dts-v4           beasleyC3                    s1 Optimal              wall=7.8
[24/480] dev              beasleyC3                    s1 Optimal              wall=10.0
[25/480] dev              graphdraw-domain             s1 Time limit reached   wall=300.0
[26/480] dts-v4           graphdraw-domain             s1 Time limit reached   wall=300.0
[27/480] dts-v4           comp07-2idx                  s1 Optimal              wall=38.5
[28/480] dts-v4           irp                          s1 Optimal              wall=11.0
[29/480] dev              irp                          s1 Optimal              wall=9.9
[30/480] dev              comp07-2idx                  s1 Optimal              wall=42.7
[31/480] dev              istanbul-no-cutoff           s1 Optimal              wall=232.9
[32/480] dts-v4           istanbul-no-cutoff           s1 Optimal              wall=244.7
[33/480] dts-v4           icir97_tension               s1 Time limit reached   wall=300.1
[34/480] dev              icir97_tension               s1 Time limit reached   wall=300.1
[35/480] dev              lectsched-5-obj              s1 Time limit reached   wall=300.3
[36/480] dts-v4           lectsched-5-obj              s1 Time limit reached   wall=300.2
[37/480] dts-v4           ic97_potential               s1 Time limit reached   wall=300.1
[38/480] dev              ic97_potential               s1 Time limit reached   wall=300.1
[39/480] dts-v4           cbs-cta                      s1 Optimal              wall=78.8
[40/480] dev              cbs-cta                      s1 Optimal              wall=80.9
[41/480] dts-v4           k1mushroom                   s1 Optimal              wall=231.6
[42/480] dts-v4           irish-electricity            s1 Time limit reached   wall=300.7
[43/480] dev              irish-electricity            s1 Time limit reached   wall=300.8
[44/480] dev              k1mushroom                   s1 Optimal              wall=266.1
[45/480] dts-v4           mad                          s1 Time limit reached   wall=300.1
[46/480] dev              mad                          s1 Time limit reached   wall=300.1
[47/480] dev              mas74                        s1 Time limit reached   wall=300.1
[48/480] dts-v4           mas74                        s1 Time limit reached   wall=300.1
[49/480] dev              dano3_5                      s1 Optimal              wall=184.7
[50/480] dts-v4           lotsize                      s1 Time limit reached   wall=300.0
[51/480] dev              lotsize                      s1 Time limit reached   wall=300.1
[52/480] dts-v4           mik-250-20-75-4              s1 Optimal              wall=14.3
[53/480] dts-v4           dano3_5                      s1 Optimal              wall=176.6
[54/480] dev              mik-250-20-75-4              s1 Optimal              wall=14.5
[55/480] dev              markshare_4_0                s1 Optimal              wall=66.9
[56/480] dts-v4           markshare_4_0                s1 Optimal              wall=81.1
[57/480] dev              markshare2                   s1 Time limit reached   wall=300.1
[58/480] dts-v4           mzzv42z                      s1 Optimal              wall=37.8
[59/480] dts-v4           markshare2                   s1 Time limit reached   wall=300.1
[60/480] dev              mzzv42z                      s1 Optimal              wall=41.2
[61/480] dts-v4           map16715-04                  s1 Time limit reached   wall=301.2
[62/480] dev              ex9                          s1 Optimal              wall=2.6
[63/480] dts-v4           ex9                          s1 Optimal              wall=2.4
[64/480] dev              map16715-04                  s1 Time limit reached   wall=301.0
[65/480] dev              map10                        s1 Time limit reached   wall=301.0
[66/480] dts-v4           map10                        s1 Time limit reached   wall=301.1
[67/480] dts-v4           mcsched                      s1 Optimal              wall=146.0
[68/480] dev              mcsched                      s1 Optimal              wall=179.0
[69/480] dts-v4           mushroom-best                s1 Optimal              wall=173.5
[70/480] dts-v4           neos-1122047                 s1 Optimal              wall=4.1
[71/480] dev              neos-1122047                 s1 Optimal              wall=4.1
[72/480] dev              drayage-100-23               s1 Optimal              wall=1.0
[73/480] dts-v4           drayage-100-23               s1 Optimal              wall=1.0
[74/480] dts-v4           cost266-UUE                  s1 Time limit reached   wall=300.1
[75/480] dev              mushroom-best                s1 Optimal              wall=207.7
[76/480] dev              cost266-UUE                  s1 Time limit reached   wall=300.1
[77/480] dev              mzzv11                       s1 Optimal              wall=84.6
[78/480] dts-v4           n5-3                         s1 Optimal              wall=12.1
[79/480] dev              n5-3                         s1 Optimal              wall=12.0
[80/480] dts-v4           mzzv11                       s1 Optimal              wall=80.5
[81/480] dts-v4           neos-1456979                 s1 Optimal              wall=125.1
[82/480] dts-v4           momentum1                    s1 Time limit reached   wall=300.2
[83/480] dev              momentum1                    s1 Time limit reached   wall=300.1
[84/480] dts-v4           milo-v12-6-r2-40-1           s1 Time limit reached   wall=300.1
[85/480] dev              milo-v12-6-r2-40-1           s1 Time limit reached   wall=300.1
[86/480] dts-v4           neos-1171448                 s1 Optimal              wall=8.9
[87/480] dev              neos-1456979                 s1 Optimal              wall=216.3
[88/480] dev              neos-1171448                 s1 Optimal              wall=8.9
[89/480] dts-v4           neos-1445765                 s1 Optimal              wall=22.7
[90/480] dev              neos-1445765                 s1 Optimal              wall=25.0
[91/480] dts-v4           neos-1354092                 s1 Time limit reached   wall=300.8
[92/480] dev              neos-1354092                 s1 Time limit reached   wall=300.7
[93/480] dts-v4           neos-1171737                 s1 Time limit reached   wall=300.1
[94/480] dts-v4           fast0507                     s1 Optimal              wall=179.7
[95/480] dev              neos-1171737                 s1 Time limit reached   wall=300.1
[96/480] dev              germanrr                     s1 Time limit reached   wall=460.6
[97/480] dev              neos-2987310-joes            s1 Optimal              wall=4.2
[98/480] dts-v4           neos-2987310-joes            s1 Optimal              wall=4.1
[99/480] dev              neos-2657525-crna            s1 Time limit reached   wall=300.1
[100/480] dts-v4           neos-2657525-crna            s1 Time limit reached   wall=300.1
[101/480] dev              fast0507                     s1 Time limit reached   wall=300.3
[102/480] dev              neos-2978193-inde            s1 Optimal              wall=32.5
[103/480] dts-v4           neos-2978193-inde            s1 Optimal              wall=48.9
[104/480] dts-v4           neos-2075418-temuka          s1 Infeasible           wall=165.6
[105/480] dts-v4           neos-3004026-krka            s1 Optimal              wall=15.0
[106/480] dev              neos-3381206-awhea           s1 Optimal              wall=1.0
[107/480] dts-v4           neos-3381206-awhea           s1 Optimal              wall=1.0
[108/480] dts-v4           germanrr                     s1 Time limit reached   wall=550.3
[109/480] dev              neos-2075418-temuka          s1 Infeasible           wall=183.8
[110/480] dts-v4           neos-3024952-loue            s1 Time limit reached   wall=300.4
[111/480] dev              neos-3024952-loue            s1 Time limit reached   wall=300.4
[112/480] dev              neos-3004026-krka            s1 Optimal              wall=181.3
[113/480] dts-v4           highschool1-aigio            s1 Time limit reached   wall=302.3
[114/480] dev              highschool1-aigio            s1 Time limit reached   wall=302.3
[115/480] dts-v4           neos-2746589-doon            s1 Time limit reached   wall=300.7
[116/480] dev              neos-2746589-doon            s1 Time limit reached   wall=300.4
[117/480] dts-v4           assign1-5-8                  s1 Time limit reached   wall=300.1
[118/480] dev              assign1-5-8                  s1 Time limit reached   wall=300.1
[119/480] dev              neos-3656078-kumeu           s1 Time limit reached   wall=300.1
[120/480] dts-v4           neos-3656078-kumeu           s1 Time limit reached   wall=300.1
[121/480] dev              neos-3216931-puriri          s1 Time limit reached   wall=300.1
[122/480] dev              neos-3402294-bobin           s1 Optimal              wall=27.3
[123/480] dev              neos-3627168-kasai           s1 Optimal              wall=15.0
[124/480] dts-v4           neos-3627168-kasai           s1 Optimal              wall=20.6
[125/480] dts-v4           neos-3402294-bobin           s1 Optimal              wall=26.1
[126/480] dts-v4           neos-3216931-puriri          s1 Time limit reached   wall=300.1
[127/480] dts-v4           neos-3555904-turama          s1 Time limit reached   wall=301.0
[128/480] dev              neos-3555904-turama          s1 Time limit reached   wall=301.1
[129/480] dts-v4           leo1                         s1 Time limit reached   wall=300.2
[130/480] dev              leo1                         s1 Time limit reached   wall=300.2
[131/480] dts-v4           neos-3402454-bohle           s1 Time limit reached   wall=314.3
[132/480] dev              neos-3402454-bohle           s1 Time limit reached   wall=338.2
[133/480] dev              neos-4338804-snowy           s1 Time limit reached   wall=300.0
[134/480] dts-v4           neos-4338804-snowy           s1 Time limit reached   wall=300.1
[135/480] dts-v4           bnatt400                     s1 Time limit reached   wall=300.1
[136/480] dts-v4           neos-4722843-widden          s1 Optimal              wall=157.5
[137/480] dev              neos-4413714-turia           s1 Optimal              wall=18.9
[138/480] dts-v4           neos-4413714-turia           s1 Optimal              wall=21.5
[139/480] dev              neos-4722843-widden          s1 Optimal              wall=176.7
[140/480] dev              mas76                        s1 Optimal              wall=65.0
[141/480] dts-v4           mas76                        s1 Optimal              wall=83.7
[142/480] dev              bnatt400                     s1 Time limit reached   wall=300.1
[143/480] dev              neos-4300652-rahue           s1 Time limit reached   wall=300.4
[144/480] dts-v4           neos-4300652-rahue           s1 Time limit reached   wall=300.5
[145/480] dts-v4           neos-4532248-waihi           s1 Time limit reached   wall=301.8
[146/480] dev              neos-4532248-waihi           s1 Time limit reached   wall=300.8
[147/480] dts-v4           neos-4387871-tavua           s1 Time limit reached   wall=300.1
[148/480] dev              neos-4387871-tavua           s1 Time limit reached   wall=300.1
[149/480] dts-v4           neos-4647030-tutaki          s1 Time limit reached   wall=303.5
[150/480] dev              neos-4647030-tutaki          s1 Time limit reached   wall=305.3
[151/480] dev              neos-5049753-cuanza          s1 Time limit reached   wall=310.5
[152/480] dts-v4           neos-5049753-cuanza          s1 Time limit reached   wall=308.4
[153/480] dts-v4           n2seq36q                     s1 Optimal              wall=64.2
[154/480] dev              n2seq36q                     s1 Optimal              wall=73.0
[155/480] dev              CMS750_4                     s1 Time limit reached   wall=300.1
[156/480] dts-v4           CMS750_4                     s1 Time limit reached   wall=300.2
[157/480] dts-v4           neos-4954672-berkel          s1 Time limit reached   wall=300.1
[158/480] dev              neos-4954672-berkel          s1 Time limit reached   wall=300.1
[159/480] dev              neos-5104907-jarama          s1 Time limit reached   wall=302.8
[160/480] dts-v4           neos-5104907-jarama          s1 Time limit reached   wall=302.8
[161/480] dts-v4           neos-5093327-huahum          s1 Time limit reached   wall=300.6
[162/480] dev              neos-5093327-huahum          s1 Time limit reached   wall=300.6
[163/480] dts-v4           neos-5052403-cygnet          s1 Time limit reached   wall=302.3
[164/480] dts-v4           neos859080                   s1 Infeasible           wall=1.0
[165/480] dev              neos859080                   s1 Infeasible           wall=1.0
[166/480] dev              neos-5052403-cygnet          s1 Time limit reached   wall=302.2
[167/480] dev              neos5                        s1 Optimal              wall=51.6
[168/480] dts-v4           neos-827175                  s1 Optimal              wall=1.0
[169/480] dev              neos-827175                  s1 Optimal              wall=1.0
[170/480] dts-v4           neos-1582420                 s1 Optimal              wall=23.5
[171/480] dts-v4           neos5                        s1 Optimal              wall=97.8
[172/480] dev              neos-1582420                 s1 Optimal              wall=20.3
[173/480] dev              csched008                    s1 Optimal              wall=156.6
[174/480] dev              neos-5107597-kakapo          s1 Time limit reached   wall=300.1
[175/480] dts-v4           neos-5107597-kakapo          s1 Time limit reached   wall=300.1
[176/480] dts-v4           neos-631710                  s1 Time limit reached   wall=301.3
[177/480] dts-v4           csched008                    s1 Optimal              wall=152.3
[178/480] dts-v4           neos-911970                  s1 Optimal              wall=3.7
[179/480] dev              neos-911970                  s1 Optimal              wall=4.0
[180/480] dev              neos-631710                  s1 Time limit reached   wall=301.4
[181/480] dev              neos-662469                  s1 Optimal              wall=223.2
[182/480] dev              neos-787933                  s1 Time limit reached   wall=301.0
[183/480] dts-v4           neos-787933                  s1 Time limit reached   wall=300.9
[184/480] dts-v4           neos-662469                  s1 Time limit reached   wall=300.3
[185/480] dev              neos8                        s1 Optimal              wall=5.3
[186/480] dts-v4           neos8                        s1 Optimal              wall=2.4
[187/480] dts-v4           neos-848589                  s1 Time limit reached   wall=302.2
[188/480] dts-v4           neos-957323                  s1 Optimal              wall=22.6
[189/480] dev              neos-848589                  s1 Time limit reached   wall=302.1
[190/480] dev              neos-957323                  s1 Optimal              wall=22.8
[191/480] dev              neos-950242                  s1 Optimal              wall=5.9
[192/480] dts-v4           neos-950242                  s1 Optimal              wall=5.8
[193/480] dts-v4           eilA101-2                    s1 Time limit reached   wall=300.5
[194/480] dts-v4           net12                        s1 Optimal              wall=101.2
[195/480] dts-v4           neos-960392                  s1 Optimal              wall=1.7
[196/480] dev              neos-960392                  s1 Optimal              wall=1.7
[197/480] dts-v4           neos-933966                  s1 Optimal              wall=24.7
[198/480] dev              neos-933966                  s1 Optimal              wall=26.2
[199/480] dev              eilA101-2                    s1 Time limit reached   wall=300.6
[200/480] dts-v4           nu25-pr12                    s1 Optimal              wall=2.6
[201/480] dev              nu25-pr12                    s1 Optimal              wall=2.6
[202/480] dts-v4           ns1208400                    s1 Optimal              wall=38.0
[203/480] dev              fiball                       s1 Optimal              wall=35.0
[204/480] dts-v4           neos-3046615-murg            s1 Optimal              wall=75.6
[205/480] dts-v4           fiball                       s1 Optimal              wall=44.3
[206/480] dev              ns1208400                    s1 Optimal              wall=67.8
[207/480] dts-v4           neos-5114902-kasavu          s1 Time limit reached   wall=1050.4
[208/480] dev              net12                        s1 Optimal              wall=150.7
[209/480] dts-v4           ns1830653                    s1 Optimal              wall=131.1
[210/480] dev              ns1116954                    s1 Optimal              wall=164.0
[211/480] dts-v4           ns1116954                    s1 Optimal              wall=174.8
[212/480] dev              ns1830653                    s1 Optimal              wall=153.1
[213/480] dev              neos-5114902-kasavu          s1 Time limit reached   wall=1264.3
[214/480] dev              neos-3046615-murg            s1 Time limit reached   wall=300.1
[215/480] dts-v4           neos-3754480-nidda           s1 Time limit reached   wall=300.1
[216/480] dev              neos-3754480-nidda           s1 Time limit reached   wall=300.1
[217/480] dev              ns1760995                    s1 Time limit reached   wall=309.6
[218/480] dts-v4           ns1760995                    s1 Time limit reached   wall=304.2
[219/480] dev              ns1644855                    s1 Time limit reached   wall=304.4
[220/480] dts-v4           ns1952667                    s1 Time limit reached   wall=300.8
[221/480] dev              ns1952667                    s1 Time limit reached   wall=300.6
[222/480] dts-v4           ns1644855                    s1 Time limit reached   wall=308.3
[223/480] dts-v4           nw04                         s1 Optimal              wall=46.6
[224/480] dev              nw04                         s1 Optimal              wall=46.9
[225/480] dev              opm2-z10-s4                  s1 Time limit reached   wall=302.5
[226/480] dts-v4           opm2-z10-s4                  s1 Time limit reached   wall=304.0
[227/480] dev              pg5_34                       s1 Optimal              wall=121.8
[228/480] dts-v4           p200x1188c                   s1 Optimal              wall=1.0
[229/480] dev              p200x1188c                   s1 Optimal              wall=1.0
[230/480] dts-v4           atlanta-ip                   s1 Time limit reached   wall=300.3
[231/480] dev              atlanta-ip                   s1 Time limit reached   wall=300.3
[232/480] dts-v4           physiciansched3-3            s1 Time limit reached   wall=301.1
[233/480] dev              physiciansched3-3            s1 Time limit reached   wall=301.1
[234/480] dev              neos-4738912-atrato          s1 Optimal              wall=189.3
[235/480] dts-v4           neos-4738912-atrato          s1 Optimal              wall=179.4
[236/480] dts-v4           pg5_34                       s1 Optimal              wall=225.1
[237/480] dts-v4           binkar10_1                   s1 Optimal              wall=19.1
[238/480] dev              binkar10_1                   s1 Optimal              wall=25.0
[239/480] dev              peg-solitaire-a3             s1 Time limit reached   wall=300.1
[240/480] dts-v4           peg-solitaire-a3             s1 Time limit reached   wall=300.1
[241/480] dts-v4           bnatt500                     s1 Time limit reached   wall=300.1
[242/480] dev              gen-ip054                    s1 Optimal              wall=281.5
[243/480] dev              bnatt500                     s1 Time limit reached   wall=300.1
[244/480] dts-v4           pk1                          s1 Optimal              wall=93.6
[245/480] dts-v4           gen-ip054                    s1 Time limit reached   wall=300.1
[246/480] dev              pk1                          s1 Optimal              wall=108.3
[247/480] dts-v4           proteindesign121hz512p9      s1 Time limit reached   wall=301.5
[248/480] dev              proteindesign121hz512p9      s1 Time limit reached   wall=302.5
[249/480] dts-v4           rail01                       s1 Time limit reached   wall=300.7
[250/480] dev              rail01                       s1 Time limit reached   wall=300.7
[251/480] dev              qap10                        s1 Optimal              wall=23.5
[252/480] dts-v4           qap10                        s1 Optimal              wall=19.8
[253/480] dev              radiationm18-12-05           s1 Time limit reached   wall=300.3
[254/480] dts-v4           radiationm18-12-05           s1 Time limit reached   wall=300.3
[255/480] dev              neos-5195221-niemur          s1 Time limit reached   wall=300.3
[256/480] dts-v4           neos-5195221-niemur          s1 Time limit reached   wall=300.3
[257/480] dev              mc11                         s1 Optimal              wall=13.9
[258/480] dts-v4           mc11                         s1 Optimal              wall=13.6
[259/480] dts-v4           neos-4763324-toguru          s1 Time limit reached   wall=300.6
[260/480] dev              neos-4763324-toguru          s1 Time limit reached   wall=300.6
[261/480] dts-v4           b1c1s1                       s1 Time limit reached   wall=300.1
[262/480] dev              b1c1s1                       s1 Time limit reached   wall=300.1
[263/480] dev              chromaticindex512-7          s1 Time limit reached   wall=302.6
[264/480] dts-v4           chromaticindex512-7          s1 Time limit reached   wall=312.2
[265/480] dts-v4           reblock115                   s1 Time limit reached   wall=300.1
[266/480] dts-v4           drayage-25-23                s1 Optimal              wall=1.1
[267/480] dev              drayage-25-23                s1 Optimal              wall=1.1
[268/480] dev              reblock115                   s1 Time limit reached   wall=300.1
[269/480] dts-v4           rococoB10-011000             s1 Time limit reached   wall=300.1
[270/480] dev              rococoB10-011000             s1 Time limit reached   wall=300.1
[271/480] dts-v4           bppc4-08                     s1 Time limit reached   wall=300.1
[272/480] dev              decomp2                      s1 Optimal              wall=2.5
[273/480] dts-v4           decomp2                      s1 Optimal              wall=2.3
[274/480] dev              bppc4-08                     s1 Time limit reached   wall=300.1
[275/480] dts-v4           blp-ic98                     s1 Time limit reached   wall=305.7
[276/480] dev              blp-ic98                     s1 Time limit reached   wall=302.1
[277/480] dev              rocII-5-11                   s1 Time limit reached   wall=300.3
[278/480] dts-v4           rocII-5-11                   s1 Time limit reached   wall=300.3
[279/480] dev              rococoC10-001000             s1 Optimal              wall=149.4
[280/480] dev              rocI-4-11                    s1 Time limit reached   wall=300.1
[281/480] dts-v4           rococoC10-001000             s1 Optimal              wall=148.3
[282/480] dts-v4           rocI-4-11                    s1 Time limit reached   wall=300.1
[283/480] dev              rmatr200-p5                  s1 Time limit reached   wall=300.3
[284/480] dev              seymour1                     s1 Optimal              wall=53.6
[285/480] dts-v4           rmatr200-p5                  s1 Time limit reached   wall=300.2
[286/480] dts-v4           seymour1                     s1 Optimal              wall=56.3
[287/480] dev              dws008-01                    s1 Time limit reached   wall=300.3
[288/480] dts-v4           dws008-01                    s1 Time limit reached   wall=300.2
[289/480] dev              s250r10                      s1 Time limit reached   wall=302.5
[290/480] dev              enlight_hard                 s1 Optimal              wall=6.4
[291/480] dts-v4           s250r10                      s1 Optimal              wall=292.5
[292/480] dts-v4           enlight_hard                 s1 Optimal              wall=7.2
[293/480] dts-v4           eil33-2                      s1 Optimal              wall=52.2
[294/480] dts-v4           neos-860300                  s1 Optimal              wall=12.2
[295/480] dev              eil33-2                      s1 Optimal              wall=64.3
[296/480] dev              neos-860300                  s1 Optimal              wall=12.9
[297/480] dts-v4           satellites2-60-fs            s1 Optimal              wall=189.2
[298/480] dev              satellites2-60-fs            s1 Optimal              wall=193.8
[299/480] dev              s100                         s1 Time limit reached   wall=302.8
[300/480] dts-v4           s100                         s1 Time limit reached   wall=302.5
[301/480] dev              cvs16r128-89                 s1 Time limit reached   wall=300.1
[302/480] dev              savsched1                    s1 Time limit reached   wall=302.2
[303/480] dts-v4           savsched1                    s1 Time limit reached   wall=302.1
[304/480] dts-v4           cvs16r128-89                 s1 Time limit reached   wall=300.1
[305/480] dts-v4           dano3_3                      s1 Optimal              wall=31.7
[306/480] dev              dano3_3                      s1 Optimal              wall=32.8
[307/480] dts-v4           sorrell3                     s1 Time limit reached   wall=300.6
[308/480] dev              sorrell3                     s1 Time limit reached   wall=300.7
[309/480] dts-v4           netdiversion                 s1 Time limit reached   wall=319.8
[310/480] dev              netdiversion                 s1 Time limit reached   wall=326.5
[311/480] dts-v4           seymour                      s1 Time limit reached   wall=300.1
[312/480] dev              seymour                      s1 Time limit reached   wall=300.1
[313/480] dev              neos-3083819-nubu            s1 Optimal              wall=11.9
[314/480] dts-v4           neos-3083819-nubu            s1 Optimal              wall=10.9
[315/480] dts-v4           square47                     s1 Time limit reached   wall=321.8
[316/480] dev              square47                     s1 Time limit reached   wall=321.5
[317/480] dts-v4           app1-1                       s1 Optimal              wall=12.8
[318/480] dts-v4           splice1k1                    s1 Time limit reached   wall=301.3
[319/480] dev              app1-1                       s1 Optimal              wall=14.1
[320/480] dev              splice1k1                    s1 Time limit reached   wall=314.4
[321/480] dts-v4           buildingenergy               s1 Time limit reached   wall=399.9
[322/480] dev              buildingenergy               s1 Time limit reached   wall=403.2
[323/480] dts-v4           bab6                         s1 Time limit reached   wall=301.3
[324/480] dev              bab6                         s1 Time limit reached   wall=301.2
[325/480] dev              sp98ar                       s1 Time limit reached   wall=300.5
[326/480] dts-v4           sp98ar                       s1 Time limit reached   wall=300.4
[327/480] dev              nursesched-sprint02          s1 Optimal              wall=10.7
[328/480] dts-v4           nursesched-sprint02          s1 Optimal              wall=11.0
[329/480] dev              supportcase7                 s1 Optimal              wall=40.8
[330/480] dts-v4           supportcase7                 s1 Optimal              wall=38.7
[331/480] dts-v4           pg                           s1 Optimal              wall=15.3
[332/480] dev              pg                           s1 Optimal              wall=24.5
[333/480] dev              supportcase22                s1 Time limit reached   wall=302.5
[334/480] dev              blp-ar98                     s1 Time limit reached   wall=300.2
[335/480] dts-v4           supportcase22                s1 Time limit reached   wall=301.8
[336/480] dev              neos17                       s1 Optimal              wall=4.0
[337/480] dts-v4           neos17                       s1 Optimal              wall=4.0
[338/480] dts-v4           blp-ar98                     s1 Time limit reached   wall=307.2
[339/480] dev              piperout-27                  s1 Optimal              wall=30.6
[340/480] dts-v4           swath1                       s1 Optimal              wall=11.0
[341/480] dev              swath1                       s1 Optimal              wall=10.9
[342/480] dts-v4           piperout-27                  s1 Optimal              wall=32.6
[343/480] dts-v4           supportcase10                s1 Time limit reached   wall=300.7
[344/480] dev              supportcase10                s1 Time limit reached   wall=300.7
[345/480] dev              tr12-30                      s1 Optimal              wall=145.5
[346/480] dev              supportcase42                s1 Time limit reached   wall=300.7
[347/480] dts-v4           supportcase42                s1 Time limit reached   wall=301.0
[348/480] dev              cryptanalysiskb128n5obj16    s1 Time limit reached   wall=300.5
[349/480] dts-v4           cryptanalysiskb128n5obj16    s1 Time limit reached   wall=300.5
[350/480] dts-v4           tr12-30                      s1 Optimal              wall=233.4
[351/480] dts-v4           supportcase40                s1 Time limit reached   wall=300.2
[352/480] dev              supportcase40                s1 Time limit reached   wall=300.2
[353/480] dev              triptim1                     s1 Optimal              wall=87.0
[354/480] dts-v4           triptim1                     s1 Optimal              wall=87.1
[355/480] dts-v4           comp21-2idx                  s1 Time limit reached   wall=300.2
[356/480] dev              comp21-2idx                  s1 Time limit reached   wall=300.2
[357/480] dts-v4           chromaticindex1024-7         s1 Time limit reached   wall=327.0
[358/480] dev              chromaticindex1024-7         s1 Time limit reached   wall=300.8
[359/480] dev              uccase9                      s1 Time limit reached   wall=300.4
[360/480] dts-v4           uccase9                      s1 Time limit reached   wall=300.8
[361/480] dts-v4           leo2                         s1 Time limit reached   wall=300.3
[362/480] dev              leo2                         s1 Time limit reached   wall=300.4
[363/480] dev              rail02                       s1 Time limit reached   wall=301.0
[364/480] dts-v4           rail02                       s1 Time limit reached   wall=301.0
[365/480] dts-v4           roi2alpha3n4                 s1 Time limit reached   wall=300.6
[366/480] dev              roi2alpha3n4                 s1 Time limit reached   wall=300.7
[367/480] dts-v4           app1-2                       s1 Time limit reached   wall=300.3
[368/480] dev              app1-2                       s1 Time limit reached   wall=300.3
[369/480] dts-v4           trento1                      s1 Time limit reached   wall=300.3
[370/480] dev              trento1                      s1 Time limit reached   wall=300.1
[371/480] dev              roll3000                     s1 Optimal              wall=22.7
[372/480] dts-v4           neos-5188808-nattai          s1 Time limit reached   wall=300.2
[373/480] dev              neos-5188808-nattai          s1 Time limit reached   wall=300.2
[374/480] dts-v4           roll3000                     s1 Optimal              wall=16.4
[375/480] dts-v4           uct-subprob                  s1 Time limit reached   wall=300.2
[376/480] dev              uct-subprob                  s1 Time limit reached   wall=300.2
[377/480] dev              cryptanalysiskb128n5obj14    s1 Time limit reached   wall=300.9
[378/480] dts-v4           cryptanalysiskb128n5obj14    s1 Time limit reached   wall=300.6
[379/480] dev              rd-rplusc-21                 s1 Time limit reached   wall=300.8
[380/480] dts-v4           rd-rplusc-21                 s1 Time limit reached   wall=300.7
[381/480] dts-v4           satellites2-40               s1 Time limit reached   wall=300.4
[382/480] dev              satellites2-40               s1 Time limit reached   wall=300.4
[383/480] dts-v4           sing326                      s1 Time limit reached   wall=301.1
[384/480] dev              sing326                      s1 Time limit reached   wall=300.6
[385/480] dts-v4           tbfp-network                 s1 Optimal              wall=222.2
[386/480] dts-v4           cmflsp50-24-8-8              s1 Time limit reached   wall=300.3
[387/480] dev              cmflsp50-24-8-8              s1 Time limit reached   wall=300.2
[388/480] dts-v4           hypothyroid-k1               s1 Optimal              wall=8.4
[389/480] dev              hypothyroid-k1               s1 Optimal              wall=10.1
[390/480] dev              tbfp-network                 s1 Optimal              wall=290.0
[391/480] dts-v4           sct2                         s1 Optimal              wall=209.0
[392/480] dts-v4           snp-02-004-104               s1 Optimal              wall=41.1
[393/480] dts-v4           sing44                       s1 Time limit reached   wall=300.5
[394/480] dev              sing44                       s1 Time limit reached   wall=300.6
[395/480] dev              nexp-150-20-8-5              s1 Optimal              wall=169.6
[396/480] dev              snp-02-004-104               s1 Optimal              wall=42.3
[397/480] dev              sct2                         s1 Time limit reached   wall=300.2
[398/480] dev              rail507                      s1 Time limit reached   wall=300.8
[399/480] dts-v4           rail507                      s1 Time limit reached   wall=300.6
[400/480] dev              neos-873061                  s1 Optimal              wall=236.3
[401/480] dts-v4           neos-873061                  s1 Optimal              wall=226.9
[402/480] dts-v4           nexp-150-20-8-5              s1 Time limit reached   wall=300.2
[403/480] dts-v4           n3div36                      s1 Time limit reached   wall=300.4
[404/480] dev              n3div36                      s1 Time limit reached   wall=300.4
[405/480] dts-v4           thor50dday                   s1 Time limit reached   wall=301.3
[406/480] dev              ex10                         s1 Optimal              wall=11.8
[407/480] dev              thor50dday                   s1 Time limit reached   wall=301.3
[408/480] dts-v4           ex10                         s1 Optimal              wall=11.5
[409/480] dts-v4           supportcase12                s1 Time limit reached   wall=303.4
[410/480] dev              supportcase6                 s1 Time limit reached   wall=301.1
[411/480] dev              supportcase12                s1 Time limit reached   wall=303.3
[412/480] dts-v4           timtab1                      s1 Optimal              wall=21.4
[413/480] dev              timtab1                      s1 Optimal              wall=31.2
[414/480] dev              physiciansched6-2            s1 Optimal              wall=6.4
[415/480] dts-v4           physiciansched6-2            s1 Optimal              wall=6.3
[416/480] dts-v4           supportcase6                 s1 Time limit reached   wall=301.4
[417/480] dev              cod105                       s1 Optimal              wall=54.8
[418/480] dts-v4           uccase12                     s1 Optimal              wall=21.6
[419/480] dts-v4           fastxgemm-n2r6s0t2           s1 Time limit reached   wall=300.1
[420/480] dts-v4           cod105                       s1 Optimal              wall=52.9
[421/480] dev              uccase12                     s1 Optimal              wall=22.0
[422/480] dev              fastxgemm-n2r6s0t2           s1 Time limit reached   wall=300.1
[423/480] dev              swath3                       s1 Optimal              wall=78.5
[424/480] dts-v4           swath3                       s1 Optimal              wall=102.1
[425/480] dts-v4           gfd-schedulen180f7d50m30k18  s1 Time limit reached   wall=302.8
[426/480] dts-v4           sp150x300d                   s1 Optimal              wall=1.0
[427/480] dev              sp150x300d                   s1 Optimal              wall=1.0
[428/480] dev              gfd-schedulen180f7d50m30k18  s1 Time limit reached   wall=302.5
[429/480] dev              piperout-08                  s1 Optimal              wall=26.0
[430/480] dev              exp-1-500-5-5                s1 Optimal              wall=2.4
[431/480] dts-v4           exp-1-500-5-5                s1 Optimal              wall=2.3
[432/480] dts-v4           piperout-08                  s1 Optimal              wall=22.2
[433/480] dts-v4           supportcase19                s1 Time limit reached   wall=305.8
[434/480] dev              supportcase19                s1 Time limit reached   wall=305.6
[435/480] dev              30n20b8                      s1 Optimal              wall=163.9
[436/480] dev              rmatr100-p10                 s1 Optimal              wall=30.6
[437/480] dev              roi5alpha10n8                s1 Time limit reached   wall=301.9
[438/480] dts-v4           roi5alpha10n8                s1 Time limit reached   wall=301.9
[439/480] dts-v4           rmatr100-p10                 s1 Optimal              wall=28.1
[440/480] dev              var-smallemery-m6j6          s1 Time limit reached   wall=300.6
[441/480] dev              air05                        s1 Optimal              wall=14.5
[442/480] dts-v4           air05                        s1 Optimal              wall=13.7
[443/480] dts-v4           var-smallemery-m6j6          s1 Time limit reached   wall=300.6
[444/480] dev              unitcal_7                    s1 Optimal              wall=45.9
[445/480] dts-v4           unitcal_7                    s1 Optimal              wall=45.0
[446/480] dts-v4           30n20b8                      s1 Time limit reached   wall=300.2
[447/480] dev              50v-10                       s1 Time limit reached   wall=300.1
[448/480] dts-v4           50v-10                       s1 Time limit reached   wall=300.1
[449/480] dts-v4           traininstance2               s1 Time limit reached   wall=300.1
[450/480] dev              traininstance2               s1 Time limit reached   wall=300.1
[451/480] dev              sp97ar                       s1 Time limit reached   wall=300.3
[452/480] dts-v4           sp97ar                       s1 Time limit reached   wall=300.3
[453/480] dts-v4           csched007                    s1 Time limit reached   wall=300.1
[454/480] dev              csched007                    s1 Time limit reached   wall=300.1
[455/480] dev              square41                     s1 Time limit reached   wall=309.9
[456/480] dts-v4           supportcase33                s1 Optimal              wall=144.6
[457/480] dev              supportcase33                s1 Optimal              wall=139.8
[458/480] dts-v4           square41                     s1 Time limit reached   wall=307.6
[459/480] dts-v4           ran14x18-disj-8              s1 Optimal              wall=270.9
[460/480] dts-v4           traininstance6               s1 Optimal              wall=188.2
[461/480] dev              ran14x18-disj-8              s1 Time limit reached   wall=300.1
[462/480] dts-v4           wachplan                     s1 Optimal              wall=205.9
[463/480] dev              traininstance6               s1 Optimal              wall=257.6
[464/480] dev              supportcase26                s1 Time limit reached   wall=300.1
[465/480] dts-v4           supportcase26                s1 Time limit reached   wall=300.0
[466/480] dts-v4           supportcase18                s1 Time limit reached   wall=300.4
[467/480] dev              supportcase18                s1 Time limit reached   wall=300.4
[468/480] dev              wachplan                     s1 Time limit reached   wall=300.1
[469/480] dts-v4           nursesched-medium-hint03     s1 Time limit reached   wall=300.7
[470/480] dev              nursesched-medium-hint03     s1 Time limit reached   wall=300.8
[471/480] dts-v4           bab2                         s1 Time limit reached   wall=301.9
[472/480] dev              bab2                         s1 Time limit reached   wall=301.5
[473/480] dev              neos-3988577-wolgan          s1 Time limit reached   wall=300.3
[474/480] dts-v4           neos-3988577-wolgan          s1 Time limit reached   wall=300.3
[475/480] dts-v4           radiationm40-10-02           s1 Time limit reached   wall=301.3
[476/480] dev              radiationm40-10-02           s1 Time limit reached   wall=301.2
[477/480] dts-v4           proteindesign122trx11p8      s1 Time limit reached   wall=301.1
[478/480] dev              proteindesign122trx11p8      s1 Time limit reached   wall=301.1
[479/480] dev              co-100                       s1 Time limit reached   wall=301.1
[480/480] dts-v4           co-100                       s1 Time limit reached   wall=301.2
DONE /home/coulson/git_repositories/highs-lab/bench/results/raw/2026-09-27-clean2
