[1/90] dts-v2-nodse     neos-873061                  s0 Optimal              wall=97.5
[2/90] dev              neos-873061                  s0 Optimal              wall=99.7
[3/90] dts-v4           neos-873061                  s0 Optimal              wall=116.4
[4/90] base-x1          neos-873061                  s1 Optimal              wall=171.7
[5/90] dts-v3           neos-873061                  s1 Optimal              wall=218.9
[6/90] dts-v4           neos-873061                  s1 Optimal              wall=231.7
[7/90] dts-v2-nodse     neos-873061                  s1 Optimal              wall=228.6
[8/90] dev              neos-873061                  s1 Optimal              wall=237.4
[9/90] dts-v4           neos-4722843-widden          s0 Optimal              wall=169.1
[10/90] dev              neos-4722843-widden          s0 Optimal              wall=164.7
[11/90] base-x1          neos-4722843-widden          s0 Optimal              wall=181.4
[12/90] base-x1          neos-873061                  s0 Optimal              wall=298.0
[13/90] dts-v3           neos-873061                  s0 Time limit reached   wall=300.9
[14/90] base-x1          neos-787933                  s0 Optimal              wall=5.4
[15/90] dts-v2-nodse     neos-4722843-widden          s0 Optimal              wall=113.4
[16/90] dts-v3           neos-787933                  s0 Optimal              wall=5.6
[17/90] dts-v3           neos-4722843-widden          s0 Optimal              wall=196.7
[18/90] dts-v4           neos-4722843-widden          s1 Optimal              wall=148.0
[19/90] dts-v3           neos-787933                  s1 Optimal              wall=5.0
[20/90] dev              neos-4722843-widden          s1 Optimal              wall=166.2
[21/90] base-x1          neos-787933                  s1 Optimal              wall=3.7
[22/90] dts-v2-nodse     neos-4722843-widden          s1 Optimal              wall=147.2
[23/90] base-x1          comp07-2idx                  s0 Optimal              wall=32.8
[24/90] dts-v3           comp07-2idx                  s0 Optimal              wall=32.2
[25/90] dts-v4           comp07-2idx                  s0 Optimal              wall=47.4
[26/90] base-x1          neos-4722843-widden          s1 Optimal              wall=251.7
[27/90] dts-v2-nodse     comp07-2idx                  s0 Optimal              wall=47.1
[28/90] dev              comp07-2idx                  s0 Optimal              wall=46.2
[29/90] dts-v3           neos-4722843-widden          s1 Optimal              wall=251.1
[30/90] dts-v4           comp07-2idx                  s1 Optimal              wall=39.2
[31/90] dts-v2-nodse     comp07-2idx                  s1 Optimal              wall=41.0
[32/90] dts-v4           neos-787933                  s0 Time limit reached   wall=300.8
[33/90] dts-v2-nodse     neos-787933                  s0 Time limit reached   wall=300.7
[34/90] dev              neos-787933                  s0 Time limit reached   wall=300.7
[35/90] dev              comp07-2idx                  s1 Optimal              wall=42.6
[36/90] dts-v4           neos-787933                  s1 Time limit reached   wall=300.9
[37/90] dev              neos-787933                  s1 Time limit reached   wall=300.9
[38/90] dts-v2-nodse     neos-787933                  s1 Time limit reached   wall=300.8
[39/90] dts-v3           comp07-2idx                  s1 Optimal              wall=239.0
[40/90] dts-v2-nodse     csched008                    s0 Optimal              wall=176.9
[41/90] dev              csched008                    s0 Optimal              wall=176.3
[42/90] dts-v2-nodse     n5-3                         s0 Optimal              wall=9.6
[43/90] base-x1          csched008                    s0 Optimal              wall=175.9
[44/90] base-x1          comp07-2idx                  s1 Optimal              wall=294.7
[45/90] dts-v3           csched008                    s1 Optimal              wall=149.4
[46/90] dev              n5-3                         s0 Optimal              wall=9.8
[47/90] dts-v3           csched008                    s0 Optimal              wall=214.2
[48/90] base-x1          n5-3                         s0 Optimal              wall=14.1
[49/90] dts-v3           n5-3                         s0 Optimal              wall=13.6
[50/90] dts-v4           n5-3                         s0 Optimal              wall=10.8
[51/90] base-x1          n5-3                         s1 Optimal              wall=10.5
[52/90] dev              n5-3                         s1 Optimal              wall=11.9
[53/90] dts-v3           n5-3                         s1 Optimal              wall=10.1
[54/90] dts-v2-nodse     n5-3                         s1 Optimal              wall=11.7
[55/90] dts-v4           n5-3                         s1 Optimal              wall=11.7
[56/90] dts-v4           csched008                    s0 Optimal              wall=215.7
[57/90] dts-v4           csched008                    s1 Optimal              wall=148.9
[58/90] dev              csched008                    s1 Optimal              wall=153.2
[59/90] dts-v4           unitcal_7                    s0 Optimal              wall=41.8
[60/90] dev              unitcal_7                    s0 Optimal              wall=38.8
[61/90] dts-v2-nodse     unitcal_7                    s0 Optimal              wall=43.7
[62/90] base-x1          unitcal_7                    s0 Optimal              wall=45.4
[63/90] dts-v3           unitcal_7                    s0 Optimal              wall=48.0
[64/90] dev              unitcal_7                    s1 Optimal              wall=47.3
[65/90] dts-v4           unitcal_7                    s1 Optimal              wall=43.3
[66/90] base-x1          csched008                    s1 Optimal              wall=153.1
[67/90] dts-v3           unitcal_7                    s1 Optimal              wall=62.9
[68/90] dts-v2-nodse     unitcal_7                    s1 Optimal              wall=42.9
[69/90] dts-v2-nodse     csched008                    s1 Optimal              wall=152.5
[70/90] base-x1          unitcal_7                    s1 Optimal              wall=68.2
[71/90] dts-v4           neos-3402454-bohle           s0 Time limit reached   wall=315.1
[72/90] dts-v3           neos-3402454-bohle           s0 Time limit reached   wall=314.8
[73/90] dts-v2-nodse     neos-3402454-bohle           s0 Time limit reached   wall=314.0
[74/90] base-x1          neos-3402454-bohle           s0 Time limit reached   wall=318.4
[75/90] dts-v2-nodse     neos-3402454-bohle           s1 Time limit reached   wall=313.4
[76/90] base-x1          neos-3402454-bohle           s1 Time limit reached   wall=313.3
[77/90] dts-v4           neos-3402454-bohle           s1 Time limit reached   wall=313.4
[78/90] dev              neos-3402454-bohle           s0 Time limit reached   wall=362.1
[79/90] dts-v3           neos-3402454-bohle           s1 Time limit reached   wall=316.1
[80/90] dev              neos-3402454-bohle           s1 Time limit reached   wall=352.6
[81/90] dts-v4           neos-5114902-kasavu          s0 Time limit reached   wall=307.4
[82/90] dts-v2-nodse     neos-5114902-kasavu          s0 Time limit reached   wall=307.3
[83/90] dev              neos-5114902-kasavu          s0 Time limit reached   wall=306.7
[84/90] dts-v2-nodse     neos-5114902-kasavu          s1 Time limit reached   wall=1319.4
[85/90] dts-v4           neos-5114902-kasavu          s1 Time limit reached   wall=1312.3
[86/90] base-x1          neos-5114902-kasavu          s1 Time limit reached   wall=1328.3
[87/90] dev              neos-5114902-kasavu          s1 Time limit reached   wall=1305.9
[88/90] dts-v3           neos-5114902-kasavu          s0 Time limit reached   wall=1363.4
[89/90] base-x1          neos-5114902-kasavu          s0 Time limit reached   wall=1365.4
[90/90] dts-v3           neos-5114902-kasavu          s1 Time limit reached   wall=1307.5
DONE /home/coulson/git_repositories/highs-lab/bench/results/raw/2026-09-27-clean2-ablation
