memory budget: MemAvailable-reserve = 38.7 GB, cap 8G -> 4 lanes instead of 10
[1/108] lab-dsm          academictimetablesmall       s0 Time limit reached   wall=300.6
[2/108] lab-dsm          academictimetablesmall       s1 Time limit reached   wall=301.1
[3/108] dev              academictimetablesmall       s1 Time limit reached   wall=301.0
[4/108] dev              academictimetablesmall       s0 Time limit reached   wall=301.0
[5/108] dev              bab6                         s0 Time limit reached   wall=302.3
[6/108] dev              bab6                         s1 Time limit reached   wall=302.1
[7/108] lab-dsm          bab6                         s0 Time limit reached   wall=303.2
[8/108] lab-dsm          bab6                         s1 Time limit reached   wall=301.5
[9/108] lab-dsm          brazil3                      s0 Time limit reached   wall=300.4
[10/108] dev              brazil3                      s0 Time limit reached   wall=300.2
[11/108] dev              brazil3                      s1 Time limit reached   wall=300.2
[12/108] lab-dsm          brazil3                      s1 Time limit reached   wall=300.3
[13/108] lab-dsm          comp07-2idx                  s0 Optimal              wall=37.1
[14/108] dev              comp07-2idx                  s0 Optimal              wall=51.8
[15/108] dev              comp07-2idx                  s1 Optimal              wall=47.8
[16/108] lab-dsm          comp07-2idx                  s1 Time limit reached   wall=300.2
[17/108] dev              cryptanalysiskb128n5obj14    s0 Time limit reached   wall=300.7
[18/108] lab-dsm          cryptanalysiskb128n5obj14    s0 Time limit reached   wall=300.5
[19/108] lab-dsm          cryptanalysiskb128n5obj14    s1 Time limit reached   wall=300.9
[20/108] dev              cryptanalysiskb128n5obj14    s1 Time limit reached   wall=300.9
[21/108] dev              cryptanalysiskb128n5obj16    s0 Time limit reached   wall=301.3
[22/108] lab-dsm          cryptanalysiskb128n5obj16    s0 Time limit reached   wall=300.8
[23/108] dev              cryptanalysiskb128n5obj16    s1 Time limit reached   wall=301.0
[24/108] lab-dsm          cryptanalysiskb128n5obj16    s1 Time limit reached   wall=301.0
[25/108] lab-dsm          lectsched-5-obj              s0 Time limit reached   wall=300.4
[26/108] dev              lectsched-5-obj              s0 Time limit reached   wall=300.5
[27/108] lab-dsm          lectsched-5-obj              s1 Time limit reached   wall=300.3
[28/108] dev              lectsched-5-obj              s1 Time limit reached   wall=300.5
[29/108] dev              map10                        s0 Time limit reached   wall=302.3
[30/108] lab-dsm          map10                        s0 Time limit reached   wall=301.7
[31/108] lab-dsm          map10                        s1 Time limit reached   wall=301.4
[32/108] dev              map10                        s1 Time limit reached   wall=302.3
[33/108] dev              map16715-04                  s0 Time limit reached   wall=302.3
[34/108] lab-dsm          map16715-04                  s0 Time limit reached   wall=301.8
[35/108] lab-dsm          map16715-04                  s1 Time limit reached   wall=302.1
[36/108] lab-dsm          mcsched                      s0 Optimal              wall=124.9
[37/108] dev              mcsched                      s0 Optimal              wall=154.1
[38/108] lab-dsm          mcsched                      s1 Optimal              wall=167.4
[39/108] dev              map16715-04                  s1 Time limit reached   wall=301.5
[40/108] lab-dsm          mzzv11                       s0 Optimal              wall=132.8
[41/108] dev              mzzv11                       s0 Optimal              wall=134.9
[42/108] dev              mcsched                      s1 Optimal              wall=197.4
[43/108] dev              mzzv42z                      s0 Optimal              wall=61.8
[44/108] lab-dsm          mzzv42z                      s0 Optimal              wall=62.4
[45/108] lab-dsm          mzzv11                       s1 Optimal              wall=145.3
[46/108] lab-dsm          n5-3                         s0 Optimal              wall=15.6
[47/108] dev              n5-3                         s0 Optimal              wall=10.7
[48/108] dev              mzzv42z                      s1 Optimal              wall=59.3
[49/108] dev              mzzv11                       s1 Optimal              wall=138.4
[50/108] lab-dsm          mzzv42z                      s1 Optimal              wall=60.4
[51/108] lab-dsm          n5-3                         s1 Optimal              wall=11.6
[52/108] dev              n5-3                         s1 Optimal              wall=13.0
[53/108] dev              neos-3656078-kumeu           s0 Time limit reached   wall=300.2
[54/108] lab-dsm          neos-3656078-kumeu           s0 Time limit reached   wall=300.2
[55/108] lab-dsm          neos-3656078-kumeu           s1 Time limit reached   wall=300.1
[56/108] dev              neos-3656078-kumeu           s1 Time limit reached   wall=300.2
[57/108] dev              neos-4722843-widden          s0 Optimal              wall=241.8
[58/108] lab-dsm          neos-787933                  s0 Optimal              wall=11.0
[59/108] dev              neos-4722843-widden          s1 Optimal              wall=289.3
[60/108] lab-dsm          neos-787933                  s1 Optimal              wall=8.3
[61/108] lab-dsm          neos-4722843-widden          s0 Time limit reached   wall=301.2
[62/108] lab-dsm          neos-4722843-widden          s1 Time limit reached   wall=300.6
[63/108] lab-dsm          neos8                        s0 Optimal              wall=6.2
[64/108] dev              neos8                        s0 Optimal              wall=6.5
[65/108] dev              neos8                        s1 Optimal              wall=6.7
[66/108] lab-dsm          neos8                        s1 Optimal              wall=6.3
[67/108] dev              neos-787933                  s0 Time limit reached   wall=301.3
[68/108] dev              neos-787933                  s1 Time limit reached   wall=301.8
[69/108] lab-dsm          physiciansched3-3            s0 Time limit reached   wall=301.7
[70/108] dev              physiciansched3-3            s0 Time limit reached   wall=301.4
[71/108] lab-dsm          physiciansched6-2            s0 Optimal              wall=7.4
[72/108] dev              physiciansched6-2            s0 Optimal              wall=7.9
[73/108] lab-dsm          physiciansched6-2            s1 Optimal              wall=6.6
[74/108] dev              physiciansched6-2            s1 Optimal              wall=8.4
[75/108] dev              piperout-08                  s0 Optimal              wall=32.6
[76/108] lab-dsm          piperout-08                  s0 Optimal              wall=33.1
[77/108] lab-dsm          piperout-08                  s1 Optimal              wall=29.5
[78/108] dev              piperout-08                  s1 Optimal              wall=33.1
[79/108] dev              physiciansched3-3            s1 Time limit reached   wall=301.8
[80/108] lab-dsm          physiciansched3-3            s1 Time limit reached   wall=301.4
[81/108] dev              roi5alpha10n8                s0 Time limit reached   wall=302.2
[82/108] lab-dsm          roi5alpha10n8                s0 Time limit reached   wall=302.4
[83/108] lab-dsm          roi5alpha10n8                s1 Time limit reached   wall=302.5
[84/108] dev              roi5alpha10n8                s1 Time limit reached   wall=302.8
[85/108] lab-dsm          s100                         s0 Time limit reached   wall=333.0
[86/108] dev              s100                         s0 Time limit reached   wall=332.5
[87/108] lab-dsm          s100                         s1 Time limit reached   wall=330.2
[88/108] dev              s100                         s1 Time limit reached   wall=331.8
[89/108] dev              seymour                      s0 Time limit reached   wall=300.1
[90/108] lab-dsm          seymour                      s0 Time limit reached   wall=300.1
[91/108] dev              seymour1                     s0 Optimal              wall=49.4
[92/108] lab-dsm          seymour1                     s0 Optimal              wall=60.1
[93/108] lab-dsm          seymour1                     s1 Optimal              wall=43.4
[94/108] dev              seymour1                     s1 Optimal              wall=58.9
[95/108] lab-dsm          seymour                      s1 Time limit reached   wall=300.1
[96/108] dev              seymour                      s1 Time limit reached   wall=300.1
[97/108] lab-dsm          square47                     s0 Time limit reached   wall=314.0
[98/108] dev              square47                     s0 Time limit reached   wall=336.2
[99/108] lab-dsm          square47                     s1 Time limit reached   wall=315.9
[100/108] lab-dsm          unitcal_7                    s0 Optimal              wall=58.7
[101/108] dev              unitcal_7                    s0 Optimal              wall=56.6
[102/108] dev              square47                     s1 Time limit reached   wall=323.2
[103/108] dev              unitcal_7                    s1 Optimal              wall=63.9
[104/108] lab-dsm          unitcal_7                    s1 Optimal              wall=95.7
[105/108] dev              var-smallemery-m6j6          s0 Time limit reached   wall=300.8
[106/108] lab-dsm          var-smallemery-m6j6          s0 Time limit reached   wall=300.6
[107/108] lab-dsm          var-smallemery-m6j6          s1 Time limit reached   wall=300.8
[108/108] dev              var-smallemery-m6j6          s1 Time limit reached   wall=300.7
DONE bench/results/raw/2026-09-26-dsm-changed
