[1/960] stable           fhnw-binpack4-4              s0 Time limit reached   wall=300.0
[2/960] stable           gen-ip002                    s0 Time limit reached   wall=300.2
[3/960] dts-v3           fhnw-binpack4-4              s0 Time limit reached   wall=300.0
[4/960] dev              fhnw-binpack4-4              s0 Time limit reached   wall=300.1
[5/960] stable           fhnw-binpack4-48             s0 Time limit reached   wall=300.1
[6/960] dts-v3-pgo       fhnw-binpack4-48             s0 Time limit reached   wall=300.1
[7/960] dev              gen-ip002                    s0 Time limit reached   wall=300.1
[8/960] dts-v3           fhnw-binpack4-48             s0 Time limit reached   wall=300.1
[9/960] dev              fhnw-binpack4-48             s0 Time limit reached   wall=300.1
[10/960] dts-v3-pgo       fhnw-binpack4-4              s0 Time limit reached   wall=300.1
[11/960] dts-v3-pgo       gen-ip002                    s0 Time limit reached   wall=300.2
[12/960] dts-v3           gen-ip002                    s0 Time limit reached   wall=300.2
[13/960] dts-v3           glass-sc                     s0 Time limit reached   wall=300.1
[14/960] dev              glass-sc                     s0 Time limit reached   wall=300.1
[15/960] dts-v3-pgo       glass-sc                     s0 Time limit reached   wall=300.1
[16/960] stable           glass-sc                     s0 Time limit reached   wall=300.1
[17/960] dts-v3           academictimetablesmall       s0 Time limit reached   wall=300.4
[18/960] dev              academictimetablesmall       s0 Time limit reached   wall=300.5
[19/960] stable           academictimetablesmall       s0 Time limit reached   wall=300.4
[20/960] dts-v3-pgo       academictimetablesmall       s0 Time limit reached   wall=300.4
[21/960] dts-v3           h80x6320d                    s0 Optimal              wall=9.5
[22/960] dev              h80x6320d                    s0 Optimal              wall=9.4
[23/960] dts-v3-pgo       h80x6320d                    s0 Optimal              wall=9.1
[24/960] stable           h80x6320d                    s0 Optimal              wall=9.2
[25/960] stable           glass4                       s0 Optimal              wall=280.6
[26/960] dev              glass4                       s0 Time limit reached   wall=300.1
[27/960] dts-v3           glass4                       s0 Time limit reached   wall=300.1
[28/960] dts-v3-pgo       glass4                       s0 Time limit reached   wall=300.1
[29/960] dts-v3-pgo       graph20-20-1rand             s0 Time limit reached   wall=300.1
[30/960] dts-v3           graph20-20-1rand             s0 Time limit reached   wall=300.1
[31/960] dev              graph20-20-1rand             s0 Time limit reached   wall=300.1
[32/960] stable           graph20-20-1rand             s0 Time limit reached   wall=300.1
[33/960] dev              brazil3                      s0 Time limit reached   wall=300.2
[34/960] dts-v3           brazil3                      s0 Time limit reached   wall=300.2
[35/960] dts-v3-pgo       brazil3                      s0 Time limit reached   wall=300.2
[36/960] stable           brazil3                      s0 Time limit reached   wall=300.2
[37/960] dts-v3-pgo       gmu-35-50                    s0 Time limit reached   wall=300.2
[38/960] dts-v3           gmu-35-50                    s0 Time limit reached   wall=300.2
[39/960] stable           gmu-35-50                    s0 Time limit reached   wall=300.1
[40/960] dev              gmu-35-50                    s0 Time limit reached   wall=300.2
[41/960] dts-v3-pgo       gmu-35-40                    s0 Time limit reached   wall=300.1
[42/960] stable           gmu-35-40                    s0 Time limit reached   wall=300.1
[43/960] dts-v3           gmu-35-40                    s0 Time limit reached   wall=300.1
[44/960] dev              gmu-35-40                    s0 Time limit reached   wall=300.2
[45/960] dts-v3           beasleyC3                    s0 Optimal              wall=6.6
[46/960] stable           beasleyC3                    s0 Optimal              wall=13.1
[47/960] dev              beasleyC3                    s0 Optimal              wall=8.3
[48/960] dts-v3-pgo       beasleyC3                    s0 Optimal              wall=6.4
[49/960] stable           graphdraw-domain             s0 Time limit reached   wall=300.0
[50/960] dts-v3           graphdraw-domain             s0 Time limit reached   wall=300.0
[51/960] dts-v3-pgo       graphdraw-domain             s0 Time limit reached   wall=300.1
[52/960] dev              graphdraw-domain             s0 Time limit reached   wall=300.0
[53/960] dts-v3           icir97_tension               s0 Time limit reached   wall=300.1
[54/960] dev              icir97_tension               s0 Time limit reached   wall=300.1
[55/960] dts-v3-pgo       icir97_tension               s0 Time limit reached   wall=300.1
[56/960] stable           icir97_tension               s0 Time limit reached   wall=300.1
[57/960] dts-v3           lectsched-5-obj              s0 Time limit reached   wall=300.3
[58/960] stable           lectsched-5-obj              s0 Time limit reached   wall=300.4
[59/960] dev              lectsched-5-obj              s0 Time limit reached   wall=300.2
[60/960] dts-v3-pgo       lectsched-5-obj              s0 Time limit reached   wall=300.3
[61/960] stable           ic97_potential               s0 Time limit reached   wall=300.0
[62/960] dts-v3           ic97_potential               s0 Time limit reached   wall=300.1
[63/960] dts-v3-pgo       ic97_potential               s0 Time limit reached   wall=300.1
[64/960] dev              ic97_potential               s0 Time limit reached   wall=300.1
[65/960] stable           istanbul-no-cutoff           s0 Optimal              wall=299.7
[66/960] dts-v3           istanbul-no-cutoff           s0 Optimal              wall=299.4
[67/960] dts-v3-pgo       irp                          s0 Optimal              wall=9.8
[68/960] dev              irp                          s0 Optimal              wall=10.0
[69/960] dts-v3           irp                          s0 Optimal              wall=11.2
[70/960] stable           irp                          s0 Optimal              wall=13.5
[71/960] dev              istanbul-no-cutoff           s0 Time limit reached   wall=300.1
[72/960] dev              comp07-2idx                  s0 Optimal              wall=45.6
[73/960] dts-v3-pgo       istanbul-no-cutoff           s0 Time limit reached   wall=300.2
[74/960] dts-v3-pgo       comp07-2idx                  s0 Optimal              wall=29.8
[75/960] dts-v3           comp07-2idx                  s0 Optimal              wall=29.9
[76/960] stable           k1mushroom                   s0 Optimal              wall=181.7
[77/960] dts-v3           k1mushroom                   s0 Optimal              wall=242.9
[78/960] dts-v3-pgo       k1mushroom                   s0 Optimal              wall=264.1
[79/960] stable           comp07-2idx                  s0 Time limit reached   wall=300.7
[80/960] stable           irish-electricity            s0 Time limit reached   wall=300.8
[81/960] dts-v3-pgo       irish-electricity            s0 Time limit reached   wall=301.0
[82/960] dev              irish-electricity            s0 Time limit reached   wall=300.8
[83/960] dev              k1mushroom                   s0 Optimal              wall=294.4
[84/960] dts-v3           irish-electricity            s0 Time limit reached   wall=300.7
[85/960] dev              mad                          s0 Time limit reached   wall=300.1
[86/960] stable           cbs-cta                      s0 Optimal              wall=45.0
[87/960] dts-v3           cbs-cta                      s0 Optimal              wall=35.1
[88/960] dts-v3-pgo       cbs-cta                      s0 Optimal              wall=35.4
[89/960] dev              cbs-cta                      s0 Optimal              wall=36.1
[90/960] dts-v3           mad                          s0 Time limit reached   wall=300.1
[91/960] dts-v3-pgo       mad                          s0 Time limit reached   wall=300.1
[92/960] stable           mad                          s0 Time limit reached   wall=300.1
[93/960] dts-v3           mas74                        s0 Time limit reached   wall=300.1
[94/960] stable           mas74                        s0 Time limit reached   wall=300.1
[95/960] dev              mas74                        s0 Time limit reached   wall=300.1
[96/960] dts-v3-pgo       mas74                        s0 Time limit reached   wall=300.1
[97/960] dts-v3           lotsize                      s0 Time limit reached   wall=300.1
[98/960] dts-v3-pgo       lotsize                      s0 Time limit reached   wall=300.1
[99/960] dev              lotsize                      s0 Time limit reached   wall=300.1
[100/960] stable           dano3_5                      s0 Optimal              wall=177.1
[101/960] stable           lotsize                      s0 Time limit reached   wall=300.1
[102/960] dts-v3-pgo       dano3_5                      s0 Optimal              wall=175.1
[103/960] dts-v3           dano3_5                      s0 Optimal              wall=179.0
[104/960] dev              dano3_5                      s0 Optimal              wall=195.7
[105/960] dts-v3-pgo       markshare2                   s0 Time limit reached   wall=300.1
[106/960] dev              markshare2                   s0 Time limit reached   wall=300.1
[107/960] dts-v3           markshare2                   s0 Time limit reached   wall=300.1
[108/960] stable           markshare2                   s0 Time limit reached   wall=300.1
[109/960] dts-v3-pgo       map16715-04                  s0 Time limit reached   wall=301.1
[110/960] dts-v3           markshare_4_0                s0 Optimal              wall=75.8
[111/960] dev              markshare_4_0                s0 Optimal              wall=75.6
[112/960] dts-v3           mik-250-20-75-4              s0 Optimal              wall=11.9
[113/960] dts-v3-pgo       mik-250-20-75-4              s0 Optimal              wall=11.6
[114/960] dts-v3-pgo       markshare_4_0                s0 Optimal              wall=75.1
[115/960] dev              mik-250-20-75-4              s0 Optimal              wall=11.3
[116/960] stable           mik-250-20-75-4              s0 Optimal              wall=7.4
[117/960] stable           markshare_4_0                s0 Optimal              wall=62.6
[118/960] stable           map16715-04                  s0 Time limit reached   wall=301.0
[119/960] dts-v3           map16715-04                  s0 Time limit reached   wall=301.1
[120/960] dev              map16715-04                  s0 Time limit reached   wall=301.1
[121/960] dev              map10                        s0 Time limit reached   wall=301.0
[122/960] stable           map10                        s0 Time limit reached   wall=301.1
[123/960] dts-v3-pgo       mzzv42z                      s0 Optimal              wall=40.7
[124/960] dev              mzzv42z                      s0 Optimal              wall=39.5
[125/960] dts-v3-pgo       map10                        s0 Time limit reached   wall=300.9
[126/960] dts-v3           mzzv42z                      s0 Optimal              wall=42.2
[127/960] stable           mzzv42z                      s0 Optimal              wall=28.7
[128/960] dts-v3           map10                        s0 Time limit reached   wall=301.1
[129/960] dev              mcsched                      s0 Optimal              wall=140.2
[130/960] dts-v3-pgo       mcsched                      s0 Optimal              wall=155.5
[131/960] dts-v3           mcsched                      s0 Optimal              wall=158.5
[132/960] dts-v3           cost266-UUE                  s0 Time limit reached   wall=300.1
[133/960] stable           ex9                          s0 Optimal              wall=2.9
[134/960] dts-v3           ex9                          s0 Optimal              wall=2.1
[135/960] dev              ex9                          s0 Optimal              wall=2.4
[136/960] dts-v3-pgo       ex9                          s0 Optimal              wall=1.9
[137/960] dev              cost266-UUE                  s0 Time limit reached   wall=300.1
[138/960] dts-v3-pgo       cost266-UUE                  s0 Time limit reached   wall=300.1
[139/960] dts-v3           mushroom-best                s0 Optimal              wall=165.3
[140/960] stable           cost266-UUE                  s0 Time limit reached   wall=300.1
[141/960] stable           mushroom-best                s0 Optimal              wall=264.0
[142/960] stable           mcsched                      s0 Time limit reached   wall=300.1
[143/960] dts-v3-pgo       mushroom-best                s0 Optimal              wall=152.4
[144/960] dev              mushroom-best                s0 Optimal              wall=143.0
[145/960] dts-v3-pgo       mzzv11                       s0 Optimal              wall=83.4
[146/960] dts-v3           mzzv11                       s0 Optimal              wall=79.0
[147/960] stable           mzzv11                       s0 Optimal              wall=66.2
[148/960] dts-v3-pgo       neos-1122047                 s0 Optimal              wall=3.5
[149/960] dts-v3           neos-1122047                 s0 Optimal              wall=3.6
[150/960] stable           neos-1122047                 s0 Optimal              wall=3.7
[151/960] dev              mzzv11                       s0 Optimal              wall=81.2
[152/960] dev              neos-1122047                 s0 Optimal              wall=3.6
[153/960] dts-v3           drayage-100-23               s0 Optimal              wall=1.0
[154/960] dev              drayage-100-23               s0 Optimal              wall=1.0
[155/960] dts-v3-pgo       drayage-100-23               s0 Optimal              wall=1.0
[156/960] stable           drayage-100-23               s0 Optimal              wall=1.1
[157/960] dev              momentum1                    s0 Time limit reached   wall=300.3
[158/960] stable           momentum1                    s0 Time limit reached   wall=300.1
[159/960] dts-v3-pgo       momentum1                    s0 Time limit reached   wall=300.2
[160/960] dev              n5-3                         s0 Optimal              wall=9.8
[161/960] dts-v3           momentum1                    s0 Time limit reached   wall=300.2
[162/960] dts-v3-pgo       milo-v12-6-r2-40-1           s0 Time limit reached   wall=300.1
[163/960] stable           n5-3                         s0 Optimal              wall=16.0
[164/960] dts-v3           n5-3                         s0 Optimal              wall=13.9
[165/960] dts-v3-pgo       n5-3                         s0 Optimal              wall=13.4
[166/960] dts-v3           milo-v12-6-r2-40-1           s0 Time limit reached   wall=300.1
[167/960] stable           milo-v12-6-r2-40-1           s0 Time limit reached   wall=300.1
[168/960] dev              milo-v12-6-r2-40-1           s0 Time limit reached   wall=300.1
[169/960] dts-v3-pgo       neos-1456979                 s0 Optimal              wall=170.5
[170/960] dts-v3           neos-1456979                 s0 Optimal              wall=181.1
[171/960] dev              neos-1456979                 s0 Optimal              wall=218.4
[172/960] stable           neos-1456979                 s0 Optimal              wall=265.9
[173/960] stable           neos-1354092                 s0 Time limit reached   wall=301.0
[174/960] dts-v3-pgo       neos-1354092                 s0 Time limit reached   wall=300.3
[175/960] dev              neos-1354092                 s0 Time limit reached   wall=300.2
[176/960] dts-v3           neos-1354092                 s0 Time limit reached   wall=300.2
[177/960] dev              neos-1171448                 s0 Optimal              wall=41.4
[178/960] dts-v3           neos-1171448                 s0 Optimal              wall=43.4
[179/960] dts-v3-pgo       neos-1171448                 s0 Optimal              wall=60.8
[180/960] stable           germanrr                     s0 Time limit reached   wall=342.3
[181/960] dts-v3-pgo       neos-1445765                 s0 Optimal              wall=26.6
[182/960] dev              neos-1445765                 s0 Optimal              wall=27.9
[183/960] stable           neos-1171448                 s0 Optimal              wall=52.7
[184/960] dts-v3           neos-1445765                 s0 Optimal              wall=27.2
[185/960] stable           neos-1445765                 s0 Optimal              wall=30.7
[186/960] dts-v3-pgo       neos-1171737                 s0 Time limit reached   wall=300.1
[187/960] dev              neos-1171737                 s0 Time limit reached   wall=300.1
[188/960] dev              germanrr                     s0 Time limit reached   wall=463.3
[189/960] dts-v3           neos-1171737                 s0 Time limit reached   wall=300.1
[190/960] stable           neos-1171737                 s0 Time limit reached   wall=300.1
[191/960] dts-v3-pgo       germanrr                     s0 Time limit reached   wall=458.3
[192/960] dts-v3           germanrr                     s0 Time limit reached   wall=562.1
[193/960] dts-v3-pgo       neos-2657525-crna            s0 Time limit reached   wall=300.1
[194/960] dev              neos-2657525-crna            s0 Time limit reached   wall=300.0
[195/960] stable           neos-2657525-crna            s0 Time limit reached   wall=300.1
[196/960] dts-v3           neos-2657525-crna            s0 Time limit reached   wall=300.1
[197/960] dev              fast0507                     s0 Optimal              wall=258.5
[198/960] stable           fast0507                     s0 Time limit reached   wall=300.4
[199/960] dts-v3-pgo       fast0507                     s0 Optimal              wall=244.5
[200/960] dev              neos-2987310-joes            s0 Optimal              wall=4.3
[201/960] dts-v3-pgo       neos-2987310-joes            s0 Optimal              wall=4.2
[202/960] stable           neos-2987310-joes            s0 Optimal              wall=3.8
[203/960] dts-v3           neos-2987310-joes            s0 Optimal              wall=4.1
[204/960] dts-v3           fast0507                     s0 Optimal              wall=259.8
[205/960] dts-v3           neos-3024952-loue            s0 Time limit reached   wall=301.4
[206/960] dts-v3-pgo       neos-2075418-temuka          s0 Infeasible           wall=159.9
[207/960] dts-v3           neos-2075418-temuka          s0 Infeasible           wall=146.4
[208/960] dev              neos-2978193-inde            s0 Optimal              wall=21.7
[209/960] stable           neos-2978193-inde            s0 Optimal              wall=35.6
[210/960] stable           neos-2075418-temuka          s0 Infeasible           wall=184.9
[211/960] stable           neos-3024952-loue            s0 Time limit reached   wall=300.3
[212/960] dts-v3-pgo       neos-2978193-inde            s0 Optimal              wall=16.9
[213/960] dts-v3           neos-2978193-inde            s0 Optimal              wall=17.9
[214/960] dev              neos-2075418-temuka          s0 Infeasible           wall=187.4
[215/960] dts-v3-pgo       neos-3024952-loue            s0 Time limit reached   wall=300.5
[216/960] dev              neos-3024952-loue            s0 Time limit reached   wall=300.5
[217/960] dev              highschool1-aigio            s0 Time limit reached   wall=302.3
[218/960] stable           highschool1-aigio            s0 Time limit reached   wall=302.3
[219/960] dts-v3           highschool1-aigio            s0 Time limit reached   wall=302.3
[220/960] stable           neos-3381206-awhea           s0 Optimal              wall=1.0
[221/960] dts-v3-pgo       neos-3381206-awhea           s0 Optimal              wall=1.0
[222/960] dev              neos-3381206-awhea           s0 Optimal              wall=1.0
[223/960] dts-v3           neos-3381206-awhea           s0 Optimal              wall=1.0
[224/960] dts-v3-pgo       highschool1-aigio            s0 Time limit reached   wall=302.2
[225/960] dts-v3           neos-2746589-doon            s0 Time limit reached   wall=300.5
[226/960] stable           neos-2746589-doon            s0 Time limit reached   wall=300.4
[227/960] dev              neos-2746589-doon            s0 Time limit reached   wall=300.4
[228/960] dts-v3-pgo       neos-2746589-doon            s0 Time limit reached   wall=300.4
[229/960] stable           neos-3004026-krka            s0 Time limit reached   wall=300.2
[230/960] dev              neos-3004026-krka            s0 Optimal              wall=185.7
[231/960] dts-v3           neos-3004026-krka            s0 Time limit reached   wall=300.1
[232/960] dts-v3-pgo       neos-3004026-krka            s0 Time limit reached   wall=300.1
[233/960] stable           assign1-5-8                  s0 Time limit reached   wall=300.1
[234/960] dts-v3           assign1-5-8                  s0 Time limit reached   wall=300.1
[235/960] dts-v3-pgo       assign1-5-8                  s0 Time limit reached   wall=300.1
[236/960] dev              assign1-5-8                  s0 Time limit reached   wall=300.1
[237/960] dev              neos-3656078-kumeu           s0 Time limit reached   wall=300.1
[238/960] dev              neos-3216931-puriri          s0 Optimal              wall=257.1
[239/960] dts-v3           neos-3656078-kumeu           s0 Time limit reached   wall=300.1
[240/960] dts-v3           neos-3216931-puriri          s0 Optimal              wall=164.0
[241/960] dts-v3-pgo       neos-3656078-kumeu           s0 Time limit reached   wall=300.1
[242/960] stable           neos-3656078-kumeu           s0 Time limit reached   wall=300.1
[243/960] dts-v3-pgo       neos-3216931-puriri          s0 Optimal              wall=163.2
[244/960] stable           neos-3216931-puriri          s0 Optimal              wall=157.4
[245/960] dev              neos-3555904-turama          s0 Time limit reached   wall=300.8
[246/960] dts-v3           neos-3555904-turama          s0 Time limit reached   wall=300.8
[247/960] dts-v3-pgo       neos-3555904-turama          s0 Time limit reached   wall=300.7
[248/960] stable           neos-3555904-turama          s0 Time limit reached   wall=300.8
[249/960] dts-v3           leo1                         s0 Time limit reached   wall=300.2
[250/960] dts-v3-pgo       neos-3402294-bobin           s0 Optimal              wall=15.4
[251/960] stable           leo1                         s0 Time limit reached   wall=300.2
[252/960] dts-v3           neos-3402294-bobin           s0 Optimal              wall=17.7
[253/960] dev              leo1                         s0 Time limit reached   wall=300.2
[254/960] dts-v3           neos-3627168-kasai           s0 Optimal              wall=15.5
[255/960] dts-v3-pgo       leo1                         s0 Time limit reached   wall=300.2
[256/960] dts-v3-pgo       neos-3627168-kasai           s0 Optimal              wall=14.3
[257/960] dev              neos-3627168-kasai           s0 Optimal              wall=20.4
[258/960] stable           neos-3627168-kasai           s0 Optimal              wall=17.8
[259/960] dts-v3-pgo       neos-3402454-bohle           s0 Time limit reached   wall=313.5
[260/960] stable           neos-3402454-bohle           s0 Time limit reached   wall=313.9
[261/960] dev              neos-3402294-bobin           s0 Optimal              wall=165.3
[262/960] stable           neos-3402294-bobin           s0 Optimal              wall=168.9
[263/960] dts-v3           neos-3402454-bohle           s0 ?                    wall=297.3
[264/960] dev              neos-3402454-bohle           s0 Time limit reached   wall=340.8
[265/960] dts-v3-pgo       neos-4338804-snowy           s0 Time limit reached   wall=300.1
[266/960] dev              neos-4338804-snowy           s0 Time limit reached   wall=300.1
[267/960] stable           neos-4338804-snowy           s0 Time limit reached   wall=300.1
[268/960] dts-v3           neos-4338804-snowy           s0 Time limit reached   wall=300.1
[269/960] stable           bnatt400                     s0 Time limit reached   wall=300.1
[270/960] dts-v3           bnatt400                     s0 Time limit reached   wall=300.1
[271/960] stable           neos-4722843-widden          s0 Optimal              wall=114.0
[272/960] dts-v3-pgo       bnatt400                     s0 Time limit reached   wall=300.1
[273/960] dts-v3-pgo       neos-4722843-widden          s0 Optimal              wall=186.9
[274/960] dev              neos-4722843-widden          s0 Optimal              wall=136.0
[275/960] dev              bnatt400                     s0 Time limit reached   wall=300.1
[276/960] dts-v3           neos-4722843-widden          s0 Optimal              wall=190.8
[277/960] dev              mas76                        s0 Optimal              wall=72.8
[278/960] dts-v3           mas76                        s0 Optimal              wall=47.7
[279/960] dts-v3-pgo       mas76                        s0 Optimal              wall=48.2
[280/960] dev              neos-4413714-turia           s0 Optimal              wall=19.6
[281/960] stable           mas76                        s0 Optimal              wall=64.9
[282/960] stable           neos-4300652-rahue           s0 Time limit reached   wall=300.4
[283/960] dts-v3-pgo       neos-4413714-turia           s0 Optimal              wall=20.4
[284/960] dts-v3           neos-4413714-turia           s0 Optimal              wall=21.3
[285/960] dts-v3-pgo       neos-4300652-rahue           s0 Time limit reached   wall=300.4
[286/960] stable           neos-4413714-turia           s0 Optimal              wall=20.9
[287/960] dev              neos-4300652-rahue           s0 Time limit reached   wall=300.4
[288/960] dts-v3           neos-4300652-rahue           s0 Time limit reached   wall=300.4
[289/960] dts-v3           neos-4532248-waihi           s0 Time limit reached   wall=301.4
[290/960] dts-v3-pgo       neos-4532248-waihi           s0 Time limit reached   wall=300.8
[291/960] stable           neos-4532248-waihi           s0 Time limit reached   wall=301.1
[292/960] dev              neos-4532248-waihi           s0 Time limit reached   wall=301.3
[293/960] stable           neos-4387871-tavua           s0 Time limit reached   wall=300.1
[294/960] dts-v3           neos-4387871-tavua           s0 Time limit reached   wall=300.1
[295/960] dts-v3-pgo       neos-4387871-tavua           s0 Time limit reached   wall=300.1
[296/960] dev              neos-4387871-tavua           s0 Time limit reached   wall=300.1
[297/960] dev              neos-4647030-tutaki          s0 Time limit reached   wall=307.1
[298/960] dts-v3-pgo       neos-4647030-tutaki          s0 Time limit reached   wall=302.2
[299/960] dts-v3           neos-4647030-tutaki          s0 Time limit reached   wall=305.1
[300/960] stable           neos-5049753-cuanza          s0 Time limit reached   wall=301.9
[301/960] dts-v3-pgo       neos-5049753-cuanza          s0 Time limit reached   wall=301.7
[302/960] stable           neos-4647030-tutaki          s0 Time limit reached   wall=304.9
[303/960] stable           CMS750_4                     s0 Time limit reached   wall=300.3
[304/960] dev              CMS750_4                     s0 Time limit reached   wall=300.2
[305/960] dts-v3           neos-5049753-cuanza          s0 Time limit reached   wall=320.3
[306/960] dev              neos-5049753-cuanza          s0 Time limit reached   wall=319.8
[307/960] dts-v3-pgo       CMS750_4                     s0 Time limit reached   wall=300.1
[308/960] dts-v3           CMS750_4                     s0 Time limit reached   wall=300.2
[309/960] dev              neos-5114902-kasavu          s0 Time limit reached   wall=306.7
[310/960] dts-v3           neos-4954672-berkel          s0 Time limit reached   wall=300.1
[311/960] dts-v3-pgo       neos-4954672-berkel          s0 Time limit reached   wall=300.1
[312/960] stable           neos-4954672-berkel          s0 Time limit reached   wall=300.1
[313/960] dev              neos-4954672-berkel          s0 Time limit reached   wall=300.1
[314/960] dts-v3           neos-5104907-jarama          s0 Time limit reached   wall=302.8
[315/960] dev              neos-5104907-jarama          s0 Time limit reached   wall=302.7
[316/960] dts-v3-pgo       n2seq36q                     s0 Optimal              wall=36.1
[317/960] stable           n2seq36q                     s0 Optimal              wall=53.2
[318/960] dts-v3           n2seq36q                     s0 Optimal              wall=38.4
[319/960] dev              n2seq36q                     s0 Optimal              wall=66.4
[320/960] stable           neos-5104907-jarama          s0 Time limit reached   wall=302.9
[321/960] dts-v3-pgo       neos-5104907-jarama          s0 Time limit reached   wall=302.6
[322/960] dts-v3-pgo       neos-5093327-huahum          s0 Time limit reached   wall=300.6
[323/960] dts-v3           neos-5093327-huahum          s0 Time limit reached   wall=300.6
[324/960] stable           neos-5093327-huahum          s0 Time limit reached   wall=300.6
[325/960] dev              neos-5093327-huahum          s0 Time limit reached   wall=300.7
[326/960] dts-v3           neos-5052403-cygnet          s0 Time limit reached   wall=302.2
[327/960] dev              neos-5052403-cygnet          s0 Time limit reached   wall=302.2
[328/960] stable           neos-5052403-cygnet          s0 Time limit reached   wall=302.2
[329/960] dts-v3-pgo       neos-5052403-cygnet          s0 Time limit reached   wall=301.8
[330/960] stable           neos-5107597-kakapo          s0 Time limit reached   wall=300.1
[331/960] dev              neos-5107597-kakapo          s0 Time limit reached   wall=300.1
[332/960] dts-v3           neos-5107597-kakapo          s0 Time limit reached   wall=300.1
[333/960] dts-v3-pgo       neos-5107597-kakapo          s0 Time limit reached   wall=300.1
[334/960] dts-v3-pgo       neos-5114902-kasavu          s0 Time limit reached   wall=1178.5
[335/960] stable           neos-5114902-kasavu          s0 Time limit reached   wall=1181.0
[336/960] dts-v3           neos859080                   s0 Infeasible           wall=3.4
[337/960] dts-v3           neos-631710                  s0 Time limit reached   wall=301.1
[338/960] stable           neos859080                   s0 Infeasible           wall=2.2
[339/960] dts-v3           neos-5114902-kasavu          s0 Time limit reached   wall=1190.4
[340/960] dev              neos859080                   s0 Infeasible           wall=2.1
[341/960] dts-v3-pgo       neos859080                   s0 Infeasible           wall=3.3
[342/960] dts-v3-pgo       neos5                        s0 Optimal              wall=45.6
[343/960] dts-v3           neos5                        s0 Optimal              wall=46.6
[344/960] dev              neos-827175                  s0 Optimal              wall=1.0
[345/960] dts-v3           neos-827175                  s0 Optimal              wall=1.0
[346/960] stable           neos-827175                  s0 Optimal              wall=3.0
[347/960] dts-v3-pgo       neos-827175                  s0 Optimal              wall=1.0
[348/960] dev              neos5                        s0 Optimal              wall=63.0
[349/960] stable           csched008                    s0 Optimal              wall=112.8
[350/960] dts-v3           neos-1582420                 s0 Optimal              wall=14.3
[351/960] dts-v3-pgo       neos-1582420                 s0 Optimal              wall=13.4
[352/960] dts-v3           neos-787933                  s0 Optimal              wall=2.5
[353/960] dev              neos-1582420                 s0 Optimal              wall=16.0
[354/960] stable           neos-1582420                 s0 Optimal              wall=20.0
[355/960] dts-v3-pgo       neos-787933                  s0 Optimal              wall=4.4
[356/960] stable           neos5                        s0 Optimal              wall=70.4
[357/960] dev              csched008                    s0 Optimal              wall=177.3
[358/960] dts-v3           csched008                    s0 Optimal              wall=216.6
[359/960] dts-v3-pgo       neos-631710                  s0 Time limit reached   wall=301.1
[360/960] dts-v3-pgo       csched008                    s0 Optimal              wall=261.7
[361/960] stable           neos-631710                  s0 Time limit reached   wall=301.4
[362/960] dev              neos-631710                  s0 Time limit reached   wall=301.2
[363/960] dts-v3           neos-662469                  s0 Optimal              wall=97.8
[364/960] dts-v3           neos-911970                  s0 Optimal              wall=5.1
[365/960] dts-v3-pgo       neos-911970                  s0 Optimal              wall=5.0
[366/960] dev              neos-911970                  s0 Optimal              wall=5.8
[367/960] dts-v3-pgo       neos-662469                  s0 Optimal              wall=100.9
[368/960] stable           neos-911970                  s0 Optimal              wall=5.2
[369/960] dev              neos-787933                  s0 Time limit reached   wall=300.6
[370/960] stable           neos-787933                  s0 Time limit reached   wall=300.7
[371/960] stable           neos-662469                  s0 Time limit reached   wall=300.3
[372/960] dev              neos-662469                  s0 Time limit reached   wall=300.2
[373/960] stable           neos-848589                  s0 Time limit reached   wall=301.8
[374/960] dts-v3           neos-848589                  s0 Time limit reached   wall=301.9
[375/960] dev              neos-848589                  s0 Time limit reached   wall=301.9
[376/960] dts-v3           neos8                        s0 Optimal              wall=2.4
[377/960] dts-v3-pgo       neos8                        s0 Optimal              wall=2.4
[378/960] dts-v3-pgo       neos-848589                  s0 Time limit reached   wall=301.6
[379/960] stable           neos8                        s0 Optimal              wall=2.3
[380/960] dev              neos8                        s0 Optimal              wall=5.4
[381/960] dts-v3           neos-957323                  s0 Optimal              wall=28.3
[382/960] dev              neos-957323                  s0 Optimal              wall=28.4
[383/960] stable           eilA101-2                    s0 Time limit reached   wall=300.6
[384/960] dts-v3-pgo       eilA101-2                    s0 Time limit reached   wall=300.5
[385/960] dts-v3-pgo       neos-957323                  s0 Optimal              wall=26.8
[386/960] stable           neos-957323                  s0 Optimal              wall=34.7
[387/960] dts-v3           net12                        s0 Optimal              wall=245.5
[388/960] stable           neos-950242                  s0 Optimal              wall=15.1
[389/960] dts-v3           eilA101-2                    s0 Time limit reached   wall=300.6
[390/960] dev              neos-950242                  s0 Optimal              wall=6.0
[391/960] dts-v3           neos-950242                  s0 Optimal              wall=5.9
[392/960] dev              eilA101-2                    s0 Time limit reached   wall=300.5
[393/960] dts-v3-pgo       neos-950242                  s0 Optimal              wall=5.9
[394/960] stable           net12                        s0 Time limit reached   wall=300.1
[395/960] dev              neos-3046615-murg            s0 Optimal              wall=108.6
[396/960] dts-v3           neos-3046615-murg            s0 Optimal              wall=105.7
[397/960] dts-v3-pgo       neos-960392                  s0 Optimal              wall=1.6
[398/960] dts-v3           neos-960392                  s0 Optimal              wall=1.8
[399/960] dev              neos-960392                  s0 Optimal              wall=1.7
[400/960] stable           neos-960392                  s0 Optimal              wall=9.4
[401/960] stable           neos-933966                  s0 Optimal              wall=17.6
[402/960] dev              neos-933966                  s0 Optimal              wall=19.8
[403/960] dts-v3           neos-933966                  s0 Optimal              wall=19.0
[404/960] dts-v3-pgo       neos-933966                  s0 Optimal              wall=18.9
[405/960] dts-v3-pgo       neos-3046615-murg            s0 Optimal              wall=103.6
[406/960] dev              net12                        s0 Optimal              wall=195.3
[407/960] dts-v3-pgo       net12                        s0 Optimal              wall=240.1
[408/960] dts-v3           nu25-pr12                    s0 Optimal              wall=2.3
[409/960] dts-v3-pgo       nu25-pr12                    s0 Optimal              wall=2.2
[410/960] dev              ns1208400                    s0 Optimal              wall=38.6
[411/960] stable           nu25-pr12                    s0 Optimal              wall=2.6
[412/960] dev              nu25-pr12                    s0 Optimal              wall=2.4
[413/960] dev              ns1116954                    s0 Optimal              wall=2.2
[414/960] dts-v3           ns1208400                    s0 Optimal              wall=37.9
[415/960] dts-v3           ns1116954                    s0 Optimal              wall=2.3
[416/960] stable           ns1116954                    s0 Optimal              wall=1.8
[417/960] dts-v3-pgo       ns1116954                    s0 Optimal              wall=2.1
[418/960] dts-v3-pgo       ns1208400                    s0 Optimal              wall=38.7
[419/960] stable           fiball                       s0 Optimal              wall=33.1
[420/960] dev              fiball                       s0 Optimal              wall=31.7
[421/960] dts-v3-pgo       fiball                       s0 Optimal              wall=40.7
[422/960] dts-v3           fiball                       s0 Optimal              wall=42.9
[423/960] stable           ns1208400                    s0 Optimal              wall=54.6
[424/960] stable           ns1830653                    s0 Optimal              wall=141.6
[425/960] stable           neos-3046615-murg            s0 Time limit reached   wall=300.2
[426/960] dev              ns1830653                    s0 Optimal              wall=159.0
[427/960] dts-v3-pgo       ns1830653                    s0 Optimal              wall=164.7
[428/960] dts-v3           ns1830653                    s0 Optimal              wall=170.3
[429/960] dts-v3           neos-3754480-nidda           s0 Time limit reached   wall=300.1
[430/960] dev              neos-3754480-nidda           s0 Time limit reached   wall=300.1
[431/960] stable           neos-3754480-nidda           s0 Time limit reached   wall=300.1
[432/960] dts-v3-pgo       neos-3754480-nidda           s0 Time limit reached   wall=300.1
[433/960] dts-v3-pgo       ns1760995                    s0 Time limit reached   wall=336.4
[434/960] stable           ns1760995                    s0 Time limit reached   wall=305.0
[435/960] dts-v3           ns1760995                    s0 Time limit reached   wall=303.6
[436/960] dts-v3-pgo       ns1644855                    s0 Time limit reached   wall=304.8
[437/960] dev              ns1760995                    s0 Time limit reached   wall=317.6
[438/960] dts-v3           ns1644855                    s0 Time limit reached   wall=312.4
[439/960] dev              ns1952667                    s0 Time limit reached   wall=300.4
[440/960] dts-v3-pgo       ns1952667                    s0 Time limit reached   wall=300.4
[441/960] stable           ns1644855                    s0 Time limit reached   wall=311.2
[442/960] dev              ns1644855                    s0 Time limit reached   wall=310.2
[443/960] dts-v3           ns1952667                    s0 Time limit reached   wall=300.6
[444/960] stable           ns1952667                    s0 Time limit reached   wall=300.3
[445/960] dts-v3-pgo       opm2-z10-s4                  s0 Time limit reached   wall=303.3
[446/960] stable           opm2-z10-s4                  s0 Time limit reached   wall=300.5
[447/960] dts-v3           opm2-z10-s4                  s0 Time limit reached   wall=304.1
[448/960] dev              opm2-z10-s4                  s0 Time limit reached   wall=300.5
[449/960] dev              nw04                         s0 Optimal              wall=19.6
[450/960] stable           nw04                         s0 Optimal              wall=23.7
[451/960] dts-v3-pgo       nw04                         s0 Optimal              wall=17.7
[452/960] dts-v3           nw04                         s0 Optimal              wall=19.5
[453/960] dts-v3-pgo       atlanta-ip                   s0 Time limit reached   wall=300.3
[454/960] stable           atlanta-ip                   s0 Time limit reached   wall=300.3
[455/960] dev              atlanta-ip                   s0 Time limit reached   wall=300.3
[456/960] dts-v3           atlanta-ip                   s0 Time limit reached   wall=300.3
[457/960] dts-v3-pgo       physiciansched3-3            s0 Time limit reached   wall=301.0
[458/960] dev              pg5_34                       s0 Optimal              wall=60.4
[459/960] dts-v3           pg5_34                       s0 Optimal              wall=155.0
[460/960] stable           neos-4738912-atrato          s0 Optimal              wall=118.0
[461/960] dts-v3           physiciansched3-3            s0 Time limit reached   wall=301.1
[462/960] dts-v3-pgo       pg5_34                       s0 Optimal              wall=150.4
[463/960] dev              physiciansched3-3            s0 Time limit reached   wall=301.1
[464/960] dts-v3           p200x1188c                   s0 Optimal              wall=1.0
[465/960] stable           p200x1188c                   s0 Optimal              wall=1.0
[466/960] dts-v3-pgo       p200x1188c                   s0 Optimal              wall=1.0
[467/960] dev              p200x1188c                   s0 Optimal              wall=1.0
[468/960] stable           physiciansched3-3            s0 Time limit reached   wall=301.1
[469/960] stable           pg5_34                       s0 Time limit reached   wall=300.1
[470/960] dev              neos-4738912-atrato          s0 Optimal              wall=180.8
[471/960] dts-v3-pgo       neos-4738912-atrato          s0 Time limit reached   wall=300.2
[472/960] dts-v3           neos-4738912-atrato          s0 Time limit reached   wall=300.3
[473/960] dev              peg-solitaire-a3             s0 Time limit reached   wall=300.1
[474/960] stable           peg-solitaire-a3             s0 Time limit reached   wall=300.3
[475/960] dts-v3-pgo       peg-solitaire-a3             s0 Time limit reached   wall=300.1
[476/960] dts-v3           peg-solitaire-a3             s0 Time limit reached   wall=300.1
[477/960] dev              bnatt500                     s0 Time limit reached   wall=300.1
[478/960] stable           bnatt500                     s0 Time limit reached   wall=300.1
[479/960] dts-v3           bnatt500                     s0 Time limit reached   wall=300.1
[480/960] dev              binkar10_1                   s0 Optimal              wall=17.8
[481/960] dts-v3-pgo       bnatt500                     s0 Time limit reached   wall=300.1
[482/960] stable           binkar10_1                   s0 Optimal              wall=14.1
[483/960] dts-v3           binkar10_1                   s0 Optimal              wall=20.4
[484/960] dts-v3-pgo       binkar10_1                   s0 Optimal              wall=20.2
[485/960] dev              gen-ip054                    s0 Optimal              wall=257.3
[486/960] dts-v3           gen-ip054                    s0 Optimal              wall=255.0
[487/960] stable           gen-ip054                    s0 Time limit reached   wall=300.1
[488/960] dts-v3-pgo       gen-ip054                    s0 Optimal              wall=252.3
[489/960] stable           proteindesign121hz512p9      s0 Time limit reached   wall=301.8
[490/960] dev              proteindesign121hz512p9      s0 Time limit reached   wall=303.2
[491/960] dts-v3-pgo       proteindesign121hz512p9      s0 Time limit reached   wall=303.2
[492/960] dts-v3-pgo       pk1                          s0 Optimal              wall=85.5
[493/960] dts-v3           proteindesign121hz512p9      s0 Time limit reached   wall=303.3
[494/960] stable           pk1                          s0 Optimal              wall=132.6
[495/960] dts-v3           pk1                          s0 Optimal              wall=86.3
[496/960] dts-v3           rail01                       s0 Time limit reached   wall=304.1
[497/960] dev              pk1                          s0 Optimal              wall=108.1
[498/960] dev              rail01                       s0 Time limit reached   wall=300.7
[499/960] dts-v3-pgo       rail01                       s0 Time limit reached   wall=300.6
[500/960] stable           rail01                       s0 Time limit reached   wall=300.7
[501/960] dev              radiationm18-12-05           s0 Time limit reached   wall=300.3
[502/960] stable           radiationm18-12-05           s0 Time limit reached   wall=300.3
[503/960] dts-v3-pgo       radiationm18-12-05           s0 Time limit reached   wall=300.3
[504/960] dts-v3           radiationm18-12-05           s0 Time limit reached   wall=300.3
[505/960] dev              neos-5195221-niemur          s0 Time limit reached   wall=300.3
[506/960] stable           neos-5195221-niemur          s0 Time limit reached   wall=300.2
[507/960] dts-v3           neos-5195221-niemur          s0 Time limit reached   wall=300.2
[508/960] dts-v3-pgo       neos-5195221-niemur          s0 Time limit reached   wall=300.2
[509/960] dts-v3           neos-4763324-toguru          s0 Time limit reached   wall=300.6
[510/960] dts-v3-pgo       qap10                        s0 Optimal              wall=18.6
[511/960] dev              qap10                        s0 Optimal              wall=19.8
[512/960] dts-v3           qap10                        s0 Optimal              wall=19.2
[513/960] stable           neos-4763324-toguru          s0 Time limit reached   wall=300.5
[514/960] stable           qap10                        s0 Optimal              wall=48.8
[515/960] dev              neos-4763324-toguru          s0 Time limit reached   wall=300.6
[516/960] dts-v3-pgo       neos-4763324-toguru          s0 Time limit reached   wall=300.5
[517/960] dts-v3-pgo       b1c1s1                       s0 Time limit reached   wall=300.1
[518/960] stable           b1c1s1                       s0 Time limit reached   wall=300.1
[519/960] dts-v3           b1c1s1                       s0 Time limit reached   wall=300.1
[520/960] dts-v3           mc11                         s0 Optimal              wall=6.9
[521/960] dev              mc11                         s0 Optimal              wall=7.2
[522/960] dts-v3-pgo       mc11                         s0 Optimal              wall=6.7
[523/960] dev              b1c1s1                       s0 Time limit reached   wall=300.1
[524/960] stable           mc11                         s0 Optimal              wall=9.0
[525/960] stable           chromaticindex512-7          s0 Time limit reached   wall=303.6
[526/960] dts-v3           chromaticindex512-7          s0 Time limit reached   wall=307.1
[527/960] dts-v3-pgo       chromaticindex512-7          s0 Time limit reached   wall=301.0
[528/960] dev              chromaticindex512-7          s0 Time limit reached   wall=307.5
[529/960] dts-v3-pgo       reblock115                   s0 Time limit reached   wall=300.1
[530/960] stable           reblock115                   s0 Time limit reached   wall=300.1
[531/960] dev              reblock115                   s0 Time limit reached   wall=300.1
[532/960] dts-v3           reblock115                   s0 Time limit reached   wall=300.1
[533/960] dev              rococoB10-011000             s0 Time limit reached   wall=300.1
[534/960] dts-v3-pgo       rococoB10-011000             s0 Time limit reached   wall=300.1
[535/960] stable           rococoB10-011000             s0 Time limit reached   wall=300.1
[536/960] dts-v3           rococoB10-011000             s0 Time limit reached   wall=300.1
[537/960] dts-v3           bppc4-08                     s0 Time limit reached   wall=300.1
[538/960] stable           bppc4-08                     s0 Time limit reached   wall=300.1
[539/960] dev              bppc4-08                     s0 Time limit reached   wall=300.1
[540/960] dts-v3           drayage-25-23                s0 Optimal              wall=1.0
[541/960] stable           drayage-25-23                s0 Optimal              wall=1.6
[542/960] dts-v3-pgo       bppc4-08                     s0 Time limit reached   wall=300.1
[543/960] dev              drayage-25-23                s0 Optimal              wall=1.1
[544/960] dts-v3-pgo       drayage-25-23                s0 Optimal              wall=1.0
[545/960] dev              blp-ic98                     s0 Time limit reached   wall=304.8
[546/960] dts-v3-pgo       blp-ic98                     s0 Time limit reached   wall=311.7
[547/960] stable           blp-ic98                     s0 Time limit reached   wall=302.2
[548/960] dts-v3           blp-ic98                     s0 Time limit reached   wall=310.1
[549/960] dts-v3-pgo       rocII-5-11                   s0 Time limit reached   wall=300.3
[550/960] dts-v3           rocII-5-11                   s0 Time limit reached   wall=300.3
[551/960] stable           rocII-5-11                   s0 Time limit reached   wall=300.3
[552/960] dts-v3           decomp2                      s0 Optimal              wall=1.8
[553/960] dev              decomp2                      s0 Optimal              wall=1.9
[554/960] dev              rocII-5-11                   s0 Time limit reached   wall=300.3
[555/960] stable           decomp2                      s0 Optimal              wall=1.9
[556/960] dts-v3-pgo       decomp2                      s0 Optimal              wall=1.7
[557/960] dts-v3-pgo       rocI-4-11                    s0 Optimal              wall=275.4
[558/960] stable           rocI-4-11                    s0 Time limit reached   wall=300.1
[559/960] dev              rocI-4-11                    s0 Time limit reached   wall=300.1
[560/960] dts-v3           rocI-4-11                    s0 Optimal              wall=284.2
[561/960] dts-v3           rmatr200-p5                  s0 Time limit reached   wall=300.3
[562/960] dev              rmatr200-p5                  s0 Time limit reached   wall=300.3
[563/960] stable           rmatr200-p5                  s0 Time limit reached   wall=300.2
[564/960] dts-v3-pgo       rmatr200-p5                  s0 Time limit reached   wall=300.2
[565/960] dts-v3           dws008-01                    s0 Time limit reached   wall=300.3
[566/960] dev              dws008-01                    s0 Time limit reached   wall=300.2
[567/960] stable           dws008-01                    s0 Time limit reached   wall=300.2
[568/960] dts-v3-pgo       dws008-01                    s0 Time limit reached   wall=300.2
[569/960] dev              rococoC10-001000             s0 Optimal              wall=175.3
[570/960] dev              s250r10                      s0 Time limit reached   wall=302.0
[571/960] stable           rococoC10-001000             s0 Optimal              wall=140.5
[572/960] dts-v3           rococoC10-001000             s0 Optimal              wall=194.8
[573/960] dts-v3-pgo       s250r10                      s0 Time limit reached   wall=302.0
[574/960] dts-v3           seymour1                     s0 Optimal              wall=36.9
[575/960] dts-v3-pgo       seymour1                     s0 Optimal              wall=36.1
[576/960] stable           seymour1                     s0 Optimal              wall=61.0
[577/960] dev              seymour1                     s0 Optimal              wall=44.2
[578/960] dts-v3-pgo       rococoC10-001000             s0 Optimal              wall=185.3
[579/960] stable           s250r10                      s0 Time limit reached   wall=303.4
[580/960] dts-v3           s250r10                      s0 Time limit reached   wall=302.3
[581/960] stable           s100                         s0 Time limit reached   wall=302.8
[582/960] dts-v3-pgo       s100                         s0 Time limit reached   wall=302.7
[583/960] dts-v3           s100                         s0 Time limit reached   wall=302.8
[584/960] dev              s100                         s0 Time limit reached   wall=302.7
[585/960] dts-v3           savsched1                    s0 Time limit reached   wall=302.2
[586/960] stable           savsched1                    s0 Time limit reached   wall=302.1
[587/960] dev              savsched1                    s0 Time limit reached   wall=302.1
[588/960] dts-v3-pgo       savsched1                    s0 Time limit reached   wall=302.0
[589/960] stable           enlight_hard                 s0 Optimal              wall=13.9
[590/960] dev              enlight_hard                 s0 Optimal              wall=8.3
[591/960] dts-v3-pgo       enlight_hard                 s0 Optimal              wall=10.7
[592/960] dts-v3           enlight_hard                 s0 Optimal              wall=10.9
[593/960] dev              eil33-2                      s0 Optimal              wall=39.4
[594/960] dts-v3           eil33-2                      s0 Optimal              wall=63.1
[595/960] stable           cvs16r128-89                 s0 Time limit reached   wall=300.1
[596/960] dts-v3-pgo       eil33-2                      s0 Optimal              wall=59.4
[597/960] stable           eil33-2                      s0 Optimal              wall=64.9
[598/960] dts-v3           cvs16r128-89                 s0 Time limit reached   wall=300.1
[599/960] dts-v3-pgo       neos-860300                  s0 Optimal              wall=7.8
[600/960] dev              neos-860300                  s0 Optimal              wall=9.0
[601/960] stable           neos-860300                  s0 Optimal              wall=7.5
[602/960] dts-v3           neos-860300                  s0 Optimal              wall=8.0
[603/960] stable           satellites2-60-fs            s0 Optimal              wall=221.4
[604/960] dts-v3-pgo       cvs16r128-89                 s0 Time limit reached   wall=300.1
[605/960] dev              cvs16r128-89                 s0 Time limit reached   wall=300.1
[606/960] dev              satellites2-60-fs            s0 Optimal              wall=297.6
[607/960] dts-v3-pgo       satellites2-60-fs            s0 Time limit reached   wall=300.2
[608/960] dts-v3           satellites2-60-fs            s0 Time limit reached   wall=300.3
[609/960] stable           sorrell3                     s0 Time limit reached   wall=300.8
[610/960] dts-v3-pgo       sorrell3                     s0 Time limit reached   wall=300.7
[611/960] dts-v3           sorrell3                     s0 Time limit reached   wall=300.7
[612/960] dev              sorrell3                     s0 Time limit reached   wall=300.6
[613/960] dev              netdiversion                 s0 Time limit reached   wall=300.8
[614/960] dts-v3           netdiversion                 s0 Time limit reached   wall=300.9
[615/960] stable           netdiversion                 s0 Time limit reached   wall=300.9
[616/960] stable           dano3_3                      s0 Optimal              wall=33.6
[617/960] dts-v3-pgo       netdiversion                 s0 Time limit reached   wall=300.7
[618/960] dts-v3           seymour                      s0 Time limit reached   wall=300.1
[619/960] dts-v3-pgo       dano3_3                      s0 Optimal              wall=31.6
[620/960] dev              seymour                      s0 Time limit reached   wall=300.1
[621/960] dts-v3           dano3_3                      s0 Optimal              wall=32.4
[622/960] dts-v3-pgo       seymour                      s0 Time limit reached   wall=300.1
[623/960] stable           seymour                      s0 Time limit reached   wall=300.1
[624/960] dev              dano3_3                      s0 Optimal              wall=31.3
[625/960] dts-v3-pgo       square47                     s0 Time limit reached   wall=311.6
[626/960] dev              square47                     s0 Time limit reached   wall=324.0
[627/960] dts-v3           square47                     s0 Time limit reached   wall=314.0
[628/960] stable           square47                     s0 Time limit reached   wall=336.7
[629/960] dts-v3-pgo       splice1k1                    s0 Time limit reached   wall=300.9
[630/960] dev              splice1k1                    s0 Time limit reached   wall=304.2
[631/960] dts-v3           splice1k1                    s0 Time limit reached   wall=301.0
[632/960] stable           splice1k1                    s0 Time limit reached   wall=301.0
[633/960] dts-v3-pgo       neos-3083819-nubu            s0 Optimal              wall=5.8
[634/960] dts-v3           neos-3083819-nubu            s0 Optimal              wall=6.0
[635/960] dev              neos-3083819-nubu            s0 Optimal              wall=10.9
[636/960] stable           neos-3083819-nubu            s0 Optimal              wall=14.1
[637/960] stable           buildingenergy               s0 Time limit reached   wall=429.0
[638/960] dev              buildingenergy               s0 Time limit reached   wall=442.5
[639/960] stable           bab6                         s0 Time limit reached   wall=301.4
[640/960] dts-v3-pgo       buildingenergy               s0 Time limit reached   wall=509.1
[641/960] dts-v3           app1-1                       s0 Optimal              wall=13.2
[642/960] stable           app1-1                       s0 Optimal              wall=13.2
[643/960] dts-v3-pgo       app1-1                       s0 Optimal              wall=12.6
[644/960] dts-v3           buildingenergy               s0 Time limit reached   wall=509.2
[645/960] dev              app1-1                       s0 Optimal              wall=15.5
[646/960] dts-v3-pgo       bab6                         s0 Time limit reached   wall=301.4
[647/960] dev              bab6                         s0 Time limit reached   wall=301.5
[648/960] dts-v3           bab6                         s0 Time limit reached   wall=301.4
[649/960] stable           sp98ar                       s0 Time limit reached   wall=300.4
[650/960] dts-v3           sp98ar                       s0 Time limit reached   wall=300.4
[651/960] dts-v3-pgo       sp98ar                       s0 Time limit reached   wall=300.3
[652/960] dev              sp98ar                       s0 Time limit reached   wall=300.4
[653/960] dev              supportcase22                s0 Time limit reached   wall=307.2
[654/960] stable           supportcase22                s0 Time limit reached   wall=315.2
[655/960] dts-v3-pgo       supportcase22                s0 Time limit reached   wall=305.3
[656/960] dts-v3           supportcase22                s0 Time limit reached   wall=317.2
[657/960] stable           blp-ar98                     s0 Time limit reached   wall=300.3
[658/960] dts-v3           blp-ar98                     s0 Time limit reached   wall=304.9
[659/960] stable           supportcase7                 s0 Optimal              wall=59.0
[660/960] dev              supportcase7                 s0 Optimal              wall=60.5
[661/960] dts-v3-pgo       blp-ar98                     s0 Time limit reached   wall=304.3
[662/960] dev              blp-ar98                     s0 Time limit reached   wall=301.0
[663/960] dts-v3-pgo       nursesched-sprint02          s0 Optimal              wall=12.2
[664/960] dts-v3           nursesched-sprint02          s0 Optimal              wall=12.9
[665/960] dev              nursesched-sprint02          s0 Optimal              wall=12.4
[666/960] stable           nursesched-sprint02          s0 Optimal              wall=10.0
[667/960] dts-v3-pgo       supportcase7                 s0 Optimal              wall=50.6
[668/960] dts-v3-pgo       pg                           s0 Optimal              wall=10.5
[669/960] dts-v3           supportcase7                 s0 Optimal              wall=53.0
[670/960] dev              pg                           s0 Optimal              wall=10.7
[671/960] stable           pg                           s0 Optimal              wall=20.1
[672/960] dts-v3           pg                           s0 Optimal              wall=10.6
[673/960] dts-v3           supportcase10                s0 Time limit reached   wall=300.8
[674/960] dev              supportcase10                s0 Time limit reached   wall=300.8
[675/960] dts-v3-pgo       supportcase10                s0 Time limit reached   wall=300.7
[676/960] dts-v3           neos17                       s0 Optimal              wall=4.3
[677/960] stable           neos17                       s0 Optimal              wall=5.5
[678/960] stable           supportcase10                s0 Time limit reached   wall=300.7
[679/960] dev              neos17                       s0 Optimal              wall=4.8
[680/960] dts-v3-pgo       neos17                       s0 Optimal              wall=4.2
[681/960] dts-v3-pgo       supportcase42                s0 Time limit reached   wall=300.6
[682/960] stable           supportcase42                s0 Time limit reached   wall=301.0
[683/960] dev              supportcase42                s0 Time limit reached   wall=300.5
[684/960] dts-v3           supportcase42                s0 Time limit reached   wall=300.6
[685/960] dev              piperout-27                  s0 Optimal              wall=27.4
[686/960] dts-v3-pgo       piperout-27                  s0 Optimal              wall=32.8
[687/960] dev              cryptanalysiskb128n5obj16    s0 Time limit reached   wall=300.5
[688/960] dts-v3-pgo       cryptanalysiskb128n5obj16    s0 Time limit reached   wall=300.5
[689/960] dts-v3           swath1                       s0 Optimal              wall=10.4
[690/960] stable           swath1                       s0 Optimal              wall=12.5
[691/960] dev              swath1                       s0 Optimal              wall=9.2
[692/960] dts-v3           piperout-27                  s0 Optimal              wall=26.8
[693/960] stable           piperout-27                  s0 Optimal              wall=25.8
[694/960] dts-v3-pgo       swath1                       s0 Optimal              wall=9.8
[695/960] dts-v3           cryptanalysiskb128n5obj16    s0 Time limit reached   wall=300.6
[696/960] stable           cryptanalysiskb128n5obj16    s0 Time limit reached   wall=300.5
[697/960] dev              supportcase40                s0 Time limit reached   wall=300.2
[698/960] dts-v3           supportcase40                s0 Time limit reached   wall=300.2
[699/960] stable           tr12-30                      s0 Optimal              wall=193.5
[700/960] dts-v3-pgo       tr12-30                      s0 Optimal              wall=202.4
[701/960] dts-v3           tr12-30                      s0 Optimal              wall=209.1
[702/960] dts-v3-pgo       supportcase40                s0 Time limit reached   wall=300.2
[703/960] stable           supportcase40                s0 Time limit reached   wall=300.2
[704/960] dev              tr12-30                      s0 Optimal              wall=260.1
[705/960] dev              comp21-2idx                  s0 Time limit reached   wall=300.3
[706/960] dts-v3-pgo       comp21-2idx                  s0 Time limit reached   wall=300.2
[707/960] dts-v3           comp21-2idx                  s0 Time limit reached   wall=300.2
[708/960] stable           comp21-2idx                  s0 Time limit reached   wall=300.3
[709/960] stable           chromaticindex1024-7         s0 Time limit reached   wall=318.4
[710/960] dev              chromaticindex1024-7         s0 Time limit reached   wall=330.8
[711/960] dts-v3-pgo       chromaticindex1024-7         s0 Time limit reached   wall=341.3
[712/960] dev              uccase9                      s0 Time limit reached   wall=300.4
[713/960] stable           uccase9                      s0 Time limit reached   wall=300.4
[714/960] dts-v3           chromaticindex1024-7         s0 Time limit reached   wall=352.7
[715/960] stable           triptim1                     s0 Optimal              wall=54.5
[716/960] dts-v3-pgo       uccase9                      s0 Time limit reached   wall=300.4
[717/960] dts-v3-pgo       triptim1                     s0 Optimal              wall=126.5
[718/960] dts-v3           triptim1                     s0 Optimal              wall=110.7
[719/960] dts-v3           uccase9                      s0 Time limit reached   wall=300.4
[720/960] dev              triptim1                     s0 Optimal              wall=109.4
[721/960] dts-v3           leo2                         s0 Time limit reached   wall=300.3
[722/960] dev              leo2                         s0 Time limit reached   wall=300.3
[723/960] dts-v3-pgo       leo2                         s0 Time limit reached   wall=300.3
[724/960] stable           leo2                         s0 Time limit reached   wall=300.3
[725/960] stable           rail02                       s0 Time limit reached   wall=301.1
[726/960] dev              rail02                       s0 Time limit reached   wall=301.0
[727/960] dts-v3           rail02                       s0 Time limit reached   wall=301.2
[728/960] dts-v3-pgo       rail02                       s0 Time limit reached   wall=300.9
[729/960] stable           roi2alpha3n4                 s0 Time limit reached   wall=300.7
[730/960] dts-v3-pgo       roi2alpha3n4                 s0 Time limit reached   wall=300.6
[731/960] dts-v3           roi2alpha3n4                 s0 Time limit reached   wall=300.7
[732/960] dev              roi2alpha3n4                 s0 Time limit reached   wall=300.7
[733/960] dts-v3           app1-2                       s0 Time limit reached   wall=300.3
[734/960] dts-v3-pgo       app1-2                       s0 Time limit reached   wall=300.3
[735/960] stable           app1-2                       s0 Time limit reached   wall=300.3
[736/960] dev              app1-2                       s0 Time limit reached   wall=300.3
[737/960] dts-v3           trento1                      s0 Time limit reached   wall=300.2
[738/960] dts-v3-pgo       trento1                      s0 Time limit reached   wall=300.2
[739/960] stable           trento1                      s0 Time limit reached   wall=300.2
[740/960] dev              trento1                      s0 Time limit reached   wall=300.2
[741/960] dev              neos-5188808-nattai          s0 Time limit reached   wall=300.2
[742/960] dts-v3           neos-5188808-nattai          s0 Time limit reached   wall=300.2
[743/960] stable           neos-5188808-nattai          s0 Time limit reached   wall=300.2
[744/960] dts-v3-pgo       neos-5188808-nattai          s0 Time limit reached   wall=300.2
[745/960] dts-v3-pgo       uct-subprob                  s0 Time limit reached   wall=300.1
[746/960] dev              uct-subprob                  s0 Time limit reached   wall=300.2
[747/960] dts-v3           uct-subprob                  s0 Time limit reached   wall=300.2
[748/960] stable           uct-subprob                  s0 Time limit reached   wall=300.2
[749/960] dts-v3-pgo       cryptanalysiskb128n5obj14    s0 Time limit reached   wall=300.5
[750/960] dts-v3           roll3000                     s0 Optimal              wall=22.1
[751/960] dts-v3-pgo       roll3000                     s0 Optimal              wall=20.9
[752/960] dev              roll3000                     s0 Optimal              wall=21.0
[753/960] dev              cryptanalysiskb128n5obj14    s0 Time limit reached   wall=300.5
[754/960] stable           roll3000                     s0 Optimal              wall=14.7
[755/960] dts-v3           cryptanalysiskb128n5obj14    s0 Time limit reached   wall=300.5
[756/960] stable           cryptanalysiskb128n5obj14    s0 Time limit reached   wall=300.5
[757/960] dts-v3           rd-rplusc-21                 s0 Time limit reached   wall=300.8
[758/960] stable           rd-rplusc-21                 s0 Time limit reached   wall=300.7
[759/960] dev              rd-rplusc-21                 s0 Time limit reached   wall=300.7
[760/960] dts-v3-pgo       rd-rplusc-21                 s0 Time limit reached   wall=300.7
[761/960] stable           satellites2-40               s0 Optimal              wall=278.9
[762/960] dev              satellites2-40               s0 Time limit reached   wall=300.4
[763/960] dts-v3           satellites2-40               s0 Time limit reached   wall=300.6
[764/960] dts-v3-pgo       satellites2-40               s0 Time limit reached   wall=300.3
[765/960] dev              sing326                      s0 Time limit reached   wall=300.6
[766/960] dts-v3           sing326                      s0 Time limit reached   wall=300.4
[767/960] dts-v3-pgo       sing326                      s0 Time limit reached   wall=300.4
[768/960] stable           sing326                      s0 Time limit reached   wall=300.4
[769/960] stable           tbfp-network                 s0 Optimal              wall=121.1
[770/960] dts-v3-pgo       cmflsp50-24-8-8              s0 Time limit reached   wall=300.2
[771/960] stable           cmflsp50-24-8-8              s0 Time limit reached   wall=300.2
[772/960] dev              cmflsp50-24-8-8              s0 Time limit reached   wall=300.2
[773/960] dev              tbfp-network                 s0 Optimal              wall=293.5
[774/960] dts-v3           cmflsp50-24-8-8              s0 Time limit reached   wall=300.2
[775/960] dts-v3           tbfp-network                 s0 Time limit reached   wall=300.6
[776/960] dts-v3-pgo       tbfp-network                 s0 Optimal              wall=288.9
[777/960] dts-v3           sing44                       s0 Time limit reached   wall=300.4
[778/960] stable           sing44                       s0 Time limit reached   wall=300.4
[779/960] dev              sct2                         s0 Optimal              wall=169.4
[780/960] dts-v3           sct2                         s0 Optimal              wall=201.8
[781/960] dts-v3-pgo       sct2                         s0 Optimal              wall=193.3
[782/960] dev              sing44                       s0 Time limit reached   wall=300.7
[783/960] dts-v3-pgo       sing44                       s0 Time limit reached   wall=300.4
[784/960] stable           sct2                         s0 Optimal              wall=250.2
[785/960] dts-v3-pgo       hypothyroid-k1               s0 Optimal              wall=8.2
[786/960] dts-v3           hypothyroid-k1               s0 Optimal              wall=7.8
[787/960] dev              hypothyroid-k1               s0 Optimal              wall=10.6
[788/960] stable           hypothyroid-k1               s0 Optimal              wall=6.6
[789/960] stable           rail507                      s0 Time limit reached   wall=300.5
[790/960] dts-v3-pgo       rail507                      s0 Time limit reached   wall=300.5
[791/960] stable           neos-873061                  s0 Optimal              wall=167.6
[792/960] dts-v3           snp-02-004-104               s0 Optimal              wall=43.7
[793/960] dev              rail507                      s0 Time limit reached   wall=300.5
[794/960] dts-v3           rail507                      s0 Time limit reached   wall=300.5
[795/960] dev              nexp-150-20-8-5              s0 Optimal              wall=257.1
[796/960] dev              neos-873061                  s0 Optimal              wall=97.9
[797/960] dts-v3-pgo       nexp-150-20-8-5              s0 Time limit reached   wall=300.2
[798/960] stable           snp-02-004-104               s0 Optimal              wall=45.2
[799/960] dts-v3-pgo       snp-02-004-104               s0 Optimal              wall=43.4
[800/960] dts-v3           nexp-150-20-8-5              s0 Time limit reached   wall=300.2
[801/960] dev              snp-02-004-104               s0 Optimal              wall=45.3
[802/960] stable           nexp-150-20-8-5              s0 Time limit reached   wall=300.2
[803/960] dts-v3           neos-873061                  s0 Time limit reached   wall=300.8
[804/960] dts-v3-pgo       neos-873061                  s0 Time limit reached   wall=300.9
[805/960] dts-v3-pgo       n3div36                      s0 Time limit reached   wall=300.4
[806/960] stable           n3div36                      s0 Time limit reached   wall=300.4
[807/960] dts-v3           n3div36                      s0 Time limit reached   wall=300.4
[808/960] dev              n3div36                      s0 Time limit reached   wall=300.4
[809/960] dts-v3           thor50dday                   s0 Time limit reached   wall=301.3
[810/960] dts-v3-pgo       thor50dday                   s0 Time limit reached   wall=301.4
[811/960] stable           thor50dday                   s0 Time limit reached   wall=300.9
[812/960] dev              thor50dday                   s0 Time limit reached   wall=301.0
[813/960] stable           supportcase12                s0 Time limit reached   wall=303.4
[814/960] dev              supportcase12                s0 Time limit reached   wall=303.4
[815/960] dts-v3-pgo       supportcase12                s0 Time limit reached   wall=303.0
[816/960] dts-v3           supportcase12                s0 Time limit reached   wall=303.3
[817/960] dts-v3           supportcase6                 s0 Time limit reached   wall=301.0
[818/960] stable           supportcase6                 s0 Time limit reached   wall=301.2
[819/960] dts-v3-pgo       supportcase6                 s0 Time limit reached   wall=301.2
[820/960] dev              supportcase6                 s0 Time limit reached   wall=301.0
[821/960] dts-v3-pgo       fastxgemm-n2r6s0t2           s0 Time limit reached   wall=300.1
[822/960] dts-v3           ex10                         s0 Optimal              wall=10.0
[823/960] dev              ex10                         s0 Optimal              wall=12.5
[824/960] dts-v3           fastxgemm-n2r6s0t2           s0 Time limit reached   wall=300.1
[825/960] dts-v3-pgo       ex10                         s0 Optimal              wall=11.4
[826/960] stable           ex10                         s0 Optimal              wall=20.1
[827/960] stable           fastxgemm-n2r6s0t2           s0 Time limit reached   wall=300.1
[828/960] dts-v3           timtab1                      s0 Optimal              wall=27.8
[829/960] stable           timtab1                      s0 Optimal              wall=27.0
[830/960] dev              timtab1                      s0 Optimal              wall=33.4
[831/960] dev              fastxgemm-n2r6s0t2           s0 Time limit reached   wall=300.1
[832/960] dts-v3-pgo       timtab1                      s0 Optimal              wall=27.9
[833/960] dev              cod105                       s0 Optimal              wall=66.0
[834/960] dts-v3           cod105                       s0 Optimal              wall=56.1
[835/960] dts-v3-pgo       cod105                       s0 Optimal              wall=61.2
[836/960] dts-v3           physiciansched6-2            s0 Optimal              wall=6.4
[837/960] dev              physiciansched6-2            s0 Optimal              wall=6.9
[838/960] dts-v3           gfd-schedulen180f7d50m30k18  s0 Time limit reached   wall=305.2
[839/960] dts-v3-pgo       physiciansched6-2            s0 Optimal              wall=6.3
[840/960] stable           cod105                       s0 Optimal              wall=66.6
[841/960] stable           physiciansched6-2            s0 Optimal              wall=7.4
[842/960] stable           gfd-schedulen180f7d50m30k18  s0 Time limit reached   wall=303.7
[843/960] dts-v3-pgo       gfd-schedulen180f7d50m30k18  s0 Time limit reached   wall=305.3
[844/960] dev              gfd-schedulen180f7d50m30k18  s0 Time limit reached   wall=302.8
[845/960] dev              uccase12                     s0 Optimal              wall=17.4
[846/960] dts-v3           uccase12                     s0 Optimal              wall=20.1
[847/960] stable           uccase12                     s0 Optimal              wall=20.4
[848/960] dts-v3-pgo       uccase12                     s0 Optimal              wall=18.8
[849/960] stable           supportcase19                s0 Time limit reached   wall=305.8
[850/960] dev              supportcase19                s0 Time limit reached   wall=305.5
[851/960] dts-v3           supportcase19                s0 Time limit reached   wall=305.6
[852/960] dts-v3-pgo       supportcase19                s0 Time limit reached   wall=305.0
[853/960] dts-v3-pgo       swath3                       s0 Optimal              wall=75.3
[854/960] dev              swath3                       s0 Optimal              wall=69.3
[855/960] dts-v3           swath3                       s0 Optimal              wall=71.7
[856/960] stable           swath3                       s0 Optimal              wall=90.4
