[1/720] dts-v4           fhnw-binpack4-4              s3 Time limit reached   wall=300.0
[2/720] dts-v2-nodse     fhnw-binpack4-4              s3 Time limit reached   wall=300.1
[3/720] dts-v4           gen-ip002                    s3 Time limit reached   wall=300.1
[4/720] dev              fhnw-binpack4-48             s3 Time limit reached   wall=300.1
[5/720] dts-v2-nodse     fhnw-binpack4-48             s3 Time limit reached   wall=300.1
[6/720] dts-v2-nodse     gen-ip002                    s3 Time limit reached   wall=300.1
[7/720] dev              gen-ip002                    s3 Time limit reached   wall=300.2
[8/720] dts-v4           fhnw-binpack4-48             s3 Time limit reached   wall=300.1
[9/720] dev              fhnw-binpack4-4              s3 Time limit reached   wall=300.0
[10/720] dev              glass-sc                     s3 Time limit reached   wall=300.1
[11/720] dts-v4           h80x6320d                    s3 Optimal              wall=9.6
[12/720] dts-v2-nodse     h80x6320d                    s3 Optimal              wall=9.5
[13/720] dev              h80x6320d                    s3 Optimal              wall=9.9
[14/720] dts-v2-nodse     glass-sc                     s3 Time limit reached   wall=300.1
[15/720] dts-v4           glass-sc                     s3 Time limit reached   wall=300.1
[16/720] dts-v4           academictimetablesmall       s3 Time limit reached   wall=300.5
[17/720] dts-v2-nodse     academictimetablesmall       s3 Time limit reached   wall=300.4
[18/720] dev              academictimetablesmall       s3 Time limit reached   wall=300.4
[19/720] dts-v4           glass4                       s3 Time limit reached   wall=300.1
[20/720] dev              glass4                       s3 Time limit reached   wall=300.1
[21/720] dts-v2-nodse     glass4                       s3 Time limit reached   wall=300.1
[22/720] dts-v2-nodse     graph20-20-1rand             s3 Time limit reached   wall=300.1
[23/720] dev              graph20-20-1rand             s3 Time limit reached   wall=300.1
[24/720] dts-v2-nodse     gmu-35-40                    s3 Optimal              wall=121.3
[25/720] dev              gmu-35-40                    s3 Optimal              wall=122.3
[26/720] dts-v4           gmu-35-40                    s3 Optimal              wall=233.0
[27/720] dts-v4           graph20-20-1rand             s3 Time limit reached   wall=300.1
[28/720] dts-v4           brazil3                      s3 Time limit reached   wall=300.4
[29/720] dev              brazil3                      s3 Time limit reached   wall=300.2
[30/720] dts-v2-nodse     brazil3                      s3 Time limit reached   wall=300.2
[31/720] dev              gmu-35-50                    s3 Time limit reached   wall=300.2
[32/720] dts-v2-nodse     gmu-35-50                    s3 Time limit reached   wall=300.2
[33/720] dts-v4           gmu-35-50                    s3 Time limit reached   wall=300.1
[34/720] dts-v4           beasleyC3                    s3 Optimal              wall=8.7
[35/720] dts-v2-nodse     beasleyC3                    s3 Optimal              wall=8.2
[36/720] dev              beasleyC3                    s3 Optimal              wall=8.4
[37/720] dts-v2-nodse     graphdraw-domain             s3 Time limit reached   wall=300.0
[38/720] dts-v4           graphdraw-domain             s3 Time limit reached   wall=300.0
[39/720] dev              graphdraw-domain             s3 Time limit reached   wall=300.1
[40/720] dts-v2-nodse     icir97_tension               s3 Time limit reached   wall=300.1
[41/720] dev              icir97_tension               s3 Time limit reached   wall=300.1
[42/720] dts-v4           icir97_tension               s3 Time limit reached   wall=300.1
[43/720] dts-v4           lectsched-5-obj              s3 Time limit reached   wall=300.3
[44/720] dev              lectsched-5-obj              s3 Time limit reached   wall=300.4
[45/720] dts-v2-nodse     lectsched-5-obj              s3 Time limit reached   wall=300.3
[46/720] dev              ic97_potential               s3 Time limit reached   wall=300.0
[47/720] dts-v2-nodse     irp                          s3 Optimal              wall=12.3
[48/720] dev              irp                          s3 Optimal              wall=11.4
[49/720] dts-v4           irp                          s3 Optimal              wall=12.3
[50/720] dts-v4           ic97_potential               s3 Time limit reached   wall=300.1
[51/720] dts-v2-nodse     ic97_potential               s3 Time limit reached   wall=300.1
[52/720] dts-v4           istanbul-no-cutoff           s3 Time limit reached   wall=300.1
[53/720] dts-v2-nodse     comp07-2idx                  s3 Optimal              wall=293.8
[54/720] dts-v2-nodse     istanbul-no-cutoff           s3 Time limit reached   wall=300.1
[55/720] dev              istanbul-no-cutoff           s3 Time limit reached   wall=300.1
[56/720] dts-v4           comp07-2idx                  s3 Time limit reached   wall=300.2
[57/720] dev              comp07-2idx                  s3 Time limit reached   wall=300.3
[58/720] dts-v2-nodse     irish-electricity            s3 Time limit reached   wall=300.8
[59/720] dev              irish-electricity            s3 Time limit reached   wall=301.0
[60/720] dts-v2-nodse     cbs-cta                      s3 Optimal              wall=37.5
[61/720] dts-v4           k1mushroom                   s3 Optimal              wall=225.4
[62/720] dts-v4           cbs-cta                      s3 Optimal              wall=37.2
[63/720] dev              cbs-cta                      s3 Optimal              wall=36.7
[64/720] dts-v4           irish-electricity            s3 Time limit reached   wall=300.7
[65/720] dts-v2-nodse     k1mushroom                   s3 Optimal              wall=221.9
[66/720] dev              k1mushroom                   s3 Time limit reached   wall=305.1
[67/720] dev              mad                          s3 Time limit reached   wall=300.1
[68/720] dts-v2-nodse     mad                          s3 Time limit reached   wall=300.1
[69/720] dts-v4           mad                          s3 Time limit reached   wall=300.1
[70/720] dev              mas74                        s3 Time limit reached   wall=300.1
[71/720] dts-v2-nodse     mas74                        s3 Time limit reached   wall=300.1
[72/720] dts-v4           mas74                        s3 Time limit reached   wall=300.1
[73/720] dts-v4           lotsize                      s3 Time limit reached   wall=300.1
[74/720] dts-v2-nodse     lotsize                      s3 Time limit reached   wall=300.0
[75/720] dts-v4           dano3_5                      s3 Optimal              wall=166.7
[76/720] dev              lotsize                      s3 Time limit reached   wall=300.1
[77/720] dts-v2-nodse     dano3_5                      s3 Optimal              wall=174.5
[78/720] dev              dano3_5                      s3 Optimal              wall=171.6
[79/720] dts-v2-nodse     markshare2                   s3 Time limit reached   wall=300.1
[80/720] dts-v2-nodse     markshare_4_0                s3 Optimal              wall=41.4
[81/720] dev              markshare_4_0                s3 Optimal              wall=42.4
[82/720] dts-v4           markshare2                   s3 Time limit reached   wall=300.1
[83/720] dev              markshare2                   s3 Time limit reached   wall=300.1
[84/720] dts-v4           mik-250-20-75-4              s3 Optimal              wall=13.0
[85/720] dts-v2-nodse     mik-250-20-75-4              s3 Optimal              wall=17.5
[86/720] dts-v4           markshare_4_0                s3 Optimal              wall=41.7
[87/720] dev              mik-250-20-75-4              s3 Optimal              wall=17.8
[88/720] dts-v2-nodse     mzzv42z                      s3 Optimal              wall=40.1
[89/720] dts-v2-nodse     map16715-04                  s3 Time limit reached   wall=301.1
[90/720] dts-v4           map16715-04                  s3 Time limit reached   wall=301.0
[91/720] dts-v4           mzzv42z                      s3 Optimal              wall=40.3
[92/720] dev              mzzv42z                      s3 Optimal              wall=40.3
[93/720] dev              map16715-04                  s3 Time limit reached   wall=301.0
[94/720] dev              map10                        s3 Time limit reached   wall=301.1
[95/720] dts-v4           map10                        s3 Time limit reached   wall=301.0
[96/720] dts-v2-nodse     map10                        s3 Time limit reached   wall=301.1
[97/720] dts-v4           ex9                          s3 Optimal              wall=1.9
[98/720] dev              ex9                          s3 Optimal              wall=2.1
[99/720] dts-v2-nodse     ex9                          s3 Optimal              wall=1.9
[100/720] dts-v4           mcsched                      s3 Optimal              wall=150.5
[101/720] dev              mcsched                      s3 Optimal              wall=177.0
[102/720] dts-v4           mushroom-best                s3 Optimal              wall=134.9
[103/720] dts-v4           cost266-UUE                  s3 Time limit reached   wall=300.1
[104/720] dev              cost266-UUE                  s3 Time limit reached   wall=300.1
[105/720] dts-v2-nodse     mcsched                      s3 Optimal              wall=209.7
[106/720] dts-v2-nodse     cost266-UUE                  s3 Time limit reached   wall=300.1
[107/720] dts-v2-nodse     mushroom-best                s3 Optimal              wall=160.4
[108/720] dev              mushroom-best                s3 Optimal              wall=169.4
[109/720] dts-v2-nodse     mzzv11                       s3 Optimal              wall=71.4
[110/720] dts-v2-nodse     neos-1122047                 s3 Optimal              wall=3.7
[111/720] dts-v4           mzzv11                       s3 Optimal              wall=75.6
[112/720] dts-v4           neos-1122047                 s3 Optimal              wall=3.7
[113/720] dev              drayage-100-23               s3 Optimal              wall=1.0
[114/720] dts-v2-nodse     drayage-100-23               s3 Optimal              wall=1.0
[115/720] dev              neos-1122047                 s3 Optimal              wall=3.7
[116/720] dts-v4           drayage-100-23               s3 Optimal              wall=1.0
[117/720] dev              mzzv11                       s3 Optimal              wall=69.1
[118/720] dts-v4           n5-3                         s3 Optimal              wall=11.6
[119/720] dev              n5-3                         s3 Optimal              wall=10.8
[120/720] dts-v2-nodse     n5-3                         s3 Optimal              wall=10.7
[121/720] dts-v4           neos-1456979                 s3 Optimal              wall=61.9
[122/720] dts-v2-nodse     neos-1456979                 s3 Optimal              wall=135.7
[123/720] dts-v2-nodse     momentum1                    s3 Time limit reached   wall=300.2
[124/720] dev              neos-1456979                 s3 Optimal              wall=140.8
[125/720] dts-v4           momentum1                    s3 Time limit reached   wall=300.2
[126/720] dev              momentum1                    s3 Time limit reached   wall=300.2
[127/720] dev              milo-v12-6-r2-40-1           s3 Time limit reached   wall=300.1
[128/720] dts-v2-nodse     milo-v12-6-r2-40-1           s3 Time limit reached   wall=300.1
[129/720] dts-v4           milo-v12-6-r2-40-1           s3 Time limit reached   wall=300.1
[130/720] dts-v4           neos-1171448                 s3 Optimal              wall=79.9
[131/720] dts-v4           neos-1354092                 s3 Time limit reached   wall=301.3
[132/720] dts-v2-nodse     neos-1354092                 s3 Time limit reached   wall=301.3
[133/720] dev              neos-1171448                 s3 Optimal              wall=79.3
[134/720] dts-v2-nodse     neos-1445765                 s3 Optimal              wall=35.5
[135/720] dev              neos-1445765                 s3 Optimal              wall=39.8
[136/720] dts-v2-nodse     neos-1171448                 s3 Optimal              wall=78.0
[137/720] dts-v4           neos-1445765                 s3 Optimal              wall=23.3
[138/720] dev              neos-1354092                 s3 Time limit reached   wall=301.2
[139/720] dts-v2-nodse     neos-1171737                 s3 Time limit reached   wall=300.1
[140/720] dev              neos-1171737                 s3 Time limit reached   wall=300.1
[141/720] dts-v4           neos-1171737                 s3 Time limit reached   wall=300.1
[142/720] dev              germanrr                     s3 Time limit reached   wall=442.9
[143/720] dts-v4           germanrr                     s3 Time limit reached   wall=536.9
[144/720] dts-v2-nodse     germanrr                     s3 Time limit reached   wall=534.9
[145/720] dts-v4           neos-2657525-crna            s3 Time limit reached   wall=300.1
[146/720] dts-v2-nodse     neos-2657525-crna            s3 Time limit reached   wall=300.0
[147/720] dev              neos-2657525-crna            s3 Time limit reached   wall=300.0
[148/720] dts-v4           neos-2987310-joes            s3 Optimal              wall=3.7
[149/720] dev              neos-2987310-joes            s3 Optimal              wall=3.8
[150/720] dts-v2-nodse     neos-2987310-joes            s3 Optimal              wall=3.6
[151/720] dts-v4           fast0507                     s3 Time limit reached   wall=300.4
[152/720] dts-v2-nodse     fast0507                     s3 Time limit reached   wall=300.4
[153/720] dev              fast0507                     s3 Time limit reached   wall=300.4
[154/720] dts-v2-nodse     neos-2978193-inde            s3 Optimal              wall=40.0
[155/720] dts-v2-nodse     neos-3024952-loue            s3 Time limit reached   wall=300.4
[156/720] dts-v4           neos-2978193-inde            s3 Optimal              wall=15.7
[157/720] dev              neos-2978193-inde            s3 Optimal              wall=40.7
[158/720] dts-v4           neos-3024952-loue            s3 Time limit reached   wall=300.5
[159/720] dts-v2-nodse     neos-2075418-temuka          s3 Infeasible           wall=255.8
[160/720] dts-v4           neos-2075418-temuka          s3 Infeasible           wall=252.7
[161/720] dev              neos-3004026-krka            s3 Optimal              wall=28.9
[162/720] dev              neos-3024952-loue            s3 Time limit reached   wall=300.4
[163/720] dts-v2-nodse     neos-3381206-awhea           s3 Optimal              wall=1.0
[164/720] dts-v4           neos-3381206-awhea           s3 Optimal              wall=1.0
[165/720] dts-v4           neos-3004026-krka            s3 Optimal              wall=8.5
[166/720] dev              neos-3381206-awhea           s3 Optimal              wall=1.0
[167/720] dts-v2-nodse     neos-3004026-krka            s3 Optimal              wall=26.8
[168/720] dev              neos-2075418-temuka          s3 Infeasible           wall=284.1
[169/720] dts-v2-nodse     highschool1-aigio            s3 Time limit reached   wall=302.0
[170/720] dev              highschool1-aigio            s3 Time limit reached   wall=302.7
[171/720] dts-v4           highschool1-aigio            s3 Time limit reached   wall=302.1
[172/720] dts-v2-nodse     neos-2746589-doon            s3 Time limit reached   wall=300.5
[173/720] dts-v4           neos-2746589-doon            s3 Time limit reached   wall=300.5
[174/720] dev              neos-2746589-doon            s3 Time limit reached   wall=300.5
[175/720] dts-v4           neos-3216931-puriri          s3 Optimal              wall=188.8
[176/720] dev              assign1-5-8                  s3 Time limit reached   wall=300.1
[177/720] dts-v4           assign1-5-8                  s3 Time limit reached   wall=300.1
[178/720] dts-v2-nodse     assign1-5-8                  s3 Time limit reached   wall=300.1
[179/720] dts-v4           neos-3656078-kumeu           s3 Time limit reached   wall=300.2
[180/720] dts-v2-nodse     neos-3656078-kumeu           s3 Time limit reached   wall=300.1
[181/720] dev              neos-3656078-kumeu           s3 Time limit reached   wall=300.1
[182/720] dev              neos-3216931-puriri          s3 Optimal              wall=230.3
[183/720] dts-v2-nodse     neos-3216931-puriri          s3 Optimal              wall=223.6
[184/720] dts-v4           neos-3402294-bobin           s3 Optimal              wall=79.3
[185/720] dts-v2-nodse     neos-3555904-turama          s3 Time limit reached   wall=300.8
[186/720] dts-v4           neos-3555904-turama          s3 Time limit reached   wall=300.8
[187/720] dts-v2-nodse     neos-3627168-kasai           s3 Optimal              wall=19.1
[188/720] dev              neos-3555904-turama          s3 Time limit reached   wall=300.8
[189/720] dts-v4           leo1                         s3 Time limit reached   wall=300.2
[190/720] dts-v4           neos-3627168-kasai           s3 Optimal              wall=15.8
[191/720] dts-v4           neos-3402454-bohle           s3 ?                    wall=254.7
[192/720] dts-v2-nodse     leo1                         s3 Time limit reached   wall=300.2
[193/720] dev              neos-3402294-bobin           s3 Optimal              wall=142.6
[194/720] dev              neos-3627168-kasai           s3 Optimal              wall=19.8
[195/720] dev              leo1                         s3 Time limit reached   wall=300.2
[196/720] dts-v2-nodse     neos-3402294-bobin           s3 Optimal              wall=141.0
[197/720] dts-v2-nodse     neos-3402454-bohle           s3 ?                    wall=288.3
[198/720] dev              neos-3402454-bohle           s3 Time limit reached   wall=344.6
[199/720] dts-v4           neos-4722843-widden          s3 Optimal              wall=110.9
[200/720] dts-v2-nodse     neos-4722843-widden          s3 Optimal              wall=109.2
[201/720] dev              neos-4722843-widden          s3 Optimal              wall=135.8
[202/720] dev              neos-4338804-snowy           s3 Time limit reached   wall=300.1
[203/720] dts-v4           neos-4338804-snowy           s3 Time limit reached   wall=300.1
[204/720] dts-v2-nodse     neos-4338804-snowy           s3 Time limit reached   wall=300.1
[205/720] dts-v4           bnatt400                     s3 Time limit reached   wall=300.1
[206/720] dev              bnatt400                     s3 Time limit reached   wall=300.1
[207/720] dts-v2-nodse     bnatt400                     s3 Time limit reached   wall=300.1
[208/720] dts-v2-nodse     neos-4413714-turia           s3 Optimal              wall=19.6
[209/720] dev              neos-4413714-turia           s3 Optimal              wall=20.0
[210/720] dts-v2-nodse     mas76                        s3 Optimal              wall=68.9
[211/720] dts-v4           neos-4413714-turia           s3 Optimal              wall=19.8
[212/720] dts-v4           mas76                        s3 Optimal              wall=62.9
[213/720] dev              mas76                        s3 Optimal              wall=71.6
[214/720] dts-v2-nodse     neos-4300652-rahue           s3 Time limit reached   wall=300.6
[215/720] dev              neos-4300652-rahue           s3 Time limit reached   wall=300.5
[216/720] dts-v4           neos-4300652-rahue           s3 Time limit reached   wall=300.4
[217/720] dts-v2-nodse     neos-4532248-waihi           s3 Time limit reached   wall=300.9
[218/720] dev              neos-4532248-waihi           s3 Time limit reached   wall=300.9
[219/720] dts-v4           neos-4532248-waihi           s3 Time limit reached   wall=304.4
[220/720] dev              neos-4387871-tavua           s3 Time limit reached   wall=300.1
[221/720] dts-v4           neos-4387871-tavua           s3 Time limit reached   wall=300.1
[222/720] dts-v2-nodse     neos-4387871-tavua           s3 Time limit reached   wall=300.1
[223/720] dts-v2-nodse     neos-4647030-tutaki          s3 Time limit reached   wall=309.7
[224/720] dts-v4           neos-4647030-tutaki          s3 Time limit reached   wall=302.9
[225/720] dev              neos-4647030-tutaki          s3 Time limit reached   wall=306.2
[226/720] dev              neos-5049753-cuanza          s3 Time limit reached   wall=367.2
[227/720] dts-v4           neos-5049753-cuanza          s3 Time limit reached   wall=359.3
[228/720] dts-v4           CMS750_4                     s3 Time limit reached   wall=300.1
[229/720] dts-v2-nodse     neos-5049753-cuanza          s3 Time limit reached   wall=345.7
[230/720] dts-v2-nodse     CMS750_4                     s3 Time limit reached   wall=300.1
[231/720] dev              CMS750_4                     s3 Time limit reached   wall=300.1
[232/720] dts-v2-nodse     n2seq36q                     s3 Optimal              wall=35.4
[233/720] dts-v2-nodse     neos-4954672-berkel          s3 Time limit reached   wall=300.1
[234/720] dev              n2seq36q                     s3 Optimal              wall=35.4
[235/720] dts-v4           n2seq36q                     s3 Optimal              wall=41.1
[236/720] dev              neos-4954672-berkel          s3 Time limit reached   wall=300.1
[237/720] dts-v4           neos-4954672-berkel          s3 Time limit reached   wall=300.1
[238/720] dts-v4           neos-5104907-jarama          s3 Time limit reached   wall=302.7
[239/720] dts-v2-nodse     neos-5104907-jarama          s3 Time limit reached   wall=302.9
[240/720] dev              neos-5104907-jarama          s3 Time limit reached   wall=302.7
[241/720] dev              neos-5093327-huahum          s3 Time limit reached   wall=300.6
[242/720] dts-v4           neos-5093327-huahum          s3 Time limit reached   wall=300.6
[243/720] dts-v2-nodse     neos-5093327-huahum          s3 Time limit reached   wall=300.6
[244/720] dev              neos-5052403-cygnet          s3 Time limit reached   wall=302.2
[245/720] dts-v2-nodse     neos-5052403-cygnet          s3 Time limit reached   wall=302.2
[246/720] dts-v4           neos-5052403-cygnet          s3 Time limit reached   wall=302.3
[247/720] dev              neos-5107597-kakapo          s3 Time limit reached   wall=300.1
[248/720] dts-v4           neos-5107597-kakapo          s3 Time limit reached   wall=300.1
[249/720] dts-v2-nodse     neos-5107597-kakapo          s3 Time limit reached   wall=300.1
[250/720] dts-v4           neos859080                   s3 Infeasible           wall=2.1
[251/720] dev              neos859080                   s3 Infeasible           wall=1.6
[252/720] dts-v2-nodse     neos859080                   s3 Infeasible           wall=1.6
[253/720] dev              neos-631710                  s3 Time limit reached   wall=309.6
[254/720] dev              neos5                        s3 Optimal              wall=70.1
[255/720] dts-v4           csched008                    s3 Optimal              wall=186.7
[256/720] dts-v2-nodse     neos-827175                  s3 Optimal              wall=1.0
[257/720] dts-v4           neos-631710                  s3 Time limit reached   wall=301.4
[258/720] dts-v4           neos-827175                  s3 Optimal              wall=1.0
[259/720] dev              neos-827175                  s3 Optimal              wall=1.0
[260/720] dts-v2-nodse     neos-5114902-kasavu          s3 Time limit reached   wall=1091.1
[261/720] dts-v4           neos-1582420                 s3 Optimal              wall=7.5
[262/720] dts-v4           neos5                        s3 Optimal              wall=53.1
[263/720] dev              neos-1582420                 s3 Optimal              wall=10.6
[264/720] dts-v2-nodse     neos-1582420                 s3 Optimal              wall=10.3
[265/720] dts-v4           neos-5114902-kasavu          s3 Time limit reached   wall=1082.9
[266/720] dev              csched008                    s3 Optimal              wall=258.4
[267/720] dts-v2-nodse     neos-631710                  s3 Time limit reached   wall=301.3
[268/720] dts-v2-nodse     neos5                        s3 Optimal              wall=68.6
[269/720] dts-v2-nodse     neos-662469                  s3 Optimal              wall=76.6
[270/720] dev              neos-662469                  s3 Optimal              wall=79.1
[271/720] dev              neos-911970                  s3 Optimal              wall=3.6
[272/720] dev              neos-5114902-kasavu          s3 Time limit reached   wall=1202.5
[273/720] dts-v4           neos-911970                  s3 Optimal              wall=6.2
[274/720] dts-v2-nodse     neos-911970                  s3 Optimal              wall=3.5
[275/720] dts-v2-nodse     csched008                    s3 Optimal              wall=257.4
[276/720] dts-v4           neos-662469                  s3 Optimal              wall=133.5
[277/720] dts-v2-nodse     neos-787933                  s3 Optimal              wall=227.6
[278/720] dev              neos-787933                  s3 Optimal              wall=248.9
[279/720] dts-v4           neos-787933                  s3 Time limit reached   wall=300.8
[280/720] dev              neos8                        s3 Optimal              wall=5.6
[281/720] dts-v4           neos8                        s3 Optimal              wall=2.6
[282/720] dts-v2-nodse     neos8                        s3 Optimal              wall=2.6
[283/720] dts-v4           net12                        s3 Optimal              wall=178.7
[284/720] dts-v2-nodse     neos-848589                  s3 Time limit reached   wall=302.8
[285/720] dev              neos-848589                  s3 Time limit reached   wall=302.8
[286/720] dts-v4           neos-957323                  s3 Optimal              wall=46.5
[287/720] dev              neos-957323                  s3 Optimal              wall=47.0
[288/720] dts-v2-nodse     neos-957323                  s3 Optimal              wall=45.6
[289/720] dts-v4           neos-848589                  s3 Time limit reached   wall=302.5
[290/720] dts-v4           neos-950242                  s3 Optimal              wall=5.6
[291/720] dev              neos-950242                  s3 Optimal              wall=5.7
[292/720] dev              net12                        s3 Optimal              wall=166.5
[293/720] dts-v2-nodse     neos-950242                  s3 Optimal              wall=5.6
[294/720] dts-v4           neos-933966                  s3 Optimal              wall=31.2
[295/720] dts-v2-nodse     net12                        s3 Optimal              wall=169.4
[296/720] dts-v4           eilA101-2                    s3 Time limit reached   wall=300.8
[297/720] dts-v2-nodse     eilA101-2                    s3 Time limit reached   wall=302.0
[298/720] dev              neos-933966                  s3 Optimal              wall=32.6
[299/720] dts-v2-nodse     neos-933966                  s3 Optimal              wall=31.6
[300/720] dts-v2-nodse     neos-960392                  s3 Optimal              wall=10.8
[301/720] dev              neos-960392                  s3 Optimal              wall=11.5
[302/720] dts-v4           neos-960392                  s3 Optimal              wall=14.3
[303/720] dev              eilA101-2                    s3 Time limit reached   wall=306.5
[304/720] dts-v4           nu25-pr12                    s3 Optimal              wall=3.5
[305/720] dev              nu25-pr12                    s3 Optimal              wall=3.5
[306/720] dts-v2-nodse     nu25-pr12                    s3 Optimal              wall=3.5
[307/720] dts-v2-nodse     ns1116954                    s3 Optimal              wall=2.5
[308/720] dts-v4           ns1116954                    s3 Optimal              wall=2.6
[309/720] dev              ns1116954                    s3 Optimal              wall=2.7
[310/720] dts-v4           ns1208400                    s3 Optimal              wall=31.3
[311/720] dts-v4           neos-3046615-murg            s3 Optimal              wall=97.2
[312/720] dts-v2-nodse     ns1208400                    s3 Optimal              wall=39.6
[313/720] dev              ns1208400                    s3 Optimal              wall=40.3
[314/720] dts-v4           fiball                       s3 Optimal              wall=38.3
[315/720] dts-v2-nodse     fiball                       s3 Optimal              wall=59.5
[316/720] dev              fiball                       s3 Optimal              wall=61.7
[317/720] dts-v2-nodse     ns1830653                    s3 Optimal              wall=154.4
[318/720] dev              ns1830653                    s3 Optimal              wall=151.8
[319/720] dts-v4           ns1830653                    s3 Optimal              wall=185.9
[320/720] dev              neos-3046615-murg            s3 Time limit reached   wall=300.0
[321/720] dts-v2-nodse     neos-3046615-murg            s3 Time limit reached   wall=300.0
[322/720] dev              neos-3754480-nidda           s3 Time limit reached   wall=300.1
[323/720] dts-v4           neos-3754480-nidda           s3 Time limit reached   wall=300.1
[324/720] dts-v2-nodse     neos-3754480-nidda           s3 Time limit reached   wall=300.1
[325/720] dts-v4           ns1760995                    s3 Time limit reached   wall=304.0
[326/720] dev              ns1760995                    s3 Time limit reached   wall=304.9
[327/720] dts-v2-nodse     ns1760995                    s3 Time limit reached   wall=303.9
[328/720] dts-v2-nodse     ns1644855                    s3 Time limit reached   wall=302.7
[329/720] dts-v4           ns1644855                    s3 Time limit reached   wall=311.9
[330/720] dev              ns1644855                    s3 Time limit reached   wall=305.1
[331/720] dts-v4           ns1952667                    s3 Time limit reached   wall=301.0
[332/720] dts-v2-nodse     ns1952667                    s3 Time limit reached   wall=300.4
[333/720] dev              ns1952667                    s3 Time limit reached   wall=303.5
[334/720] dts-v2-nodse     opm2-z10-s4                  s3 Time limit reached   wall=303.2
[335/720] dev              opm2-z10-s4                  s3 Time limit reached   wall=302.6
[336/720] dts-v4           opm2-z10-s4                  s3 Time limit reached   wall=301.6
[337/720] dts-v2-nodse     nw04                         s3 Optimal              wall=44.6
[338/720] dts-v4           nw04                         s3 Optimal              wall=45.5
[339/720] dev              nw04                         s3 Optimal              wall=45.5
[340/720] dts-v4           pg5_34                       s3 Optimal              wall=91.7
[341/720] dev              atlanta-ip                   s3 Time limit reached   wall=300.3
[342/720] dts-v4           atlanta-ip                   s3 Time limit reached   wall=300.3
[343/720] dts-v2-nodse     atlanta-ip                   s3 Time limit reached   wall=300.3
[344/720] dts-v4           physiciansched3-3            s3 Time limit reached   wall=301.0
[345/720] dts-v2-nodse     physiciansched3-3            s3 Time limit reached   wall=301.1
[346/720] dts-v2-nodse     p200x1188c                   s3 Optimal              wall=1.0
[347/720] dts-v2-nodse     pg5_34                       s3 Optimal              wall=157.3
[348/720] dev              p200x1188c                   s3 Optimal              wall=1.0
[349/720] dts-v4           p200x1188c                   s3 Optimal              wall=1.0
[350/720] dev              pg5_34                       s3 Optimal              wall=155.5
[351/720] dev              physiciansched3-3            s3 Time limit reached   wall=301.0
[352/720] dts-v4           neos-4738912-atrato          s3 Optimal              wall=181.0
[353/720] dev              neos-4738912-atrato          s3 Optimal              wall=258.8
[354/720] dts-v2-nodse     neos-4738912-atrato          s3 Optimal              wall=244.9
[355/720] dts-v2-nodse     peg-solitaire-a3             s3 Time limit reached   wall=300.1
[356/720] dev              peg-solitaire-a3             s3 Time limit reached   wall=300.1
[357/720] dts-v4           peg-solitaire-a3             s3 Time limit reached   wall=300.1
[358/720] dev              bnatt500                     s3 Time limit reached   wall=300.1
[359/720] dts-v2-nodse     bnatt500                     s3 Time limit reached   wall=300.1
[360/720] dts-v4           binkar10_1                   s3 Optimal              wall=12.4
[361/720] dts-v4           bnatt500                     s3 Time limit reached   wall=300.1
[362/720] dev              binkar10_1                   s3 Optimal              wall=21.3
[363/720] dts-v2-nodse     binkar10_1                   s3 Optimal              wall=21.1
[364/720] dts-v2-nodse     gen-ip054                    s3 Time limit reached   wall=300.1
[365/720] dev              gen-ip054                    s3 Time limit reached   wall=300.1
[366/720] dts-v4           gen-ip054                    s3 Time limit reached   wall=300.1
[367/720] dev              pk1                          s3 Optimal              wall=136.3
[368/720] dts-v4           pk1                          s3 Optimal              wall=82.8
[369/720] dev              proteindesign121hz512p9      s3 Time limit reached   wall=303.8
[370/720] dts-v4           proteindesign121hz512p9      s3 Time limit reached   wall=301.2
[371/720] dts-v2-nodse     pk1                          s3 Optimal              wall=132.9
[372/720] dts-v2-nodse     proteindesign121hz512p9      s3 Time limit reached   wall=301.3
[373/720] dts-v4           rail01                       s3 Time limit reached   wall=300.6
[374/720] dev              rail01                       s3 Time limit reached   wall=302.5
[375/720] dts-v2-nodse     rail01                       s3 Time limit reached   wall=303.3
[376/720] dts-v2-nodse     radiationm18-12-05           s3 Time limit reached   wall=300.3
[377/720] dev              radiationm18-12-05           s3 Time limit reached   wall=300.3
[378/720] dts-v4           radiationm18-12-05           s3 Time limit reached   wall=300.3
[379/720] dev              neos-5195221-niemur          s3 Time limit reached   wall=300.2
[380/720] dts-v4           neos-5195221-niemur          s3 Time limit reached   wall=300.3
[381/720] dts-v2-nodse     neos-5195221-niemur          s3 Time limit reached   wall=300.2
[382/720] dev              qap10                        s3 Optimal              wall=78.2
[383/720] dts-v4           qap10                        s3 Optimal              wall=75.7
[384/720] dts-v4           neos-4763324-toguru          s3 Time limit reached   wall=300.6
[385/720] dev              neos-4763324-toguru          s3 Time limit reached   wall=300.6
[386/720] dts-v2-nodse     neos-4763324-toguru          s3 Time limit reached   wall=300.6
[387/720] dev              b1c1s1                       s3 Time limit reached   wall=300.1
[388/720] dts-v2-nodse     qap10                        s3 Optimal              wall=76.3
[389/720] dts-v2-nodse     mc11                         s3 Optimal              wall=18.9
[390/720] dev              mc11                         s3 Optimal              wall=18.9
[391/720] dts-v4           mc11                         s3 Optimal              wall=19.3
[392/720] dts-v4           b1c1s1                       s3 Time limit reached   wall=300.1
[393/720] dts-v2-nodse     b1c1s1                       s3 Time limit reached   wall=300.1
[394/720] dts-v4           chromaticindex512-7          s3 Time limit reached   wall=304.1
[395/720] dev              chromaticindex512-7          s3 Time limit reached   wall=304.3
[396/720] dts-v2-nodse     chromaticindex512-7          s3 Time limit reached   wall=310.2
[397/720] dts-v2-nodse     reblock115                   s3 Time limit reached   wall=300.1
[398/720] dev              reblock115                   s3 Time limit reached   wall=300.1
[399/720] dts-v4           reblock115                   s3 Time limit reached   wall=300.1
[400/720] dts-v4           rococoB10-011000             s3 Time limit reached   wall=300.1
[401/720] dev              rococoB10-011000             s3 Time limit reached   wall=300.1
[402/720] dts-v2-nodse     rococoB10-011000             s3 Time limit reached   wall=300.1
[403/720] dts-v2-nodse     drayage-25-23                s3 Optimal              wall=1.6
[404/720] dev              drayage-25-23                s3 Optimal              wall=1.6
[405/720] dts-v4           drayage-25-23                s3 Optimal              wall=1.6
[406/720] dts-v2-nodse     bppc4-08                     s3 Time limit reached   wall=300.1
[407/720] dts-v4           bppc4-08                     s3 Time limit reached   wall=300.1
[408/720] dev              bppc4-08                     s3 Time limit reached   wall=300.1
[409/720] dts-v2-nodse     blp-ic98                     s3 Time limit reached   wall=300.4
[410/720] dts-v4           blp-ic98                     s3 Time limit reached   wall=300.4
[411/720] dev              blp-ic98                     s3 Time limit reached   wall=300.4
[412/720] dts-v4           decomp2                      s3 Optimal              wall=1.0
[413/720] dev              decomp2                      s3 Optimal              wall=1.0
[414/720] dts-v2-nodse     decomp2                      s3 Optimal              wall=1.0
[415/720] dts-v4           rocII-5-11                   s3 Time limit reached   wall=300.3
[416/720] dev              rocII-5-11                   s3 Time limit reached   wall=300.3
[417/720] dts-v2-nodse     rocII-5-11                   s3 Time limit reached   wall=300.3
[418/720] dts-v4           rocI-4-11                    s3 Optimal              wall=264.8
[419/720] dev              rocI-4-11                    s3 Time limit reached   wall=300.1
[420/720] dts-v2-nodse     rocI-4-11                    s3 Time limit reached   wall=300.1
[421/720] dts-v4           rmatr200-p5                  s3 Time limit reached   wall=300.2
[422/720] dev              rmatr200-p5                  s3 Time limit reached   wall=300.2
[423/720] dts-v2-nodse     rmatr200-p5                  s3 Time limit reached   wall=300.2
[424/720] dts-v4           dws008-01                    s3 Time limit reached   wall=300.2
[425/720] dts-v2-nodse     dws008-01                    s3 Time limit reached   wall=300.2
[426/720] dev              seymour1                     s3 Optimal              wall=46.2
[427/720] dts-v4           seymour1                     s3 Optimal              wall=38.1
[428/720] dev              dws008-01                    s3 Time limit reached   wall=300.2
[429/720] dts-v2-nodse     seymour1                     s3 Optimal              wall=44.3
[430/720] dts-v2-nodse     s250r10                      s3 Time limit reached   wall=302.2
[431/720] dev              s250r10                      s3 Time limit reached   wall=302.2
[432/720] dts-v4           rococoC10-001000             s3 Optimal              wall=164.8
[433/720] dts-v4           s250r10                      s3 Time limit reached   wall=302.3
[434/720] dts-v2-nodse     rococoC10-001000             s3 Optimal              wall=207.6
[435/720] dev              rococoC10-001000             s3 Optimal              wall=213.6
[436/720] dts-v2-nodse     eil33-2                      s3 Optimal              wall=54.8
[437/720] dts-v4           eil33-2                      s3 Optimal              wall=50.5
[438/720] dts-v2-nodse     s100                         s3 Time limit reached   wall=302.9
[439/720] dev              eil33-2                      s3 Optimal              wall=59.0
[440/720] dts-v4           s100                         s3 Time limit reached   wall=302.7
[441/720] dts-v2-nodse     enlight_hard                 s3 Optimal              wall=13.1
[442/720] dev              s100                         s3 Time limit reached   wall=302.7
[443/720] dts-v4           enlight_hard                 s3 Optimal              wall=10.4
[444/720] dts-v2-nodse     savsched1                    s3 Time limit reached   wall=307.2
[445/720] dev              savsched1                    s3 Time limit reached   wall=302.3
[446/720] dev              enlight_hard                 s3 Optimal              wall=12.5
[447/720] dts-v4           neos-860300                  s3 Optimal              wall=7.7
[448/720] dts-v2-nodse     neos-860300                  s3 Optimal              wall=8.0
[449/720] dev              neos-860300                  s3 Optimal              wall=8.7
[450/720] dts-v4           savsched1                    s3 Time limit reached   wall=302.2
[451/720] dts-v4           cvs16r128-89                 s3 Time limit reached   wall=300.1
[452/720] dts-v2-nodse     cvs16r128-89                 s3 Time limit reached   wall=300.4
[453/720] dts-v4           satellites2-60-fs            s3 Optimal              wall=105.6
[454/720] dev              satellites2-60-fs            s3 Optimal              wall=113.7
[455/720] dts-v2-nodse     satellites2-60-fs            s3 Optimal              wall=116.3
[456/720] dev              cvs16r128-89                 s3 Time limit reached   wall=300.1
[457/720] dts-v2-nodse     sorrell3                     s3 Time limit reached   wall=300.6
[458/720] dev              sorrell3                     s3 Time limit reached   wall=301.1
[459/720] dts-v4           sorrell3                     s3 Time limit reached   wall=300.8
[460/720] dts-v4           netdiversion                 s3 Time limit reached   wall=301.1
[461/720] dts-v2-nodse     netdiversion                 s3 Time limit reached   wall=301.1
[462/720] dev              dano3_3                      s3 Optimal              wall=61.1
[463/720] dev              netdiversion                 s3 Time limit reached   wall=301.2
[464/720] dts-v4           seymour                      s3 Time limit reached   wall=300.1
[465/720] dts-v2-nodse     seymour                      s3 Time limit reached   wall=300.1
[466/720] dev              seymour                      s3 Time limit reached   wall=300.1
[467/720] dts-v2-nodse     dano3_3                      s3 Optimal              wall=64.7
[468/720] dev              square47                     s3 Time limit reached   wall=312.7
[469/720] dts-v4           dano3_3                      s3 Optimal              wall=63.7
[470/720] dts-v4           square47                     s3 Time limit reached   wall=312.2
[471/720] dts-v2-nodse     square47                     s3 Time limit reached   wall=312.1
[472/720] dts-v2-nodse     neos-3083819-nubu            s3 Optimal              wall=11.8
[473/720] dev              neos-3083819-nubu            s3 Optimal              wall=12.3
[474/720] dts-v4           neos-3083819-nubu            s3 Optimal              wall=11.1
[475/720] dts-v2-nodse     splice1k1                    s3 Time limit reached   wall=300.9
[476/720] dev              splice1k1                    s3 Time limit reached   wall=300.9
[477/720] dts-v4           splice1k1                    s3 Time limit reached   wall=300.9
[478/720] dts-v4           app1-1                       s3 Optimal              wall=9.9
[479/720] dts-v2-nodse     app1-1                       s3 Optimal              wall=10.0
[480/720] dev              app1-1                       s3 Optimal              wall=11.3
[481/720] dts-v2-nodse     bab6                         s3 Time limit reached   wall=301.4
[482/720] dev              bab6                         s3 Time limit reached   wall=301.6
[483/720] dev              buildingenergy               s3 Time limit reached   wall=468.9
[484/720] dts-v4           bab6                         s3 Time limit reached   wall=301.5
[485/720] dev              sp98ar                       s3 Time limit reached   wall=300.4
[486/720] dts-v2-nodse     buildingenergy               s3 Time limit reached   wall=566.9
[487/720] dts-v2-nodse     sp98ar                       s3 Time limit reached   wall=300.4
[488/720] dts-v4           sp98ar                       s3 Time limit reached   wall=300.4
[489/720] dts-v4           buildingenergy               s3 Time limit reached   wall=566.2
[490/720] dts-v4           supportcase22                s3 Time limit reached   wall=301.7
[491/720] dev              supportcase22                s3 Time limit reached   wall=301.7
[492/720] dts-v2-nodse     supportcase22                s3 Time limit reached   wall=301.8
[493/720] dts-v4           supportcase7                 s3 Optimal              wall=50.3
[494/720] dev              nursesched-sprint02          s3 Optimal              wall=11.7
[495/720] dts-v4           nursesched-sprint02          s3 Optimal              wall=12.3
[496/720] dts-v2-nodse     nursesched-sprint02          s3 Optimal              wall=12.7
[497/720] dts-v2-nodse     supportcase7                 s3 Optimal              wall=47.7
[498/720] dev              supportcase7                 s3 Optimal              wall=48.2
[499/720] dts-v2-nodse     pg                           s3 Optimal              wall=15.0
[500/720] dts-v4           pg                           s3 Optimal              wall=20.1
[501/720] dev              pg                           s3 Optimal              wall=15.2
[502/720] dev              blp-ar98                     s3 Time limit reached   wall=300.3
[503/720] dts-v4           blp-ar98                     s3 Time limit reached   wall=301.2
[504/720] dts-v2-nodse     blp-ar98                     s3 Time limit reached   wall=300.5
[505/720] dts-v4           neos17                       s3 Optimal              wall=3.9
[506/720] dev              neos17                       s3 Optimal              wall=3.8
[507/720] dts-v2-nodse     neos17                       s3 Optimal              wall=3.8
[508/720] dts-v4           supportcase10                s3 Time limit reached   wall=300.7
[509/720] dts-v2-nodse     supportcase10                s3 Time limit reached   wall=300.6
[510/720] dev              supportcase10                s3 Time limit reached   wall=300.7
[511/720] dev              piperout-27                  s3 Optimal              wall=32.3
[512/720] dts-v2-nodse     piperout-27                  s3 Optimal              wall=32.5
[513/720] dts-v2-nodse     supportcase42                s3 Time limit reached   wall=300.6
[514/720] dev              supportcase42                s3 Time limit reached   wall=300.6
[515/720] dts-v4           swath1                       s3 Optimal              wall=10.6
[516/720] dts-v2-nodse     swath1                       s3 Optimal              wall=10.2
[517/720] dev              swath1                       s3 Optimal              wall=10.1
[518/720] dts-v4           supportcase42                s3 Time limit reached   wall=300.7
[519/720] dts-v4           piperout-27                  s3 Optimal              wall=31.2
[520/720] dev              cryptanalysiskb128n5obj16    s3 Time limit reached   wall=300.5
[521/720] dts-v2-nodse     cryptanalysiskb128n5obj16    s3 Time limit reached   wall=300.5
[522/720] dts-v4           cryptanalysiskb128n5obj16    s3 Time limit reached   wall=300.5
[523/720] dts-v2-nodse     supportcase40                s3 Time limit reached   wall=300.3
[524/720] dev              supportcase40                s3 Time limit reached   wall=300.2
[525/720] dts-v4           supportcase40                s3 Time limit reached   wall=300.2
[526/720] dts-v4           tr12-30                      s3 Optimal              wall=204.2
[527/720] dts-v2-nodse     tr12-30                      s3 Optimal              wall=200.8
[528/720] dev              tr12-30                      s3 Optimal              wall=206.6
[529/720] dev              comp21-2idx                  s3 Time limit reached   wall=300.2
[530/720] dts-v2-nodse     comp21-2idx                  s3 Time limit reached   wall=300.3
[531/720] dts-v4           comp21-2idx                  s3 Time limit reached   wall=300.2
[532/720] dts-v2-nodse     triptim1                     s3 Optimal              wall=49.1
[533/720] dts-v4           chromaticindex1024-7         s3 Time limit reached   wall=323.5
[534/720] dts-v4           triptim1                     s3 Optimal              wall=49.3
[535/720] dts-v4           uccase9                      s3 Time limit reached   wall=300.6
[536/720] dev              uccase9                      s3 Time limit reached   wall=300.5
[537/720] dts-v2-nodse     uccase9                      s3 Time limit reached   wall=300.8
[538/720] dev              leo2                         s3 Time limit reached   wall=300.3
[539/720] dev              chromaticindex1024-7         s3 Time limit reached   wall=312.0
[540/720] dev              triptim1                     s3 Optimal              wall=47.9
[541/720] dts-v2-nodse     chromaticindex1024-7         s3 Time limit reached   wall=321.6
[542/720] dts-v2-nodse     leo2                         s3 Time limit reached   wall=300.2
[543/720] dts-v4           leo2                         s3 Time limit reached   wall=300.3
[544/720] dts-v4           rail02                       s3 Time limit reached   wall=301.1
[545/720] dts-v2-nodse     rail02                       s3 Time limit reached   wall=301.0
[546/720] dev              rail02                       s3 Time limit reached   wall=301.2
[547/720] dts-v2-nodse     roi2alpha3n4                 s3 Time limit reached   wall=300.7
[548/720] dev              roi2alpha3n4                 s3 Time limit reached   wall=300.7
[549/720] dts-v4           roi2alpha3n4                 s3 Time limit reached   wall=300.7
[550/720] dts-v2-nodse     app1-2                       s3 Time limit reached   wall=300.3
[551/720] dts-v4           app1-2                       s3 Time limit reached   wall=300.4
[552/720] dev              app1-2                       s3 Time limit reached   wall=300.3
[553/720] dts-v2-nodse     trento1                      s3 Time limit reached   wall=300.3
[554/720] dev              trento1                      s3 Time limit reached   wall=300.2
[555/720] dts-v4           trento1                      s3 Time limit reached   wall=300.9
[556/720] dts-v4           neos-5188808-nattai          s3 Time limit reached   wall=300.2
[557/720] dev              neos-5188808-nattai          s3 Time limit reached   wall=300.2
[558/720] dts-v2-nodse     neos-5188808-nattai          s3 Time limit reached   wall=300.2
[559/720] dts-v4           uct-subprob                  s3 Time limit reached   wall=300.2
[560/720] dts-v2-nodse     uct-subprob                  s3 Time limit reached   wall=300.1
[561/720] dev              uct-subprob                  s3 Time limit reached   wall=300.2
[562/720] dev              roll3000                     s3 Optimal              wall=24.4
[563/720] dts-v4           roll3000                     s3 Optimal              wall=24.8
[564/720] dts-v2-nodse     roll3000                     s3 Optimal              wall=23.2
[565/720] dev              cryptanalysiskb128n5obj14    s3 Time limit reached   wall=300.6
[566/720] dts-v2-nodse     cryptanalysiskb128n5obj14    s3 Time limit reached   wall=300.5
[567/720] dts-v4           cryptanalysiskb128n5obj14    s3 Time limit reached   wall=300.6
[568/720] dts-v2-nodse     rd-rplusc-21                 s3 Time limit reached   wall=300.7
[569/720] dts-v4           rd-rplusc-21                 s3 Time limit reached   wall=300.7
[570/720] dev              rd-rplusc-21                 s3 Time limit reached   wall=300.7
[571/720] dev              satellites2-40               s3 Time limit reached   wall=300.4
[572/720] dts-v2-nodse     satellites2-40               s3 Time limit reached   wall=300.5
[573/720] dts-v4           satellites2-40               s3 Time limit reached   wall=300.4
[574/720] dev              sing326                      s3 Time limit reached   wall=301.0
[575/720] dts-v2-nodse     sing326                      s3 Time limit reached   wall=300.6
[576/720] dts-v4           sing326                      s3 Time limit reached   wall=301.3
[577/720] dev              tbfp-network                 s3 Optimal              wall=272.4
[578/720] dev              cmflsp50-24-8-8              s3 Time limit reached   wall=300.2
[579/720] dts-v2-nodse     cmflsp50-24-8-8              s3 Time limit reached   wall=300.2
[580/720] dts-v4           cmflsp50-24-8-8              s3 Time limit reached   wall=300.3
[581/720] dts-v2-nodse     tbfp-network                 s3 Optimal              wall=291.0
[582/720] dts-v4           tbfp-network                 s3 Time limit reached   wall=300.7
[583/720] dts-v2-nodse     sing44                       s3 Time limit reached   wall=300.5
[584/720] dev              sing44                       s3 Time limit reached   wall=301.3
[585/720] dts-v4           sing44                       s3 Time limit reached   wall=300.5
[586/720] dts-v4           hypothyroid-k1               s3 Optimal              wall=8.1
[587/720] dev              hypothyroid-k1               s3 Optimal              wall=9.8
[588/720] dts-v2-nodse     hypothyroid-k1               s3 Optimal              wall=8.0
[589/720] dev              sct2                         s3 Time limit reached   wall=300.1
[590/720] dts-v4           sct2                         s3 Optimal              wall=213.5
[591/720] dts-v2-nodse     sct2                         s3 Optimal              wall=288.3
[592/720] dev              rail507                      s3 Time limit reached   wall=300.5
[593/720] dts-v2-nodse     rail507                      s3 Time limit reached   wall=300.6
[594/720] dts-v4           rail507                      s3 Time limit reached   wall=300.4
[595/720] dts-v2-nodse     snp-02-004-104               s3 Optimal              wall=40.7
[596/720] dts-v2-nodse     nexp-150-20-8-5              s3 Time limit reached   wall=300.2
[597/720] dev              nexp-150-20-8-5              s3 Time limit reached   wall=300.2
[598/720] dts-v4           nexp-150-20-8-5              s3 Time limit reached   wall=300.2
[599/720] dev              snp-02-004-104               s3 Optimal              wall=42.4
[600/720] dts-v4           snp-02-004-104               s3 Optimal              wall=43.3
[601/720] dts-v2-nodse     neos-873061                  s3 Time limit reached   wall=300.8
[602/720] dts-v4           neos-873061                  s3 Optimal              wall=245.6
[603/720] dev              neos-873061                  s3 Time limit reached   wall=300.8
[604/720] dev              n3div36                      s3 Time limit reached   wall=300.4
[605/720] dts-v4           n3div36                      s3 Time limit reached   wall=300.7
[606/720] dts-v2-nodse     n3div36                      s3 Time limit reached   wall=300.4
[607/720] dev              thor50dday                   s3 Time limit reached   wall=300.8
[608/720] dts-v4           thor50dday                   s3 Time limit reached   wall=300.9
[609/720] dts-v2-nodse     thor50dday                   s3 Time limit reached   wall=301.5
[610/720] dts-v4           supportcase12                s3 Time limit reached   wall=303.3
[611/720] dev              supportcase12                s3 Time limit reached   wall=303.3
[612/720] dts-v2-nodse     supportcase12                s3 Time limit reached   wall=303.2
[613/720] dts-v4           supportcase6                 s3 Time limit reached   wall=301.1
[614/720] dts-v4           ex10                         s3 Optimal              wall=13.0
[615/720] dev              ex10                         s3 Optimal              wall=13.2
[616/720] dts-v2-nodse     ex10                         s3 Optimal              wall=12.4
[617/720] dev              supportcase6                 s3 Time limit reached   wall=301.6
[618/720] dts-v2-nodse     supportcase6                 s3 Time limit reached   wall=301.4
[619/720] dev              fastxgemm-n2r6s0t2           s3 Time limit reached   wall=300.1
[620/720] dts-v2-nodse     fastxgemm-n2r6s0t2           s3 Time limit reached   wall=300.1
[621/720] dts-v4           fastxgemm-n2r6s0t2           s3 Time limit reached   wall=300.1
[622/720] dts-v4           timtab1                      s3 Optimal              wall=31.9
[623/720] dts-v2-nodse     gfd-schedulen180f7d50m30k18  s3 Time limit reached   wall=302.8
[624/720] dts-v4           gfd-schedulen180f7d50m30k18  s3 Time limit reached   wall=302.6
[625/720] dts-v4           physiciansched6-2            s3 Optimal              wall=5.6
[626/720] dts-v2-nodse     physiciansched6-2            s3 Optimal              wall=5.7
[627/720] dev              physiciansched6-2            s3 Optimal              wall=5.9
[628/720] dev              timtab1                      s3 Optimal              wall=37.4
[629/720] dts-v2-nodse     timtab1                      s3 Optimal              wall=37.1
[630/720] dts-v4           uccase12                     s3 Optimal              wall=18.8
[631/720] dts-v2-nodse     uccase12                     s3 Optimal              wall=18.9
[632/720] dev              uccase12                     s3 Optimal              wall=19.1
[633/720] dts-v2-nodse     cod105                       s3 Optimal              wall=55.9
[634/720] dev              cod105                       s3 Optimal              wall=58.6
[635/720] dts-v4           cod105                       s3 Optimal              wall=57.3
[636/720] dev              gfd-schedulen180f7d50m30k18  s3 Time limit reached   wall=302.7
[637/720] dts-v2-nodse     supportcase19                s3 Time limit reached   wall=305.7
[638/720] dev              swath3                       s3 Optimal              wall=83.2
[639/720] dts-v2-nodse     swath3                       s3 Optimal              wall=81.1
[640/720] dev              supportcase19                s3 Time limit reached   wall=305.6
[641/720] dts-v4           swath3                       s3 Optimal              wall=96.3
[642/720] dts-v4           supportcase19                s3 Time limit reached   wall=305.6
[643/720] dts-v4           sp150x300d                   s3 Optimal              wall=1.0
[644/720] dts-v2-nodse     sp150x300d                   s3 Optimal              wall=1.0
[645/720] dev              sp150x300d                   s3 Optimal              wall=1.0
[646/720] dev              piperout-08                  s3 Optimal              wall=21.8
[647/720] dts-v2-nodse     piperout-08                  s3 Optimal              wall=23.9
[648/720] dts-v4           30n20b8                      s3 Optimal              wall=181.0
[649/720] dts-v4           exp-1-500-5-5                s3 Optimal              wall=2.3
[650/720] dev              exp-1-500-5-5                s3 Optimal              wall=2.4
[651/720] dts-v2-nodse     exp-1-500-5-5                s3 Optimal              wall=2.3
[652/720] dts-v4           piperout-08                  s3 Optimal              wall=23.7
[653/720] dev              roi5alpha10n8                s3 Time limit reached   wall=301.8
[654/720] dts-v4           roi5alpha10n8                s3 Time limit reached   wall=301.9
[655/720] dts-v2-nodse     roi5alpha10n8                s3 Time limit reached   wall=301.8
[656/720] dts-v4           var-smallemery-m6j6          s3 Time limit reached   wall=300.6
[657/720] dev              var-smallemery-m6j6          s3 Time limit reached   wall=300.5
[658/720] dts-v2-nodse     var-smallemery-m6j6          s3 Time limit reached   wall=300.6
[659/720] dev              30n20b8                      s3 Time limit reached   wall=300.2
[660/720] dts-v2-nodse     30n20b8                      s3 Time limit reached   wall=300.2
[661/720] dts-v2-nodse     rmatr100-p10                 s3 Optimal              wall=32.6
[662/720] dev              rmatr100-p10                 s3 Optimal              wall=32.5
[663/720] dts-v4           rmatr100-p10                 s3 Optimal              wall=35.6
[664/720] dev              unitcal_7                    s3 Optimal              wall=38.8
[665/720] dts-v2-nodse     air05                        s3 Optimal              wall=10.4
[666/720] dev              air05                        s3 Optimal              wall=10.4
[667/720] dts-v4           air05                        s3 Optimal              wall=10.0
[668/720] dts-v4           unitcal_7                    s3 Optimal              wall=37.4
[669/720] dts-v2-nodse     unitcal_7                    s3 Optimal              wall=38.9
[670/720] dev              50v-10                       s3 Time limit reached   wall=300.1
[671/720] dts-v2-nodse     50v-10                       s3 Time limit reached   wall=300.1
[672/720] dts-v4           50v-10                       s3 Time limit reached   wall=300.1
[673/720] dev              traininstance2               s3 Time limit reached   wall=300.1
[674/720] dts-v2-nodse     traininstance2               s3 Time limit reached   wall=300.1
[675/720] dts-v4           traininstance2               s3 Time limit reached   wall=300.1
[676/720] dev              sp97ar                       s3 Time limit reached   wall=300.3
[677/720] dts-v4           sp97ar                       s3 Time limit reached   wall=300.3
[678/720] dts-v2-nodse     sp97ar                       s3 Time limit reached   wall=300.3
[679/720] dts-v4           csched007                    s3 Time limit reached   wall=300.1
[680/720] dev              supportcase33                s3 Optimal              wall=153.5
[681/720] dts-v4           supportcase33                s3 Optimal              wall=111.8
[682/720] dts-v2-nodse     supportcase33                s3 Optimal              wall=135.5
[683/720] dts-v2-nodse     csched007                    s3 Time limit reached   wall=300.1
[684/720] dev              csched007                    s3 Time limit reached   wall=300.1
[685/720] dev              square41                     s3 Time limit reached   wall=311.2
[686/720] dts-v4           square41                     s3 Time limit reached   wall=313.7
[687/720] dts-v2-nodse     square41                     s3 Time limit reached   wall=315.3
[688/720] dev              ran14x18-disj-8              s3 Time limit reached   wall=300.0
[689/720] dts-v4           ran14x18-disj-8              s3 Time limit reached   wall=300.0
[690/720] dev              traininstance6               s3 Optimal              wall=205.4
[691/720] dts-v2-nodse     ran14x18-disj-8              s3 Time limit reached   wall=300.1
[692/720] dts-v2-nodse     traininstance6               s3 Optimal              wall=203.1
[693/720] dts-v2-nodse     supportcase26                s3 Time limit reached   wall=300.0
[694/720] dev              supportcase26                s3 Time limit reached   wall=300.0
[695/720] dts-v4           supportcase26                s3 Time limit reached   wall=300.0
[696/720] dts-v4           traininstance6               s3 Optimal              wall=290.0
[697/720] dts-v2-nodse     supportcase18                s3 Time limit reached   wall=300.3
[698/720] dts-v4           wachplan                     s3 Optimal              wall=249.4
[699/720] dts-v4           supportcase18                s3 Time limit reached   wall=300.3
[700/720] dev              supportcase18                s3 Time limit reached   wall=300.3
[701/720] dts-v2-nodse     wachplan                     s3 Time limit reached   wall=300.1
[702/720] dev              wachplan                     s3 Time limit reached   wall=300.1
[703/720] dts-v2-nodse     nursesched-medium-hint03     s3 Time limit reached   wall=300.8
[704/720] dev              nursesched-medium-hint03     s3 Time limit reached   wall=300.9
[705/720] dts-v4           nursesched-medium-hint03     s3 Time limit reached   wall=300.9
[706/720] dts-v4           bab2                         s3 Time limit reached   wall=301.8
[707/720] dev              bab2                         s3 Time limit reached   wall=301.6
[708/720] dts-v2-nodse     bab2                         s3 Time limit reached   wall=301.7
[709/720] dts-v4           neos-3988577-wolgan          s3 Time limit reached   wall=300.3
[710/720] dev              neos-3988577-wolgan          s3 Time limit reached   wall=300.3
[711/720] dts-v2-nodse     neos-3988577-wolgan          s3 Time limit reached   wall=300.3
[712/720] dts-v2-nodse     radiationm40-10-02           s3 Time limit reached   wall=301.3
[713/720] dts-v4           radiationm40-10-02           s3 Time limit reached   wall=301.2
[714/720] dev              radiationm40-10-02           s3 Time limit reached   wall=301.2
[715/720] dts-v2-nodse     proteindesign122trx11p8      s3 Time limit reached   wall=301.2
[716/720] dts-v4           proteindesign122trx11p8      s3 Time limit reached   wall=301.4
[717/720] dev              proteindesign122trx11p8      s3 Time limit reached   wall=301.3
[718/720] dev              co-100                       s3 Time limit reached   wall=301.2
[719/720] dts-v4           co-100                       s3 Time limit reached   wall=301.1
[720/720] dts-v2-nodse     co-100                       s3 Time limit reached   wall=301.1
DONE /home/coulson/git_repositories/highs-lab/bench/results/raw/2026-09-27-rep-s3
