memory budget: MemAvailable-reserve = 38.4 GB, cap 8G -> 4 lanes instead of 10
[1/126] dts-v2-nodse     50v-10                       s0 Time limit reached   wall=60.1
[2/126] dts-v2           50v-10                       s0 Time limit reached   wall=60.1
[3/126] dev              CMS750_4                     s0 Time limit reached   wall=60.2
[4/126] dev              50v-10                       s0 Time limit reached   wall=60.1
[5/126] dts-v2-nodse     CMS750_4                     s0 Time limit reached   wall=60.2
[6/126] dts-v2           CMS750_4                     s0 Time limit reached   wall=60.2
[7/126] dts-v2-nodse     academictimetablesmall       s0 Time limit reached   wall=60.4
[8/126] dts-v2           academictimetablesmall       s0 Time limit reached   wall=60.5
[9/126] dev              academictimetablesmall       s0 Time limit reached   wall=60.4
[10/126] dev              assign1-5-8                  s0 Time limit reached   wall=60.1
[11/126] dts-v2           assign1-5-8                  s0 Time limit reached   wall=60.1
[12/126] dts-v2-nodse     assign1-5-8                  s0 Time limit reached   wall=60.1
[13/126] dts-v2-nodse     chromaticindex1024-7         s0 Time limit reached   wall=60.6
[14/126] dts-v2           chromaticindex1024-7         s0 Time limit reached   wall=60.8
[15/126] dev              chromaticindex1024-7         s0 Time limit reached   wall=60.8
[16/126] dts-v2-nodse     comp21-2idx                  s0 Time limit reached   wall=60.4
[17/126] dts-v2           comp21-2idx                  s0 Time limit reached   wall=60.3
[18/126] dev              comp21-2idx                  s0 Time limit reached   wall=60.4
[19/126] dts-v2-nodse     cryptanalysiskb128n5obj16    s0 Time limit reached   wall=60.9
[20/126] dev              cryptanalysiskb128n5obj16    s0 Time limit reached   wall=61.2
[21/126] dts-v2           cryptanalysiskb128n5obj16    s0 Time limit reached   wall=61.4
[22/126] dts-v2           dws008-01                    s0 Time limit reached   wall=60.2
[23/126] dev              dws008-01                    s0 Time limit reached   wall=60.4
[24/126] dts-v2-nodse     dws008-01                    s0 Time limit reached   wall=60.2
[25/126] dts-v2-nodse     gen-ip054                    s0 Time limit reached   wall=60.1
[26/126] dev              gen-ip054                    s0 Time limit reached   wall=60.1
[27/126] dts-v2           gen-ip054                    s0 Time limit reached   wall=60.1
[28/126] dev              glass-sc                     s0 Time limit reached   wall=60.1
[29/126] dts-v2           glass-sc                     s0 Time limit reached   wall=60.2
[30/126] dts-v2-nodse     glass-sc                     s0 Time limit reached   wall=60.2
[31/126] dts-v2           graphdraw-domain             s0 Time limit reached   wall=60.0
[32/126] dev              graphdraw-domain             s0 Time limit reached   wall=60.1
[33/126] dts-v2-nodse     graphdraw-domain             s0 Time limit reached   wall=60.0
[34/126] dts-v2           ic97_potential               s0 Time limit reached   wall=60.0
[35/126] dts-v2-nodse     ic97_potential               s0 Time limit reached   wall=60.1
[36/126] dev              ic97_potential               s0 Time limit reached   wall=60.1
[37/126] dts-v2           istanbul-no-cutoff           s0 Time limit reached   wall=60.2
[38/126] dev              istanbul-no-cutoff           s0 Time limit reached   wall=60.2
[39/126] dts-v2-nodse     istanbul-no-cutoff           s0 Time limit reached   wall=60.2
[40/126] dts-v2-nodse     mad                          s0 Time limit reached   wall=60.1
[41/126] dts-v2           mad                          s0 Time limit reached   wall=60.1
[42/126] dev              mad                          s0 Time limit reached   wall=60.1
[43/126] dts-v2-nodse     markshare2                   s0 Time limit reached   wall=60.1
[44/126] dev              markshare2                   s0 Time limit reached   wall=60.0
[45/126] dts-v2           markshare2                   s0 Time limit reached   wall=60.1
[46/126] dev              mas74                        s0 Time limit reached   wall=60.1
[47/126] dts-v2-nodse     mas74                        s0 Time limit reached   wall=60.0
[48/126] dts-v2           mas74                        s0 Time limit reached   wall=60.1
[49/126] dts-v2-nodse     n3div36                      s0 Time limit reached   wall=60.6
[50/126] dts-v2           n3div36                      s0 Time limit reached   wall=60.4
[51/126] dev              n3div36                      s0 Time limit reached   wall=60.6
[52/126] dts-v2           neos-1171737                 s0 Time limit reached   wall=60.2
[53/126] dts-v2-nodse     neos-1171737                 s0 Time limit reached   wall=60.1
[54/126] dev              neos-1171737                 s0 Time limit reached   wall=60.2
[55/126] dts-v2           neos-2657525-crna            s0 Time limit reached   wall=60.1
[56/126] dev              neos-2657525-crna            s0 Time limit reached   wall=60.1
[57/126] dts-v2-nodse     neos-2657525-crna            s0 Time limit reached   wall=60.0
[58/126] dts-v2           neos-2746589-doon            s0 Time limit reached   wall=60.5
[59/126] dts-v2-nodse     neos-2746589-doon            s0 Time limit reached   wall=60.7
[60/126] dts-v2           neos-3004026-krka            s0 Optimal              wall=26.3
[61/126] dev              neos-2746589-doon            s0 Time limit reached   wall=94.7
[62/126] dts-v2-nodse     neos-3004026-krka            s0 Time limit reached   wall=60.5
[63/126] dev              neos-3004026-krka            s0 Time limit reached   wall=60.5
[64/126] dev              neos-3046615-murg            s0 Time limit reached   wall=60.1
[65/126] dts-v2           neos-3046615-murg            s0 Time limit reached   wall=60.1
[66/126] dts-v2-nodse     neos-3046615-murg            s0 Time limit reached   wall=60.1
[67/126] dts-v2           neos-3656078-kumeu           s0 Time limit reached   wall=60.2
[68/126] dts-v2-nodse     neos-3656078-kumeu           s0 Time limit reached   wall=60.1
[69/126] dev              neos-3656078-kumeu           s0 Time limit reached   wall=60.1
[70/126] dev              neos-3754480-nidda           s0 Time limit reached   wall=60.1
[71/126] dts-v2           neos-3754480-nidda           s0 Time limit reached   wall=60.1
[72/126] dts-v2-nodse     neos-3754480-nidda           s0 Time limit reached   wall=60.1
[73/126] dts-v2-nodse     neos-4763324-toguru          s0 Time limit reached   wall=64.3
[74/126] dts-v2           neos-4763324-toguru          s0 Time limit reached   wall=61.2
[75/126] dev              neos-4763324-toguru          s0 Time limit reached   wall=61.1
[76/126] dts-v2           neos-787933                  s0 Time limit reached   wall=61.4
[77/126] dts-v2-nodse     neos-787933                  s0 Time limit reached   wall=61.5
[78/126] dev              neos-787933                  s0 Time limit reached   wall=61.2
[79/126] dts-v2-nodse     net12                        s0 Time limit reached   wall=60.2
[80/126] dts-v2           net12                        s0 Time limit reached   wall=60.3
[81/126] dev              net12                        s0 Time limit reached   wall=60.2
[82/126] dts-v2           ns1952667                    s0 Time limit reached   wall=73.6
[83/126] dts-v2-nodse     ns1952667                    s0 Time limit reached   wall=75.0
[84/126] dev              ns1952667                    s0 Time limit reached   wall=67.9
[85/126] dev              opm2-z10-s4                  s0 Time limit reached   wall=61.0
[86/126] dts-v2-nodse     opm2-z10-s4                  s0 Time limit reached   wall=61.0
[87/126] dts-v2           opm2-z10-s4                  s0 Time limit reached   wall=61.0
[88/126] dts-v2           radiationm40-10-02           s0 Time limit reached   wall=62.2
[89/126] dev              radiationm40-10-02           s0 Time limit reached   wall=61.6
[90/126] dts-v2-nodse     radiationm40-10-02           s0 Time limit reached   wall=61.7
[91/126] dts-v2           rail01                       s0 Time limit reached   wall=60.8
[92/126] dts-v2-nodse     rail01                       s0 Time limit reached   wall=60.8
[93/126] dev              rail01                       s0 Time limit reached   wall=60.6
[94/126] dts-v2-nodse     rail507                      s0 Time limit reached   wall=60.5
[95/126] dev              rail507                      s0 Time limit reached   wall=60.8
[96/126] dts-v2           rail507                      s0 Time limit reached   wall=60.7
[97/126] dts-v2           s100                         s0 Time limit reached   wall=64.7
[98/126] dts-v2-nodse     s100                         s0 Time limit reached   wall=64.9
[99/126] dev              satellites2-40               s0 Time limit reached   wall=60.4
[100/126] dts-v2-nodse     satellites2-40               s0 Time limit reached   wall=60.6
[101/126] dts-v2           satellites2-40               s0 Time limit reached   wall=60.6
[102/126] dts-v2-nodse     seymour                      s0 Time limit reached   wall=60.1
[103/126] dts-v2           seymour                      s0 Time limit reached   wall=60.1
[104/126] dev              seymour                      s0 Time limit reached   wall=60.1
[105/126] dts-v2-nodse     sing326                      s0 Time limit reached   wall=60.7
[106/126] dev              sing326                      s0 Time limit reached   wall=60.7
[107/126] dts-v2           sing326                      s0 Time limit reached   wall=60.5
[108/126] dts-v2           sorrell3                     s0 Time limit reached   wall=61.8
[109/126] dts-v2-nodse     sorrell3                     s0 Time limit reached   wall=61.5
[110/126] dev              sorrell3                     s0 Time limit reached   wall=61.0
[111/126] dev              sp98ar                       s0 Time limit reached   wall=60.6
[112/126] dts-v2           sp98ar                       s0 Time limit reached   wall=60.5
[113/126] dev              s100                         s0 Time limit reached   wall=339.0
[114/126] dts-v2-nodse     sp98ar                       s0 Time limit reached   wall=60.5
[115/126] dts-v2-nodse     supportcase18                s0 Time limit reached   wall=60.2
[116/126] dts-v2           supportcase18                s0 Time limit reached   wall=60.2
[117/126] dev              supportcase18                s0 Time limit reached   wall=60.3
[118/126] dts-v2           supportcase22                s0 Time limit reached   wall=62.5
[119/126] dts-v2-nodse     supportcase22                s0 Time limit reached   wall=62.6
[120/126] dev              supportcase22                s0 Time limit reached   wall=62.6
[121/126] dev              supportcase26                s0 Time limit reached   wall=60.1
[122/126] dts-v2           supportcase26                s0 Time limit reached   wall=60.1
[123/126] dts-v2-nodse     supportcase26                s0 Time limit reached   wall=60.1
[124/126] dts-v2           supportcase42                s0 Time limit reached   wall=60.5
[125/126] dts-v2-nodse     supportcase42                s0 Time limit reached   wall=60.9
[126/126] dev              supportcase42                s0 Time limit reached   wall=60.5
DONE bench/results/raw/2026-09-26-hard-v2
