[1/720] dts-v4           fhnw-binpack4-4              s2 Time limit reached   wall=300.0
[2/720] dev              fhnw-binpack4-4              s2 Time limit reached   wall=300.1
[3/720] dts-v4           fhnw-binpack4-48             s2 Time limit reached   wall=300.1
[4/720] dts-v2-nodse     fhnw-binpack4-4              s2 Time limit reached   wall=300.1
[5/720] dts-v2-nodse     gen-ip002                    s2 Time limit reached   wall=300.2
[6/720] dts-v2-nodse     fhnw-binpack4-48             s2 Time limit reached   wall=300.1
[7/720] dev              glass-sc                     s2 Time limit reached   wall=300.1
[8/720] dts-v4           gen-ip002                    s2 Time limit reached   wall=300.2
[9/720] dev              fhnw-binpack4-48             s2 Time limit reached   wall=300.1
[10/720] dev              gen-ip002                    s2 Time limit reached   wall=300.2
[11/720] dts-v4           h80x6320d                    s2 Optimal              wall=11.3
[12/720] dts-v2-nodse     h80x6320d                    s2 Optimal              wall=11.1
[13/720] dev              h80x6320d                    s2 Optimal              wall=11.2
[14/720] dts-v2-nodse     glass-sc                     s2 Time limit reached   wall=300.1
[15/720] dts-v4           glass-sc                     s2 Time limit reached   wall=300.2
[16/720] dts-v4           academictimetablesmall       s2 Time limit reached   wall=300.4
[17/720] dts-v2-nodse     academictimetablesmall       s2 Time limit reached   wall=300.4
[18/720] dev              academictimetablesmall       s2 Time limit reached   wall=300.4
[19/720] dts-v4           glass4                       s2 Time limit reached   wall=300.1
[20/720] dev              glass4                       s2 Time limit reached   wall=300.1
[21/720] dts-v2-nodse     glass4                       s2 Time limit reached   wall=300.1
[22/720] dts-v2-nodse     graph20-20-1rand             s2 Time limit reached   wall=300.1
[23/720] dev              graph20-20-1rand             s2 Time limit reached   wall=300.1
[24/720] dev              gmu-35-40                    s2 Optimal              wall=200.7
[25/720] dts-v2-nodse     gmu-35-40                    s2 Optimal              wall=204.1
[26/720] dts-v4           gmu-35-40                    s2 Optimal              wall=242.2
[27/720] dts-v4           graph20-20-1rand             s2 Time limit reached   wall=300.1
[28/720] dts-v4           brazil3                      s2 Time limit reached   wall=300.3
[29/720] dev              brazil3                      s2 Time limit reached   wall=300.2
[30/720] dts-v2-nodse     brazil3                      s2 Time limit reached   wall=300.2
[31/720] dev              gmu-35-50                    s2 Time limit reached   wall=300.1
[32/720] dts-v2-nodse     gmu-35-50                    s2 Time limit reached   wall=300.1
[33/720] dts-v4           gmu-35-50                    s2 Time limit reached   wall=300.1
[34/720] dts-v4           beasleyC3                    s2 Optimal              wall=7.9
[35/720] dts-v2-nodse     beasleyC3                    s2 Optimal              wall=7.8
[36/720] dev              beasleyC3                    s2 Optimal              wall=8.1
[37/720] dts-v2-nodse     graphdraw-domain             s2 Time limit reached   wall=300.0
[38/720] dts-v4           graphdraw-domain             s2 Time limit reached   wall=300.0
[39/720] dev              graphdraw-domain             s2 Time limit reached   wall=300.1
[40/720] dts-v2-nodse     icir97_tension               s2 Time limit reached   wall=300.1
[41/720] dev              icir97_tension               s2 Time limit reached   wall=300.1
[42/720] dts-v4           icir97_tension               s2 Time limit reached   wall=300.1
[43/720] dts-v4           lectsched-5-obj              s2 Time limit reached   wall=300.2
[44/720] dev              lectsched-5-obj              s2 Time limit reached   wall=300.3
[45/720] dts-v2-nodse     lectsched-5-obj              s2 Time limit reached   wall=300.3
[46/720] dev              ic97_potential               s2 Time limit reached   wall=300.1
[47/720] dts-v2-nodse     irp                          s2 Optimal              wall=11.1
[48/720] dev              irp                          s2 Optimal              wall=10.6
[49/720] dts-v4           irp                          s2 Optimal              wall=11.0
[50/720] dts-v4           comp07-2idx                  s2 Optimal              wall=39.6
[51/720] dts-v2-nodse     comp07-2idx                  s2 Optimal              wall=206.1
[52/720] dts-v4           istanbul-no-cutoff           s2 Optimal              wall=254.1
[53/720] dts-v4           ic97_potential               s2 Time limit reached   wall=300.1
[54/720] dts-v2-nodse     ic97_potential               s2 Time limit reached   wall=300.1
[55/720] dev              comp07-2idx                  s2 Optimal              wall=210.0
[56/720] dev              istanbul-no-cutoff           s2 Optimal              wall=285.3
[57/720] dts-v2-nodse     istanbul-no-cutoff           s2 Optimal              wall=288.7
[58/720] dts-v2-nodse     irish-electricity            s2 Time limit reached   wall=300.9
[59/720] dev              irish-electricity            s2 Time limit reached   wall=300.7
[60/720] dts-v4           irish-electricity            s2 Time limit reached   wall=300.7
[61/720] dts-v2-nodse     cbs-cta                      s2 Optimal              wall=64.1
[62/720] dts-v4           cbs-cta                      s2 Optimal              wall=63.9
[63/720] dev              cbs-cta                      s2 Optimal              wall=61.8
[64/720] dts-v2-nodse     k1mushroom                   s2 Optimal              wall=265.1
[65/720] dts-v4           k1mushroom                   s2 Optimal              wall=281.9
[66/720] dev              k1mushroom                   s2 Time limit reached   wall=301.2
[67/720] dev              mad                          s2 Time limit reached   wall=300.1
[68/720] dts-v2-nodse     mad                          s2 Time limit reached   wall=300.1
[69/720] dts-v4           mad                          s2 Time limit reached   wall=300.1
[70/720] dev              mas74                        s2 Time limit reached   wall=300.1
[71/720] dts-v2-nodse     mas74                        s2 Time limit reached   wall=300.1
[72/720] dts-v4           mas74                        s2 Time limit reached   wall=300.1
[73/720] dts-v4           lotsize                      s2 Time limit reached   wall=300.1
[74/720] dts-v2-nodse     lotsize                      s2 Time limit reached   wall=300.1
[75/720] dts-v4           dano3_5                      s2 Optimal              wall=197.4
[76/720] dev              lotsize                      s2 Time limit reached   wall=300.1
[77/720] dts-v2-nodse     markshare2                   s2 Time limit reached   wall=300.1
[78/720] dts-v4           markshare2                   s2 Time limit reached   wall=300.1
[79/720] dev              markshare2                   s2 Time limit reached   wall=300.1
[80/720] dts-v2-nodse     dano3_5                      s2 Optimal              wall=196.1
[81/720] dev              dano3_5                      s2 Optimal              wall=200.0
[82/720] dts-v2-nodse     mik-250-20-75-4              s2 Optimal              wall=9.4
[83/720] dts-v4           mik-250-20-75-4              s2 Optimal              wall=10.9
[84/720] dev              mik-250-20-75-4              s2 Optimal              wall=9.7
[85/720] dts-v2-nodse     markshare_4_0                s2 Optimal              wall=82.9
[86/720] dev              markshare_4_0                s2 Optimal              wall=82.4
[87/720] dts-v4           markshare_4_0                s2 Optimal              wall=80.7
[88/720] dts-v2-nodse     mzzv42z                      s2 Optimal              wall=42.4
[89/720] dts-v2-nodse     map16715-04                  s2 Time limit reached   wall=301.1
[90/720] dts-v4           map16715-04                  s2 Time limit reached   wall=301.0
[91/720] dts-v4           mzzv42z                      s2 Optimal              wall=42.3
[92/720] dev              mzzv42z                      s2 Optimal              wall=48.0
[93/720] dev              map16715-04                  s2 Time limit reached   wall=301.0
[94/720] dev              map10                        s2 Time limit reached   wall=301.1
[95/720] dts-v4           map10                        s2 Time limit reached   wall=301.1
[96/720] dts-v2-nodse     map10                        s2 Time limit reached   wall=301.1
[97/720] dts-v4           ex9                          s2 Optimal              wall=1.9
[98/720] dev              ex9                          s2 Optimal              wall=2.0
[99/720] dts-v2-nodse     ex9                          s2 Optimal              wall=1.9
[100/720] dts-v4           mcsched                      s2 Optimal              wall=154.4
[101/720] dev              mcsched                      s2 Optimal              wall=175.1
[102/720] dts-v4           cost266-UUE                  s2 Time limit reached   wall=300.1
[103/720] dev              cost266-UUE                  s2 Time limit reached   wall=300.1
[104/720] dts-v2-nodse     cost266-UUE                  s2 Time limit reached   wall=300.1
[105/720] dts-v4           mushroom-best                s2 Optimal              wall=136.8
[106/720] dts-v2-nodse     mcsched                      s2 Optimal              wall=198.3
[107/720] dts-v2-nodse     mushroom-best                s2 Optimal              wall=172.4
[108/720] dev              mushroom-best                s2 Optimal              wall=183.2
[109/720] dts-v2-nodse     neos-1122047                 s2 Optimal              wall=3.8
[110/720] dts-v4           neos-1122047                 s2 Optimal              wall=3.8
[111/720] dev              neos-1122047                 s2 Optimal              wall=3.8
[112/720] dev              drayage-100-23               s2 Optimal              wall=1.0
[113/720] dts-v2-nodse     drayage-100-23               s2 Optimal              wall=1.0
[114/720] dts-v4           drayage-100-23               s2 Optimal              wall=1.0
[115/720] dts-v4           mzzv11                       s2 Optimal              wall=71.9
[116/720] dts-v2-nodse     mzzv11                       s2 Optimal              wall=85.9
[117/720] dev              mzzv11                       s2 Optimal              wall=85.8
[118/720] dts-v4           n5-3                         s2 Optimal              wall=12.7
[119/720] dev              n5-3                         s2 Optimal              wall=14.1
[120/720] dts-v4           neos-1456979                 s2 Optimal              wall=89.0
[121/720] dts-v2-nodse     n5-3                         s2 Optimal              wall=14.1
[122/720] dts-v2-nodse     neos-1456979                 s2 Optimal              wall=100.3
[123/720] dts-v2-nodse     momentum1                    s2 Time limit reached   wall=300.2
[124/720] dev              neos-1456979                 s2 Optimal              wall=102.2
[125/720] dts-v4           momentum1                    s2 Time limit reached   wall=300.2
[126/720] dev              momentum1                    s2 Time limit reached   wall=300.2
[127/720] dev              milo-v12-6-r2-40-1           s2 Time limit reached   wall=300.1
[128/720] dts-v2-nodse     milo-v12-6-r2-40-1           s2 Time limit reached   wall=300.1
[129/720] dts-v4           milo-v12-6-r2-40-1           s2 Time limit reached   wall=300.1
[130/720] dts-v4           neos-1171448                 s2 Optimal              wall=37.0
[131/720] dev              neos-1171448                 s2 Optimal              wall=36.8
[132/720] dts-v2-nodse     neos-1171448                 s2 Optimal              wall=36.7
[133/720] dts-v2-nodse     neos-1445765                 s2 Optimal              wall=27.0
[134/720] dev              neos-1445765                 s2 Optimal              wall=29.7
[135/720] dts-v4           neos-1354092                 s2 Time limit reached   wall=300.3
[136/720] dts-v2-nodse     neos-1354092                 s2 Time limit reached   wall=301.8
[137/720] dev              neos-1354092                 s2 Time limit reached   wall=301.3
[138/720] dts-v4           neos-1445765                 s2 Optimal              wall=23.3
